
 Start         Length     Name                   Class
 0001:00000000 000AB044H .text                   CODE
 0002:00000000 00007C80H .data                   DATA
 0002:00007C80 000049B1H .bss                    BSS


Detailed map of segments

 0001:00000000 00005DD3 C=CODE     S=.text    G=(none)   M=System   ACBP=A9
 0001:00005DD4 00000140 C=CODE     S=.text    G=(none)   M=SysInit  ACBP=A9
 0001:00005F14 00000078 C=CODE     S=.text    G=(none)   M=Types    ACBP=A9
 0001:00005F8C 00000FE0 C=CODE     S=.text    G=(none)   M=Windows  ACBP=A9
 0001:00006F6C 00002053 C=CODE     S=.text    G=(none)   M=ELeaks   ACBP=A9
 0001:00008FC0 00000338 C=CODE     S=.text    G=(none)   M=SysConst ACBP=A9
 0001:000092F8 00007338 C=CODE     S=.text    G=(none)   M=SysUtils ACBP=A9
 0001:00010630 00000038 C=CODE     S=.text    G=(none)   M=Messages ACBP=A9
 0001:00010668 000007FB C=CODE     S=.text    G=(none)   M=VarUtils ACBP=A9
 0001:00010E64 00002A42 C=CODE     S=.text    G=(none)   M=Variants ACBP=A9
 0001:000138A8 00000160 C=CODE     S=.text    G=(none)   M=RTLConsts ACBP=A9
 0001:00013A08 00000B2C C=CODE     S=.text    G=(none)   M=TypInfo  ACBP=A9
 0001:00014534 00000038 C=CODE     S=.text    G=(none)   M=ActiveX  ACBP=A9
 0001:0001456C 0000A08E C=CODE     S=.text    G=(none)   M=Classes  ACBP=A9
 0001:0001E5FC 00000038 C=CODE     S=.text    G=(none)   M=ETypes   ACBP=A9
 0001:0001E634 00002944 C=CODE     S=.text    G=(none)   M=EConsts  ACBP=A9
 0001:00020F78 00004700 C=CODE     S=.text    G=(none)   M=ECore    ACBP=A9
 0001:00025678 00004870 C=CODE     S=.text    G=(none)   M=EDebug   ACBP=A9
 0001:00029EE8 00000048 C=CODE     S=.text    G=(none)   M=ShellAPI ACBP=A9
 0001:00029F30 00000544 C=CODE     S=.text    G=(none)   M=EWinSock ACBP=A9
 0001:0002A474 00001688 C=CODE     S=.text    G=(none)   M=EHook    ACBP=A9
 0001:0002BAFC 000000E8 C=CODE     S=.text    G=(none)   M=ELang    ACBP=A9
 0001:0002BBE4 00001758 C=CODE     S=.text    G=(none)   M=ESockets ACBP=A9
 0001:0002D33C 00007BFC C=CODE     S=.text    G=(none)   M=EZlib2   ACBP=A9
 0001:00034F38 00000B04 C=CODE     S=.text    G=(none)   M=EHash    ACBP=A9
 0001:00035A3C 00000360 C=CODE     S=.text    G=(none)   M=EEncrypt ACBP=A9
 0001:00035D9C 000003DC C=CODE     S=.text    G=(none)   M=EBase64  ACBP=A9
 0001:00036178 00000154 C=CODE     S=.text    G=(none)   M=EZip     ACBP=A9
 0001:000362CC 00007C64 C=CODE     S=.text    G=(none)   M=EWebTools ACBP=A9
 0001:0003DF30 000005A8 C=CODE     S=.text    G=(none)   M=EXMLBuilder ACBP=A9
 0001:0003E4D8 00004414 C=CODE     S=.text    G=(none)   M=ELogManager ACBP=A9
 0001:000428EC 000012F4 C=CODE     S=.text    G=(none)   M=EListView ACBP=A9
 0001:00043BE0 00007400 C=CODE     S=.text    G=(none)   M=EDisAsm  ACBP=A9
 0001:0004AFE0 00029700 C=CODE     S=.text    G=(none)   M=ExceptionLog ACBP=A9
 0001:000746E0 00000290 C=CODE     S=.text    G=(none)   M=Consts   ACBP=A9
 0001:00074970 000072D7 C=CODE     S=.text    G=(none)   M=Graphics ACBP=A9
 0001:0007BC48 00000048 C=CODE     S=.text    G=(none)   M=Math     ACBP=A9
 0001:0007BC90 000002B8 C=CODE     S=.text    G=(none)   M=Contnrs  ACBP=A9
 0001:0007BF48 000000FC C=CODE     S=.text    G=(none)   M=CommCtrl ACBP=A9
 0001:0007C044 00000787 C=CODE     S=.text    G=(none)   M=MultiMon ACBP=A9
 0001:0007C7CC 00000038 C=CODE     S=.text    G=(none)   M=Imm      ACBP=A9
 0001:0007C804 00000FF8 C=CODE     S=.text    G=(none)   M=HelpIntfs ACBP=A9
 0001:0007D7FC 00000038 C=CODE     S=.text    G=(none)   M=WinSpool ACBP=A9
 0001:0007D834 00000044 C=CODE     S=.text    G=(none)   M=Printers ACBP=A9
 0001:0007D878 0000031F C=CODE     S=.text    G=(none)   M=FlatSB   ACBP=A9
 0001:0007DB98 000001A4 C=CODE     S=.text    G=(none)   M=SyncObjs ACBP=A9
 0001:0007DD3C 000009BB C=CODE     S=.text    G=(none)   M=UxTheme  ACBP=A9
 0001:0007E6F8 00000038 C=CODE     S=.text    G=(none)   M=RichEdit ACBP=A9
 0001:0007E730 00000038 C=CODE     S=.text    G=(none)   M=ToolWin  ACBP=A9
 0001:0007E768 00000038 C=CODE     S=.text    G=(none)   M=RegStr   ACBP=A9
 0001:0007E7A0 00000038 C=CODE     S=.text    G=(none)   M=WinInet  ACBP=A9
 0001:0007E7D8 00000038 C=CODE     S=.text    G=(none)   M=UrlMon   ACBP=A9
 0001:0007E810 00000038 C=CODE     S=.text    G=(none)   M=ShlObj   ACBP=A9
 0001:0007E848 00000038 C=CODE     S=.text    G=(none)   M=CommDlg  ACBP=A9
 0001:0007E880 00000038 C=CODE     S=.text    G=(none)   M=Dlgs     ACBP=A9
 0001:0007E8B8 0000066D C=CODE     S=.text    G=(none)   M=Dialogs  ACBP=A9
 0001:0007EF28 00000652 C=CODE     S=.text    G=(none)   M=ExtCtrls ACBP=A9
 0001:0007F57C 00000038 C=CODE     S=.text    G=(none)   M=ComStrs  ACBP=A9
 0001:0007F5B4 00000094 C=CODE     S=.text    G=(none)   M=Clipbrd  ACBP=A9
 0001:0007F648 00000038 C=CODE     S=.text    G=(none)   M=StrUtils ACBP=A9
 0001:0007F680 000000F5 C=CODE     S=.text    G=(none)   M=Buttons  ACBP=A9
 0001:0007F778 00000038 C=CODE     S=.text    G=(none)   M=ExtDlgs  ACBP=A9
 0001:0007F7B0 00000068 C=CODE     S=.text    G=(none)   M=IniFiles ACBP=A9
 0001:0007F818 00000068 C=CODE     S=.text    G=(none)   M=Registry ACBP=A9
 0001:0007F880 0000006C C=CODE     S=.text    G=(none)   M=Mapi     ACBP=A9
 0001:0007F8EC 00000058 C=CODE     S=.text    G=(none)   M=ExtActns ACBP=A9
 0001:0007F944 00000038 C=CODE     S=.text    G=(none)   M=ListActns ACBP=A9
 0001:0007F97C 00000180 C=CODE     S=.text    G=(none)   M=ComCtrls ACBP=A9
 0001:0007FAFC 00000A0C C=CODE     S=.text    G=(none)   M=Themes   ACBP=A9
 0001:00080508 00000038 C=CODE     S=.text    G=(none)   M=StdCtrls ACBP=A9
 0001:00080540 00000168 C=CODE     S=.text    G=(none)   M=StdActns ACBP=A9
 0001:000806A8 00000D1F C=CODE     S=.text    G=(none)   M=WinHelpViewer ACBP=A9
 0001:000813C8 00010467 C=CODE     S=.text    G=(none)   M=Controls ACBP=A9
 0001:00091830 00001292 C=CODE     S=.text    G=(none)   M=ActnList ACBP=A9
 0001:00092AC4 00001748 C=CODE     S=.text    G=(none)   M=ImgList  ACBP=A9
 0001:0009420C 000066AD C=CODE     S=.text    G=(none)   M=Menus    ACBP=A9
 0001:0009A8BC 0000C558 C=CODE     S=.text    G=(none)   M=Forms    ACBP=A9
 0001:000A6E14 00000424 C=CODE     S=.text    G=(none)   M=SimpleTimer ACBP=A9
 0001:000A7238 00001BDC C=CODE     S=.text    G=(none)   M=CoolTrayIcon ACBP=A9
 0001:000A8E14 000000D0 C=CODE     S=.text    G=(none)   M=WinSock  ACBP=A9
 0001:000A8EE4 00001C28 C=CODE     S=.text    G=(none)   M=ScktComp ACBP=A9
 0001:000AAB0C 00000228 C=CODE     S=.text    G=(none)   M=MainForm_Unit ACBP=A9
 0001:000AAD34 0000030D C=CODE     S=.text    G=(none)   M=lan_speacker ACBP=A9
 0002:00000000 000000A4 C=DATA     S=.data    G=DGROUP   M=System   ACBP=A9
 0002:000000A4 00000020 C=DATA     S=.data    G=DGROUP   M=SysInit  ACBP=A9
 0002:000000C4 00000014 C=DATA     S=.data    G=DGROUP   M=ELeaks   ACBP=A9
 0002:000000D8 00000254 C=DATA     S=.data    G=DGROUP   M=SysUtils ACBP=A9
 0002:0000032C 00000008 C=DATA     S=.data    G=DGROUP   M=VarUtils ACBP=A9
 0002:00000334 0000008E C=DATA     S=.data    G=DGROUP   M=Variants ACBP=A9
 0002:000003C4 0000000C C=DATA     S=.data    G=DGROUP   M=TypInfo  ACBP=A9
 0002:000003D0 00000080 C=DATA     S=.data    G=DGROUP   M=Classes  ACBP=A9
 0002:00000450 00000908 C=DATA     S=.data    G=DGROUP   M=EConsts  ACBP=A9
 0002:00000D58 00000044 C=DATA     S=.data    G=DGROUP   M=ECore    ACBP=A9
 0002:00000D9C 0000004C C=DATA     S=.data    G=DGROUP   M=EDebug   ACBP=A9
 0002:00000DE8 00000001 C=DATA     S=.data    G=DGROUP   M=EWinSock ACBP=A9
 0002:00000DEC 000001A0 C=DATA     S=.data    G=DGROUP   M=EHook    ACBP=A9
 0002:00000F8C 00000001 C=DATA     S=.data    G=DGROUP   M=ESockets ACBP=A9
 0002:00000F90 00000E5C C=DATA     S=.data    G=DGROUP   M=EZlib2   ACBP=A9
 0002:00001DEC 00000212 C=DATA     S=.data    G=DGROUP   M=EHash    ACBP=A9
 0002:00002000 00000144 C=DATA     S=.data    G=DGROUP   M=EBase64  ACBP=A9
 0002:00002144 000034B0 C=DATA     S=.data    G=DGROUP   M=EWebTools ACBP=A9
 0002:000055F4 00000020 C=DATA     S=.data    G=DGROUP   M=EXMLBuilder ACBP=A9
 0002:00005614 00000024 C=DATA     S=.data    G=DGROUP   M=ELogManager ACBP=A9
 0002:00005638 000012D5 C=DATA     S=.data    G=DGROUP   M=EDisAsm  ACBP=A9
 0002:00006910 000005E0 C=DATA     S=.data    G=DGROUP   M=ExceptionLog ACBP=A9
 0002:00006EF0 00000304 C=DATA     S=.data    G=DGROUP   M=Graphics ACBP=A9
 0002:000071F4 00000004 C=DATA     S=.data    G=DGROUP   M=Printers ACBP=A9
 0002:000071F8 00000074 C=DATA     S=.data    G=DGROUP   M=Dialogs  ACBP=A9
 0002:0000726C 00000178 C=DATA     S=.data    G=DGROUP   M=ExtCtrls ACBP=A9
 0002:000073E4 0000002C C=DATA     S=.data    G=DGROUP   M=Buttons  ACBP=A9
 0002:00007410 00000008 C=DATA     S=.data    G=DGROUP   M=IniFiles ACBP=A9
 0002:00007418 00000008 C=DATA     S=.data    G=DGROUP   M=Registry ACBP=A9
 0002:00007420 00000008 C=DATA     S=.data    G=DGROUP   M=Mapi     ACBP=A9
 0002:00007428 00000018 C=DATA     S=.data    G=DGROUP   M=ComCtrls ACBP=A9
 0002:00007440 00000068 C=DATA     S=.data    G=DGROUP   M=Themes   ACBP=A9
 0002:000074A8 0000013C C=DATA     S=.data    G=DGROUP   M=Controls ACBP=A9
 0002:000075E4 00000020 C=DATA     S=.data    G=DGROUP   M=ImgList  ACBP=A9
 0002:00007604 000000EC C=DATA     S=.data    G=DGROUP   M=Menus    ACBP=A9
 0002:000076F0 0000011C C=DATA     S=.data    G=DGROUP   M=Forms    ACBP=A9
 0002:0000780C 00000004 C=DATA     S=.data    G=DGROUP   M=SimpleTimer ACBP=A9
 0002:00007810 00000004 C=DATA     S=.data    G=DGROUP   M=CoolTrayIcon ACBP=A9
 0002:00008000 00000664 C=BSS      S=.bss     G=DGROUP   M=System   ACBP=A9
 0002:00008664 00000010 C=BSS      S=.bss     G=DGROUP   M=SysInit  ACBP=A9
 0002:00008674 00000004 C=BSS      S=.bss     G=DGROUP   M=Types    ACBP=A9
 0002:00008678 00000004 C=BSS      S=.bss     G=DGROUP   M=Windows  ACBP=A9
 0002:0000867C 00000054 C=BSS      S=.bss     G=DGROUP   M=ELeaks   ACBP=A9
 0002:000086D0 00000004 C=BSS      S=.bss     G=DGROUP   M=SysConst ACBP=A9
 0002:000086D4 00000120 C=BSS      S=.bss     G=DGROUP   M=SysUtils ACBP=A9
 0002:000087F4 00000004 C=BSS      S=.bss     G=DGROUP   M=Messages ACBP=A9
 0002:000087F8 0000005C C=BSS      S=.bss     G=DGROUP   M=VarUtils ACBP=A9
 0002:00008854 00000040 C=BSS      S=.bss     G=DGROUP   M=Variants ACBP=A9
 0002:00008894 00000004 C=BSS      S=.bss     G=DGROUP   M=RTLConsts ACBP=A9
 0002:00008898 00000004 C=BSS      S=.bss     G=DGROUP   M=TypInfo  ACBP=A9
 0002:0000889C 00000004 C=BSS      S=.bss     G=DGROUP   M=ActiveX  ACBP=A9
 0002:000088A0 00000044 C=BSS      S=.bss     G=DGROUP   M=Classes  ACBP=A9
 0002:000088E4 00000004 C=BSS      S=.bss     G=DGROUP   M=ETypes   ACBP=A9
 0002:000088E8 00000004 C=BSS      S=.bss     G=DGROUP   M=EConsts  ACBP=A9
 0002:000088EC 00000009 C=BSS      S=.bss     G=DGROUP   M=ECore    ACBP=A9
 0002:000088F8 00000004 C=BSS      S=.bss     G=DGROUP   M=EDebug   ACBP=A9
 0002:000088FC 00000004 C=BSS      S=.bss     G=DGROUP   M=ShellAPI ACBP=A9
 0002:00008900 00000010 C=BSS      S=.bss     G=DGROUP   M=EWinSock ACBP=A9
 0002:00008910 00000010 C=BSS      S=.bss     G=DGROUP   M=EHook    ACBP=A9
 0002:00008920 00000004 C=BSS      S=.bss     G=DGROUP   M=ELang    ACBP=A9
 0002:00008924 00000004 C=BSS      S=.bss     G=DGROUP   M=ESockets ACBP=A9
 0002:00008928 00002894 C=BSS      S=.bss     G=DGROUP   M=EZlib2   ACBP=A9
 0002:0000B1BC 00000404 C=BSS      S=.bss     G=DGROUP   M=EHash    ACBP=A9
 0002:0000B5C0 0000001C C=BSS      S=.bss     G=DGROUP   M=EEncrypt ACBP=A9
 0002:0000B5DC 00000004 C=BSS      S=.bss     G=DGROUP   M=EBase64  ACBP=A9
 0002:0000B5E0 00000004 C=BSS      S=.bss     G=DGROUP   M=EZip     ACBP=A9
 0002:0000B5E4 00000048 C=BSS      S=.bss     G=DGROUP   M=EWebTools ACBP=A9
 0002:0000B62C 00000004 C=BSS      S=.bss     G=DGROUP   M=EXMLBuilder ACBP=A9
 0002:0000B630 00000004 C=BSS      S=.bss     G=DGROUP   M=ELogManager ACBP=A9
 0002:0000B634 00000004 C=BSS      S=.bss     G=DGROUP   M=EListView ACBP=A9
 0002:0000B638 00000004 C=BSS      S=.bss     G=DGROUP   M=EDisAsm  ACBP=A9
 0002:0000B63C 00000E84 C=BSS      S=.bss     G=DGROUP   M=ExceptionLog ACBP=A9
 0002:0000C4C0 00000004 C=BSS      S=.bss     G=DGROUP   M=Consts   ACBP=A9
 0002:0000C4C4 00000060 C=BSS      S=.bss     G=DGROUP   M=Graphics ACBP=A9
 0002:0000C524 00000004 C=BSS      S=.bss     G=DGROUP   M=Math     ACBP=A9
 0002:0000C528 00000004 C=BSS      S=.bss     G=DGROUP   M=Contnrs  ACBP=A9
 0002:0000C52C 00000004 C=BSS      S=.bss     G=DGROUP   M=CommCtrl ACBP=A9
 0002:0000C530 00000031 C=BSS      S=.bss     G=DGROUP   M=MultiMon ACBP=A9
 0002:0000C564 00000004 C=BSS      S=.bss     G=DGROUP   M=Imm      ACBP=A9
 0002:0000C568 00000008 C=BSS      S=.bss     G=DGROUP   M=HelpIntfs ACBP=A9
 0002:0000C570 00000004 C=BSS      S=.bss     G=DGROUP   M=WinSpool ACBP=A9
 0002:0000C574 00000004 C=BSS      S=.bss     G=DGROUP   M=Printers ACBP=A9
 0002:0000C578 00000034 C=BSS      S=.bss     G=DGROUP   M=FlatSB   ACBP=A9
 0002:0000C5AC 00000004 C=BSS      S=.bss     G=DGROUP   M=SyncObjs ACBP=A9
 0002:0000C5B0 000000CC C=BSS      S=.bss     G=DGROUP   M=UxTheme  ACBP=A9
 0002:0000C67C 00000004 C=BSS      S=.bss     G=DGROUP   M=RichEdit ACBP=A9
 0002:0000C680 00000004 C=BSS      S=.bss     G=DGROUP   M=ToolWin  ACBP=A9
 0002:0000C684 00000004 C=BSS      S=.bss     G=DGROUP   M=RegStr   ACBP=A9
 0002:0000C688 00000004 C=BSS      S=.bss     G=DGROUP   M=WinInet  ACBP=A9
 0002:0000C68C 00000004 C=BSS      S=.bss     G=DGROUP   M=UrlMon   ACBP=A9
 0002:0000C690 00000004 C=BSS      S=.bss     G=DGROUP   M=ShlObj   ACBP=A9
 0002:0000C694 00000004 C=BSS      S=.bss     G=DGROUP   M=CommDlg  ACBP=A9
 0002:0000C698 00000004 C=BSS      S=.bss     G=DGROUP   M=Dlgs     ACBP=A9
 0002:0000C69C 0000000C C=BSS      S=.bss     G=DGROUP   M=Dialogs  ACBP=A9
 0002:0000C6A8 00000004 C=BSS      S=.bss     G=DGROUP   M=ExtCtrls ACBP=A9
 0002:0000C6AC 00000004 C=BSS      S=.bss     G=DGROUP   M=ComStrs  ACBP=A9
 0002:0000C6B0 0000000C C=BSS      S=.bss     G=DGROUP   M=Clipbrd  ACBP=A9
 0002:0000C6BC 00000004 C=BSS      S=.bss     G=DGROUP   M=StrUtils ACBP=A9
 0002:0000C6C0 00000030 C=BSS      S=.bss     G=DGROUP   M=Buttons  ACBP=A9
 0002:0000C6F0 00000004 C=BSS      S=.bss     G=DGROUP   M=ExtDlgs  ACBP=A9
 0002:0000C6F4 00000004 C=BSS      S=.bss     G=DGROUP   M=IniFiles ACBP=A9
 0002:0000C6F8 00000004 C=BSS      S=.bss     G=DGROUP   M=Registry ACBP=A9
 0002:0000C6FC 00000004 C=BSS      S=.bss     G=DGROUP   M=Mapi     ACBP=A9
 0002:0000C700 00000009 C=BSS      S=.bss     G=DGROUP   M=ExtActns ACBP=A9
 0002:0000C70C 00000004 C=BSS      S=.bss     G=DGROUP   M=ListActns ACBP=A9
 0002:0000C710 00000010 C=BSS      S=.bss     G=DGROUP   M=ComCtrls ACBP=A9
 0002:0000C720 00000008 C=BSS      S=.bss     G=DGROUP   M=Themes   ACBP=A9
 0002:0000C728 00000004 C=BSS      S=.bss     G=DGROUP   M=StdCtrls ACBP=A9
 0002:0000C72C 00000004 C=BSS      S=.bss     G=DGROUP   M=StdActns ACBP=A9
 0002:0000C730 00000014 C=BSS      S=.bss     G=DGROUP   M=WinHelpViewer ACBP=A9
 0002:0000C744 00000080 C=BSS      S=.bss     G=DGROUP   M=Controls ACBP=A9
 0002:0000C7C4 00000004 C=BSS      S=.bss     G=DGROUP   M=ActnList ACBP=A9
 0002:0000C7C8 0000000C C=BSS      S=.bss     G=DGROUP   M=ImgList  ACBP=A9
 0002:0000C7D4 00000010 C=BSS      S=.bss     G=DGROUP   M=Menus    ACBP=A9
 0002:0000C7E4 00000020 C=BSS      S=.bss     G=DGROUP   M=Forms    ACBP=A9
 0002:0000C804 00000004 C=BSS      S=.bss     G=DGROUP   M=SimpleTimer ACBP=A9
 0002:0000C808 00000008 C=BSS      S=.bss     G=DGROUP   M=CoolTrayIcon ACBP=A9
 0002:0000C810 00000004 C=BSS      S=.bss     G=DGROUP   M=WinSock  ACBP=A9
 0002:0000C814 00000194 C=BSS      S=.bss     G=DGROUP   M=ScktComp ACBP=A9
 0002:0000C9A8 00000008 C=BSS      S=.bss     G=DGROUP   M=MainForm_Unit ACBP=A9


  Address         Publics by Name

 0002:00001094       ..
 0002:0000A930       ..
 0002:00001040       ..
 0001:000330BC       ..
 0002:00001254       ..
 0001:0002F654       ..
 0001:0002F58C       ..
 0002:00000FB8       ..
 0001:0002DC6C       ..
 0002:00001380       ..
 0002:00001014       ..
 0002:00001028       ..
 0002:000010E4       ..
 0002:00008930       ..
 0001:0002F180       ..
 0002:00001020       ..
 0002:000088F8       .03
 0002:00008674       .1
 0002:0000C598       .1
 0002:0000C684       .1
 0002:00008910       .1
 0002:0000C698       .1
 0002:000088E4       .1
 0002:0000C688       .1
 0002:0000C6FC       .1
 0002:0000C68C       .1
 0002:0000866C       .1
 0002:00008920       .1
 0002:0000C690       .1
 0002:0000C6BC       .1
 0002:0000C694       .1
 0002:0000C810       .1
 0002:00008894       .1
 0002:0000C67C       .1
 0002:000088FC       .1
 0002:000086D0       .1
 0002:00008694       .1
 0002:0000C66C       .1
 0002:0000B5DC       .1
 0002:0000C6AC       .1
 0002:0000B5C0       .1
 0002:0000C4C0       .1
 0002:0000B1BC       .1
 0002:0000C738       .1
 0002:000087F4       .1
 0002:0000C52C       .1
 0002:0000C550       .1
 0002:0000C564       .1
 0002:0000C69C       .11
 0002:0000C4C8       .12
 0002:0000C6A8       .12
 0002:0000C9AC       .2
 0002:00008928       .2
 0002:0000C568       .2
 0002:0000C6B4       .2
 0002:0000C804       .2
 0002:0000B634       .2
 0002:0000C808       .2
 0002:0000B638       .2
 0002:0000C720       .2
 0002:0000C524       .2
 0002:0000C528       .21
 0002:0000B660       .21
 0002:0000B630       .3
 0002:00008678       .3
 0002:0000889C       .3
 0002:00008924       .3
 0002:0000C6F0       .3
 0002:0000C7C8       .3
 0002:0000C570       .3
 0002:0000B62C       .3
 0002:0000B5E0       .3
 0002:0000C574       .3
 0002:000087E4       .35
 0002:0000C710       .36
 0002:0000C680       .4
 0002:00008900       .4
 0002:000088F0       .4
 0002:0000C6C0       .4
 0002:0000C814       .41
 0002:0000C7EC       .41
 0002:0000C728       .42
 0002:000088AC       .45
 0002:000088E8       .5
 0002:000085BC       .5
 0002:00008850       .5
 0002:0000C6F8       .5
 0002:00008898       .6
 0002:0000C5AC       .6
 0002:0000B5E4       .7
 0002:0000C700       .72
 0002:0000C74C       .72
 0002:0000C72C       .73
 0002:0000C6F4       .8
 0002:0000C7C4       .8
 0002:0000C70C       .8
 0002:00008874       .81
 0002:0000C7DC       .9
 0001:00002078       @AbstractError
 0001:000047E0       @AddRefArray
 0001:00004798       @AddRefRecord
 0001:00003038       @AfterConstruction
 0001:00002E7C       @AsClass
 0001:00003AF8       @Assert
 0001:000024E4       @AStrCmp
 0001:00003048       @BeforeDestruction
 0001:00002EC8       @CallDynaInst
 0001:00005810       @CheckAutoResult
 0001:00002FE0       @ClassCreate
 0001:00003030       @ClassDestroy
 0001:000023B0       @Close
 0001:00001C94       @Copy
 0001:000049D4       @CopyArray
 0001:000048B8       @CopyRecord
 0001:00030000       @deflateInit2_
 0001:00004AEC       @DispCallByIDError
 0001:00011904       @DispInvokeError
 0001:00004ADC       @Dispose
 0001:00003588       @DoneExcept
 0001:00005004       @DynArrayAddRef
 0001:00004FDC       @DynArrayAsg
 0001:00004FA0       @DynArrayClear
 0001:00004DC0       @DynArrayHigh
 0001:00004DB8       @DynArrayLength
 0001:00004F94       @DynArraySetLength
 0001:00003670       @ExceptionHandler
 0001:00002554       @FillChar
 0001:0002F24C       @fill_fopen_filefunc
 0001:0000478C       @Finalize
 0001:000046A0       @FinalizeArray
 0001:00004654       @FinalizeRecord
 0001:000023A4       @Flush
 0001:00002BF8       @FpuInit
 0001:00002B34       @FpuMaskInit
 0001:00001AB8       @FreeMem
 0001:00001A88       @GetMem
 0001:00005E4C       @GetTls
 0001:0002F784       @get_crc_table
 0001:00003AE0       @Halt
 0001:00003A00       @Halt0
 0001:0000315C       @HandleAnyException
 0001:00003448       @HandleAutoException
 0001:00003410       @HandleFinally
 0001:00003288       @HandleOnException
 0001:000316F4       @inflateInit2_
 0001:0003113C       @inflate_fast
 0001:00032C4C       @inflate_table
 0001:00005E98       @InitExe
 0001:00004648       @Initialize
 0001:000045B4       @InitializeArray
 0001:00004584       @InitializeRecord
 0001:000038C4       @InitImports
 0001:0000389C       @InitResStringImports
 0001:00003878       @InitResStrings
 0001:00001D50       @Insert
 0001:00005774       @IntfAddRef
 0001:00005744       @IntfCast
 0001:00005700       @IntfClear
 0001:00005718       @IntfCopy
 0001:00002E58       @IsClass
 0001:00002B04       @isNECWindows
 0001:00001CD8       @LGetDir
 0001:00004068       @LStrAddRef
 0001:00003BC0       @LStrArrayClr
 0001:00003BF0       @LStrAsg
 0001:00003E80       @LStrCat
 0001:00003EC4       @LStrCat3
 0001:00003F38       @LStrCatN
 0001:00003B9C       @LStrClr
 0001:00003FC4       @LStrCmp
 0001:000040D8       @LStrCopy
 0001:00004118       @LStrDelete
 0001:00003E0C       @LStrFromArray
 0001:00003D84       @LStrFromChar
 0001:00003D94       @LStrFromPChar
 0001:00003C8C       @LStrFromPCharLen
 0001:00003DC4       @LStrFromPWChar
 0001:00003CF8       @LStrFromPWCharLen
 0001:00003E00       @LStrFromString
 0001:00003E24       @LStrFromWArray
 0001:00003E40       @LStrFromWStr
 0001:00004160       @LStrInsert
 0001:00003C34       @LStrLAsg
 0001:00003E78       @LStrLen
 0001:000041BC       @LStrPos
 0001:00004204       @LStrSetLength
 0001:00004078       @LStrToPChar
 0001:00003E54       @LStrToString
 0001:00004AC8       @New
 0001:00003C60       @NewAnsiString
 0001:000042AC       @NewWideString
 0001:00001FE0       @Pos
 0001:00002818       @Pow10
 0001:00002460       @PStrCmp
 0001:00002438       @PStrCpy
 0001:00002408       @PStrNCat
 0001:00002444       @PStrNCpy
 0001:00003534       @RaiseAgain
 0001:0000350C       @RaiseExcept
 0001:00002574       @RandInt
 0001:00001AD8       @ReallocMem
 0001:000020EC       @RewritText
 0001:00002048       @ROUND
 0001:00003AEC       @RunError
 0001:000027FC       @SetEq
 0001:00002020       @SetLength
 0001:00003838       @StartExe
 0001:000002F4       @strlen
 0001:00002054       @TRUNC
 0001:000035B8       @TryFinallyExit
 0001:000040D0       @UniqueStringA
 0001:00004B94       @ValInt64
 0001:00002590       @ValLong
 0001:000047C8       @VarAddRef
 0001:00012FFC       @VarAddRef
 0001:00011BF0       @VarClear
 0001:00011C04       @VarClr
 0001:00004688       @VarClr
 0001:00011F2C       @VarCopy
 0001:000048A0       @VarCopy
 0001:00012F34       @VarFromBool
 0001:00012F84       @VarFromCurr
 0001:00012ECC       @VarFromInt
 0001:00012F08       @VarFromInt64
 0001:00012F98       @VarFromLStr
 0001:00012F5C       @VarFromReal
 0001:00012F70       @VarFromTDateTime
 0001:00012FC4       @VarFromWStr
 0001:00011958       @VarNull
 0001:00012258       @VarToLStr
 0001:00012978       @VarToWStr
 0001:00004268       @Write0LString
 0001:000026A8       @WriteBytes
 0001:00002778       @WriteLn
 0001:00004284       @WriteLString
 0001:000026FC       @WriteSpaces
 0001:00004564       @WStrAddRef
 0001:000042EC       @WStrArrayClr
 0001:00004310       @WStrAsg
 0001:000042D4       @WStrClr
 0001:0000444C       @WStrCmp
 0001:000044D0       @WStrCopy
 0001:00004420       @WStrFromLStr
 0001:00004334       @WStrFromPCharLen
 0001:000043E4       @WStrFromPWChar
 0001:000043C0       @WStrFromPWCharLen
 0001:00004440       @WStrLen
 0001:0000451C       @WStrSetLength
 0001:00004430       @WStrToPWChar
 0001:000027D8       @_CLenToPasStr
 0001:000027CC       @_CToPasStr
 0001:00001C64       @_IOTest
 0001:00004B18       @_llmod
 0001:00004AF4       @_llmul
 0001:000342BC       @_tr_align
 0001:00034588       @_tr_flush_block
 0001:000330C0       @_tr_init
 0001:00034200       @_tr_stored_block
 0001:0000E518       Abort
 0002:0000B791       AbortOperation
 0001:00083BEC       AbsMin
 0001:0000E89C       AbstractErrorHandler
 0002:0000802C       AbstractErrorProc
 0002:0000015C       AccessMode
 0001:00066560       AccessViolationModuleInLongFormat
 0001:00001BAC       AcquireExceptionObject
 0001:0005D0A0       ActicatePage
 0001:000168D8       ActivateClassGroup
 0002:0000B7D8       ActivateEurekaLog
 0001:000066E0       ActivateKeyboardLayout
 0002:0000C780       ActiveDrag
 0001:00014564       ActiveX
 0001:00092A98       ActnList
 0001:00037C58       AddAuthenticationToURL
 0001:0000045C       AddBlockAfter
 0001:0006CDA8       AddCallerCallStack
 0001:00060FE4       AddColor
 0001:00058B28       AddCustomHeadersToLog
 0001:000589CC       AddCustomHeaderToLog
 0002:000003D0       AddDataModule
 0001:0002CA14       AddDNS
 0001:00009FCC       AddExitProc
 0001:00019D14       AddFinished
 0001:00095E40       AddIn
 0002:00008690       AddLeak
 0001:00057668       AddModule
 0001:00057564       AddModuleFromFileName
 0001:00005558       AddModuleUnloadProc
 0001:00005568       AddModuleUnloadProc
 0001:000511F0       AddNewProcess
 0001:000515C0       AddNewProcessEx
 0001:00019D4C       AddNotFinished
 0001:0002AA78       AddrSize
 0001:00065828       AddStr
 0001:0001A770       AddSubComponentsToLoaded
 0001:0001CB84       AddThread
 0001:000A6FA4       AddTimer
 0001:00057708       AddToStack
 0001:000A7E90       AddTrayIcon
 0001:0003FD2C       AddValueField
 0001:0002DA80       AddZipFile
 0001:00077FD0       AdjustColor
 0001:0005CFF0       AdjustDialog
 0001:0005A46C       AdjustFlatStyle
 0001:0009CEBC       Adjustment
 0001:000066E8       AdjustWindowRectEx
 0001:0002F284       adler32
 0001:00053064       Advance
 0001:00061BD8       AfterScreenshot
 0001:000618EC       AfterScreenshotToStream
 0002:000076C8       Alignments
 0002:000076D8       Alignments
 0001:00089190       AlignWork
 0001:000A3E00       AlignWork
 0002:000086AC       AllocatedList_End
 0002:000086A4       AllocatedList_Lock
 0002:000086A8       AllocatedList_Start
 0001:0001E3DC       AllocateHWnd
 0001:00009F70       AllocMem
 0002:000085B4       AllocMemCount
 0002:000085B8       AllocMemSize
 0001:0007BA40       AllocPatternBitmap
 0001:00005DF4       AllocTlsBuffer
 0002:000055D4       AlphaNumerics
 0002:000074B4       AnchorAlign
 0002:000074A8       AnimateWindowProc
 0002:000075B0       AnimationStyle
 0001:0000F1F8       AnsiCompareFileName
 0001:0000A1A0       AnsiCompareStr
 0001:0000A1D8       AnsiCompareText
 0001:0000A984       AnsiLastChar
 0001:000066F0       AnsiLower
 0001:0000A16C       AnsiLowerCase
 0001:0000F278       AnsiLowerCaseFileName
 0001:0000F1BC       AnsiPos
 0001:0009A6C8       AnsiSameCaption
 0001:0000A210       AnsiSameText
 0001:0000A228       AnsiStrLIComp
 0001:0000F304       AnsiStrPos
 0001:0000F3C4       AnsiStrRScan
 0001:0000F40C       AnsiStrScan
 0001:00005B90       AnsiToUtf8
 0001:0000C7EC       AppendChars
 0001:0000CBB8       AppendFormat
 0001:0000C850       AppendNumber
 0001:0000C830       AppendString
 0002:0000C7E4       Application
 0002:000003E0       ApplicationHandleException
 0001:00057EF8       ApplicationRestore
 0002:000003E8       ApplicationShowException
 0002:00007804       AppVisible
 0001:00007AB4       AreTheSameLeak
 0001:00056434       ASMAssigned
 0002:00000E8C       AsmConst
 0001:00066330       ASPDotNetWebSiteFile
 0001:0005BA08       AssemblerDialogProc
 0001:0004CB08       AssemblerToRTF
 0001:0000E880       AssertErrorHandler
 0002:00008024       AssertErrorProc
 0001:00013DFC       AssignLongStr
 0001:0005F4D0       AssignOnCloseData
 0001:000593E8       AssignPriority
 0001:00029D80       AssignValidDebugInfo
 0001:00014360       AssignVariant
 0001:00062A8C       AttachedFile
 0001:00062D24       AttachedFiles
 0002:0000B654       AttachedFilesRequest
 0001:000689F4       AttrToString
 0002:0000B7DC       AutoCloseTimer
 0001:000588A0       AutoCloseTimerProc
 0002:0000860C       avail
 0001:0000AE88       BackfillGetDiskFreeSpaceEx
 0001:00086744       BackgroundClipped
 0001:000108F8       BackupVarBoolFromStr
 0001:00010A58       BackupVarBStrFromBool
 0001:00010978       BackupVarBStrFromCy
 0001:000109E8       BackupVarBStrFromDate
 0001:0001088C       BackupVarCyFromStr
 0001:00010820       BackupVarDateFromStr
 0001:000106DC       BackupVarI4FromStr
 0001:00010688       BackupVariantChangeTypeEx
 0001:00010748       BackupVarR4FromStr
 0001:000107B4       BackupVarR8FromStr
 0001:00035F58       Base64Decode
 0001:00036094       Base64DecodeStr
 0001:00036100       Base64DecodeString
 0001:00035E08       Base64Encode
 0001:00062630       Base64EncodeFromFile
 0001:00036040       Base64EncodeStr
 0001:000360F8       Base64EncodeString
 0001:00036108       Base64EncodeToString
 0002:00002040       Base64Filler
 0001:0000EE7C       Beep
 0001:00016C30       BeginGlobalLoading
 0001:000066F8       BeginPaint
 0001:00003B50       BeginThread
 0001:00077FDC       BetterSize
 0001:00096CD4       BiDiDraw
 0001:000A8E14       bind
 0001:00023808       BinToStr
 0001:000064E0       BitBlt
 0002:000073E4       BitBtnCaptions
 0002:0000C6C4       BitBtnGlyphs
 0002:000071A8       BitmapCanvasList
 0002:0000C4E0       BitmapImageLock
 0001:000106C4       BiUnimplemented
 0002:00000424       BlockCode
 0002:000085E4       blockDescBlockList
 0002:000085E8       blockDescFreeList
 0001:000653B8       BlockingSendInternetMessage
 0002:000000C8       BlockOverFoot
 0002:000000C4       BlockOverHead
 0002:000003C4       BooleanIdents
 0002:00000340       BooleanToStringRule
 0001:0000A690       BoolToStr
 0001:00011FE0       BoolToWStrViaOS
 0001:00015BF0       Bounds
 0001:00005F38       Bounds
 0002:00007670       Breaks
 0002:0000C518       BrushManager
 0001:000994A8       BuildImage
 0001:00051858       BuildListPS
 0001:0005171C       BuildListTH
 0002:00007240       ButtonCaptions
 0002:00007214       ButtonNames
 0002:000076EC       Buttons
 0001:0007F750       Buttons
 0002:000068F8       ByteRegs1
 0002:000068FC       ByteRegs2
 0001:00061160       BytesPerScanline
 0001:000777A8       BytesPerScanline
 0001:00060B94       BytesSwap
 0001:00077B0C       ByteSwapColors
 0001:0000EF60       ByteToCharIndex
 0001:0000EF38       ByteToCharLen
 0001:0000EEFC       ByteType
 0001:0000EE84       ByteTypeTest
 0002:0000C7CC       CachedComCtrlVer
 0002:0000B9D4       Cached_LogFile
 0001:00070C9C       CalcAddr
 0001:00060BC4       CalcCRC
 0001:00035DC8       CalcDecodedSize
 0001:000545FC       CalcDuplicatedException
 0001:00035D9C       CalcEncodedSize
 0001:0001E318       CalcJmpOffset
 0001:00090B20       CalcSplitterPos
 0001:0002AE00       CalculateRelocatedAsmSize
 0001:00055614       CallAttachedFilesRequest
 0001:00055684       CallAttachedFilesRequestEvents
 0001:000557B8       CallCustomButtonClickEvent
 0001:00055824       CallCustomButtonClickEvents
 0001:00055544       CallCustomDataRequest
 0001:000555B4       CallCustomDataRequestEvents
 0001:000556E8       CallCustomWebFieldsRequest
 0001:00055758       CallCustomWebFieldsRequestEvents
 0001:00007034       CallerOfReallocMem
 0001:00055248       CallExceptionActionNotify
 0001:00069314       CallExceptionActionNotify_atSavedLogFile
 0001:000692F0       CallExceptionActionNotify_atSavingLogFile
 0001:000641AC       CallExceptionActionNotify_atSendingEmail
 0001:000641F4       CallExceptionActionNotify_atSendingWebMessage
 0001:000641D0       CallExceptionActionNotify_atSentEmail
 0001:00064218       CallExceptionActionNotify_atSentWebMessage
 0001:00069690       CallExceptionActionNotify_atShowedExceptionInfo
 0001:0006966C       CallExceptionActionNotify_atShowingExceptionInfo
 0001:000604B4       CallExceptionActionNotify_atTerminating
 0001:000553BC       CallExceptionErrorNotify
 0001:00069338       CallExceptionErrorNotify_atSavedLogFile
 0001:0006423C       CallExceptionErrorNotify_atSentEmail
 0001:00064260       CallExceptionErrorNotify_atSentWebMessage
 0001:00055050       CallExceptionNotify
 0001:000550BC       CallExceptionNotifyEvents
 0002:00006918       CallForGetLogText
 0002:00006914       CallFromCOMObject
 0001:00055120       CallHandledExceptionNotify
 0001:0005518C       CallHandledExceptionNotifyEvents
 0001:000555C0       CallModuleEvent_AttachedFilesRequest
 0001:00055764       CallModuleEvent_CustomButtonClickNotify
 0001:000554F0       CallModuleEvent_CustomDataRequest
 0001:00055690       CallModuleEvent_CustomWebFieldsRequest
 0001:00055198       CallModuleEvent_ExceptionActionNotify
 0001:00055310       CallModuleEvent_ExceptionErrorNotify
 0001:00055000       CallModuleEvent_ExceptionNotify
 0001:000550C8       CallModuleEvent_HandledExceptionNotify
 0001:00055830       CallModuleEvent_PasswordRequest
 0001:00006700       CallNextHookEx
 0001:00055484       CallPasswordRequest
 0001:00057B24       CallStackByAddresses
 0001:0005BF20       CallStackDialogProc
 0001:0000FAE4       CallTerminateProcs
 0001:00006708       CallWindowProc
 0001:000696B4       CallWriteIntraWebText
 0001:0006F720       Call_HookedExceptionObject
 0001:0006F47C       Call_HookedRaise
 0001:0006F74C       Call_HookedRtlUnwind
 0001:0006071C       CalsCoordinates
 0002:0000B792       CanAttachScreenshot
 0002:0000B78D       CanAttachScreenshot_Show
 0001:00084C24       CancelDrag
 0002:0000B793       CanCopy
 0002:0000B78E       CanCopy_Show
 0001:00056200       CanExit
 0002:0000B755       CanHookLibraries
 0002:00006E3C       CannotProcessMessagesExceptions
 0002:00006E88       CannotShowDialog
 0002:0000B958       CannotUseThread
 0001:0006CE1C       CanPauseThisThread
 0002:0000B78C       CanSendError_Show
 0002:0000B790       CanSendMessage
 0001:00070B34       CanShowHandledExceptionEx
 0002:0000B78F       CanSupport_Show
 0002:0000C794       CanvasList
 0002:0000C51C       CanvasList
 0002:0000BA04       CaptionFontName
 0002:00007200       Captions
 0002:0000BC40       CAPTION_HEIGHT
 0002:0000756C       CaptureControl
 0002:00002000       cBase64Codec
 0002:00002044       cBase64Codec
 0002:00007610       cBooleanToItemAutoFlag
 0001:00059EAC       CenterOnActiveWndMonitor
 0001:00058824       CenterWindow
 0002:0000C6B2       CF_COMPONENT
 0002:0000C6B0       CF_PICTURE
 0002:0000B710       CGIHandleException
 0002:0000B6BC       CGIOutputFile
 0002:0000886C       ChangeAnyProc
 0001:0000AA0C       ChangeFileExt
 0001:00072F00       ChangeFinalizationOrder
 0001:0005F444       ChangeLogUserEmail
 0001:00003CBC       CharFromWChar
 0001:0000F144       CharLength
 0001:00006710       CharLowerBuff
 0001:00000254       CharNext
 0001:00006718       CharNext
 0002:00005618       chars
 0001:0007612C       CharsetToIdent
 0001:0000F04C       CharToByteIndex
 0001:0000F0B0       CharToByteLen
 0001:00006720       CharToOemA
 0001:00078598       CheckBool
 0001:00073880       CheckCrc32
 0001:000228BC       CheckDirectoryExists
 0001:000A9BE8       CheckError
 0001:00037BC4       CheckError
 0001:0002B4C4       CheckFail
 0001:00072BC0       CheckForMemoryLeaks
 0001:00052F0C       CheckForResult
 0001:00022694       CheckIntoIDE
 0001:000030D8       CheckJmp
 0001:0002D418       CheckLibrary
 0001:0004BB50       CheckMagicCode
 0001:00006728       CheckMenuItem
 0001:000077B0       CheckOurPointer
 0002:00007660       Checks
 0001:000A9628       CheckSocketResult
 0001:0001A7AC       CheckSubComponents
 0001:0001CB9C       CheckSynchronize
 0001:0009C8F8       CheckTaskWindow
 0001:000848D8       CheckUndock
 0001:0000ED70       CheckWin32Version
 0002:00000344       CInvalidCustomVariantType
 0002:00007614       cItemAutoFlagToBoolean
 0002:0000760C       cItemAutoFlagToMenu
 0001:0001E568       Classes
 0001:0001669C       ClassNotFound
 0001:000A978C       Cleanup
 0002:00008868       ClearAnyProc
 0001:000759AC       ClearColor
 0001:0004FA6C       ClearInternalError
 0001:00013338       ClearVariantTypeList
 0002:0000BBA9       ClickLinkActive
 0001:000431F8       ClickOnSign
 0001:00006730       ClientToScreen
 0001:0008E108       ClientToWindow
 0002:000071A0       ClipboardFormats
 0001:0007F5F0       Clipbrd
 0001:0004DF40       CloneObject
 0001:00006738       CloseClipboard
 0001:000060B0       CloseHandle
 0001:000001F4       CloseHandle
 0001:000545E0       CloseLogFile
 0001:000629B0       CloseSendDialog
 0001:000A8E1C       closesocket
 0001:0002A1C8       closesocket
 0002:0000C5B4       CloseThemeData
 0001:0002DC44       CloseZipFile
 0002:0000B718       CLXHandleException
 0002:0000B71C       CLXShowException
 0002:00008040       CmdLine
 0002:0000803C       CmdShow
 0002:00007608       cMenuAutoFlagToItem
 0001:000106D0       CmpUnimplemented
 0002:00006EB0       ColIdx
 0002:00006F20       Colors
 0001:00075F24       ColorToIdent
 0002:0000726C       ColorToPretyName
 0001:00075F14       ColorToRGB
 0002:0000BBDC       ColWidths
 0001:000064E8       CombineRgn
 0002:0000C71C       ComCtlVersion
 0001:0007FAF4       ComCtrls
 0002:0000C7E0       CommandPool
 0001:0007C03C       CommCtrl
 0001:0007E878       CommDlg
 0001:000007DC       Commit
 0002:00008628       committedRoot
 0001:00061830       CommonSaveToStream
 0001:00056714       CompareEurekaFunctions
 0001:00095424       CompareFront
 0001:0000A0D4       CompareMem
 0001:00050CB8       CompareModulesFunctions
 0001:00051044       CompareProcessesFunctions
 0001:0000A0A4       CompareStr
 0001:000060B8       CompareString
 0001:0000A0F4       CompareText
 0001:0000A5B8       CompareWith
 0001:00067794       CompleteIP
 0001:00039A44       CompleteNumber
 0001:0004C0F0       CompleteStr
 0001:0003EF48       CompleteStr
 0001:00068A50       CompleteString
 0001:00021214       CompleteVersion
 0001:0001A88C       ComponentCreated
 0001:00035040       Compress
 0001:0002F640       compressBound
 0001:0004D9EC       ComputerName
 0001:000252AC       ComputerName
 0001:0007F5AC       ComStrs
 0001:000A8E24       connect
 0001:0002A1F4       connect
 0001:00074968       Consts
 0001:0007BF40       Contnrs
 0002:0000C752       ControlAtom
 0002:0000C758       ControlAtomString
 0001:000A16A4       ControlHasHelp
 0001:000917A0       Controls
 0001:0000E2A8       ConvertAddr
 0001:0000731C       ConvertAddress
 0001:00021F44       ConvertAddress
 0001:0000C944       ConvertEraString
 0001:00009F34       ConvertError
 0001:00009F4C       ConvertErrorFmt
 0001:0003E61C       ConvertNotDosText
 0001:00036608       ConvertSpecialHTMLChars
 0001:0000CAB0       ConvertYearString
 0001:000A8DDC       CoolTrayIcon
 0001:00004DC8       CopyArray
 0001:00079070       CopyBitmap
 0001:00079738       CopyBitmapAsMask
 0001:00006CB0       CopyMemory
 0001:000796D4       CopyPalette
 0001:00006740       CopyRect
 0002:00007444       Copyright
 0001:00055B48       CopyStrings
 0001:00098554       CopyToBest
 0001:000081F4       CountAllLeaks
 0001:0000EFBC       CountChars
 0002:0000C4F8       CounterLock
 0001:0005CDC4       CPUDialogProc
 0001:0004CEA4       CPUToRTF
 0002:00000348       CRangeToType
 0002:00001DEC       Crc16Tab
 0001:0002F798       crc32
 0002:0000B1C0       crc_table
 0002:00001FEC       crc_table_computed
 0001:00061374       Create8bitBitmap
 0001:0000E7C4       CreateAssertException
 0001:0000E94C       CreateAVObject
 0001:000064F0       CreateBitmap
 0001:000064F8       CreateBrushIndirect
 0001:00006500       CreateCompatibleBitmap
 0001:00006508       CreateCompatibleDC
 0001:0001A90C       CreateComponent
 0001:00006E24       CreateDialogA
 0001:000584B8       CreateDialogFonts
 0001:00006748       CreateDialogParamA
 0001:00006518       CreateDIBitmap
 0001:00006510       CreateDIBSection
 0001:0000AF98       CreateDir
 0001:000060C0       CreateDirectory
 0001:000060C8       CreateEvent
 0001:000596B8       CreateExceptionReport
 0001:000060D0       CreateFile
 0001:000060D8       CreateFileA
 0001:000001FC       CreateFileA
 0001:000060E0       CreateFileMapping
 0001:00006520       CreateFontA
 0001:00006528       CreateFontIndirect
 0001:00006530       CreateFontIndirectA
 0001:000696C0       CreateGeneralText
 0001:00006538       CreateHalftonePalette
 0001:00052298       CreateHTMLByLayout
 0001:00054BE8       CreateHTMLFile
 0001:00006750       CreateIcon
 0001:0000E6F0       CreateInOutError
 0001:00059A10       CreateLeakReport
 0001:0006A92C       CreateLogText
 0001:00006758       CreateMenu
 0001:0002CE48       CreateMXQuery
 0001:00060F80       CreateOctreeNode
 0001:00006540       CreatePalette
 0001:00006548       CreatePenIndirect
 0001:00006760       CreatePopupMenu
 0001:000060E8       CreateProcessA
 0001:00006550       CreateRectRgn
 0001:00006558       CreateRectRgnIndirect
 0001:00006560       CreateSolidBrush
 0001:00077B64       CreateSystemPalette
 0001:00052670       CreateTemplateFile
 0001:000060F0       CreateThread
 0001:0000025C       CreateThread
 0001:00059BB8       CreateThreadStr
 0001:00063C98       CreateTmpLogFile
 0001:0004E580       CreateVirtualFile
 0001:00006DCC       CreateWindow
 0001:00006D74       CreateWindowEx
 0001:00054CB4       CreateXMLLogCopy
 0001:0002D9EC       CreateZipFile
 0001:00064284       CreateZIPFile
 0001:00072098       Create_EurekaLogUnitsList
 0002:000074AC       CreationControl
 0002:000071F8       CreationControl
 0002:000003B0       CRelationshipToBoolean
 0002:0000032C       CResult
 0002:00000D58       CriticalError
 0002:00006E60       CriticalExceptObject
 0002:00000154       cSimpleBoolStrs
 0002:0000035C       CText
 0002:000075A8       Ctl3DStyles
 0002:00008620       curAlloc
 0002:000086DC       CurrencyDecimals
 0002:000086D8       CurrencyFormat
 0002:000086D4       CurrencyString
 0002:0000B744       CurrentAsmErrorLine
 0002:0000B74C       CurrentAsmErrorText
 0002:0000B750       CurrentCPUErrorText
 0002:0000B7E0       CurrentDialog
 0001:00070D10       CurrentEurekaLogOptions
 0002:0000B748       CurrentGeneralErrorText
 0002:0000B6B8       CurrentOptions
 0002:0000B7F8       CurrentProcessWindowsList
 0002:00006E4C       CurrentStackList
 0001:0000C7D8       CurrentYear
 0001:0000C140       CurrToStr
 0001:00011F70       CurrToWStrViaOS
 0002:00007788       CursorMap
 0002:000074BC       Cursors
 0001:000834C4       CursorToIdent
 0002:00007778       cUseAlpha
 0002:00007780       cUseColorKey
 0002:0000B65C       CustomButtonClickNotify
 0002:0000B650       CustomDataRequest
 0002:0000B77C       CustomExceptMessage
 0001:00072C54       CustomHandler
 0002:00006920       CustomSmtpHeloCommand
 0002:0000B658       CustomWebFieldsRequest
 0002:0000B5C4       CV
 0001:0000A2FC       CvtInt
 0001:0000A368       CvtInt64
 0002:00000194       CWNear
 0001:0000C728       Date
 0002:000086DD       DateSeparator
 0001:0000D41C       DateTimeToStr
 0001:0002178C       DateTimeToStrFixed
 0001:0000D390       DateTimeToString
 0001:0000C294       DateTimeToTimeStamp
 0001:0000D3EC       DateToStr
 0001:00011FA8       DateToWStrViaOS
 0001:0000C700       DayOfWeek
 0002:0000B7F4       DbgSection
 0002:00000190       DCon10
 0002:00006F1C       DDBsOnly
 0001:0001E490       DeallocateHWnd
 0002:0000002C       DebugHook
 0002:0000B934       DebugHook_Assigned
 0001:00065878       DebugToStr
 0002:000086DB       DecimalSeparator
 0001:0000C670       DecodeDate
 0001:0000C520       DecodeDateFully
 0001:00027164       DecodeNameString
 0001:0000C388       DecodeTime
 0001:0000089C       Decommit
 0001:00000FC8       DecommitFree
 0002:000085FC       decommittedRoot
 0001:00035C94       Decrypt
 0001:000A4A3C       Default
 0001:0009F324       Default
 0002:00000024       Default8087CW
 0002:000074B0       DefaultDockTreeClass
 0002:00000038       DefaultTextLineBreakStyle
 0002:000085C0       DefaultUserCodePage
 0002:00007170       DefBrushData
 0002:00006EF0       DefFontData
 0001:00006768       DefFrameProc
 0001:000305D0       deflate
 0001:00030894       deflateEnd
 0001:0002FFE4       deflateInit_
 0002:00000220       DefLongDayNames
 0002:000001D4       DefLongMonthNames
 0001:00006770       DefMDIChildProc
 0002:00007150       DefPenData
 0002:00000204       DefShortDayNames
 0002:000001A4       DefShortMonthNames
 0001:00006778       DefWindowProc
 0001:00006780       DefWindowProcA
 0001:00005040       DelayLoadResourceModule
 0001:000004B8       DeleteBlock
 0001:000060F8       DeleteCriticalSection
 0001:000003C8       DeleteCriticalSection
 0001:00006568       DeleteDC
 0001:000643F0       DeleteExtraFiles
 0001:00006100       DeleteFile
 0001:0000A96C       DeleteFile
 0001:00006108       DeleteFileA
 0001:00050C44       DeleteFileEx
 0001:00000DB0       DeleteFree
 0001:00006788       DeleteMenu
 0001:00006570       DeleteObject
 0001:00060E8C       DeleteTree
 0001:0004E6EC       DeleteVirtualFile
 0002:00006ED0       DeniedChars
 0001:00078C2C       DeselectBitmap
 0001:00006790       DestroyCursor
 0001:00058700       DestroyDialogFonts
 0001:00006798       DestroyIcon
 0001:0007F680       DestroyLocals
 0001:000067A0       DestroyMenu
 0001:000067A8       DestroyWindow
 0002:0000BC1C       DetailsActive
 0001:0005A4AC       DetailsState
 0001:000067B0       DialogBoxParamA
 0001:0008107C       DialogEnumerationTester
 0002:0000BC28       DialogHeight
 0001:0007EEE8       Dialogs
 0002:0000B944       DialogType
 0002:000071AC       DIBPalSizes
 0002:00000094       dig
 0002:00000D5C       Digits
 0001:0005264C       DirectoryExists
 0001:00008D00       DisableMemoryLeaksCheck
 0001:0009C734       DisableTaskWindows
 0001:000067B8       DispatchMessage
 0001:000A2984       DispatchShortCut
 0002:00008000       DispCallByIDProc
 0001:00009F18       DivMod
 0001:0007E8B0       Dlgs
 0001:00058170       DlgTemplate
 0002:00008918       DllList
 0001:000A3CB4       DoAlign
 0001:00089020       DoAlign
 0001:0008CFC4       DoCalcConstraints
 0002:0000C788       DockSiteList
 0001:00099174       DoClick
 0001:0008A6F8       DoControlMsg
 0001:0009C6E4       DoDisableWindow
 0001:00084204       DoDragOver
 0001:00009F90       DoExitProc
 0001:0008EDF4       DoFindControlZone
 0001:0009C838       DoFindWindow
 0001:0008F380       DoFindZone
 0001:0008EE78       DoForEach
 0001:00090784       DoGetNextLimit
 0001:000A8514       DoMinimizeEvents
 0001:000741AC       Done
 0001:0002D2A8       Done
 0001:00008EEC       Done
 0001:000255F0       Done
 0001:0002B9B8       Done
 0001:0009C6AC       DoneApplication
 0001:00071D68       DoneCheckFreeze
 0001:000914E4       DoneControls
 0002:0000B70C       DoneExcept
 0001:00072EB4       DoneExceptAddr
 0001:0000EC80       DoneExceptions
 0001:00037648       DoneLib
 0001:00008A8C       DoneShareMem
 0001:000A0D00       DoNestedActivation
 0001:0001CB38       DoneThreadSynchronization
 0001:000A5D70       DoOnHelp
 0001:000A3B04       DoPosition
 0001:00088BE0       DoPosition
 0001:0008FDAC       DoPrune
 0001:00090284       DoSaveZone
 0001:00090488       DoSetNewBounds
 0001:00021AD0       DotNetHostedFile
 0001:00066388       DotNetHostedFileHandle
 0001:0006633C       DotNetMainFile
 0002:00006E70       DotNetMetadataFile
 0002:00006E90       Dots
 0002:000003CC       DotSep
 0001:00093A84       DoWrite
 0001:000787F0       DoWrite
 0001:00017B08       DoWrite
 0001:00089CE0       DoWriteDesignSize
 0001:00087838       DoWriteIsControl
 0002:0000C76C       DragCapture
 0002:0000C760       DragControl
 0001:0008494C       DragDone
 0001:000841B4       DragFindTarget
 0001:00084188       DragFindWindow
 0002:0000C784       DragImageList
 0001:000845A4       DragInit
 0001:00084714       DragInitControl
 0002:0000C768       DragInternalObject
 0001:000840D0       DragMessage
 0002:0000C764       DragObject
 0002:0000C790       DragSave
 0002:0000C778       DragSaveCursor
 0002:0000C770       DragStartPos
 0002:0000C77C       DragThreshold
 0001:000842D4       DragTo
 0001:000A4A78       DrawAppIcon
 0001:000429BC       DrawBmp
 0001:00043568       DrawBottom
 0001:0005F398       DrawButton
 0001:0005F22C       DrawClickHere
 0001:0008F918       DrawCloseButton
 0001:0005F1A4       DrawControl
 0001:000067C0       DrawEdge
 0001:000434F4       DrawFrame
 0001:000067C8       DrawFrameControl
 0001:0008F970       DrawGrabberLine
 0001:000067D0       DrawIcon
 0001:000067D8       DrawIconEx
 0002:000075E4       DrawingStyles
 0001:00043610       DrawItem
 0001:000435BC       DrawLine
 0001:000067E0       DrawMenuBar
 0001:0009A4E4       DrawMenuItem
 0001:0005D380       DrawSupportLink
 0001:000067E8       DrawText
 0001:000067F0       DrawTextA
 0002:0000C5B8       DrawThemeBackground
 0002:0000C5DC       DrawThemeEdge
 0002:0000C5E0       DrawThemeIcon
 0002:0000C664       DrawThemeParentBackground
 0002:0000C5BC       DrawThemeText
 0001:000AA234       DropStream
 0001:00077628       DupBits
 0002:0000B794       DuplicatedException
 0001:00006110       DuplicateHandle
 0001:00004DE0       DynArrayClear
 0001:00004DE8       DynArraySetLength
 0001:00036170       EBase64
 0001:00020F70       EConsts
 0001:00025648       ECore
 0001:00029EE0       EDebug
 0002:000076D0       EdgeStyle
 0002:00007598       EdgeStyles
 0001:0004AFD8       EDisAsm
 0001:00035D94       EEncrypt
 0001:00035A34       EHash
 0001:0000E6C4       EHeapException.FreeInstance
 0001:0002BACC       EHook
 0001:0003EBD8       ElaborateString
 0001:00037E84       ElaborateURL
 0001:00037FEC       ElaborateWebPage
 0001:0002BBDC       ELang
 0001:00008FAC       ELeaks
 0001:00043BD8       EListView
 0001:000428E4       ELogManager
 0001:000067F8       EmptyClipboard
 0002:00008854       EmptyParam
 0002:000000D8       EmptyStr
 0002:000000DC       EmptyWideStr
 0002:00000458       EMsgs
 0001:00008B74       EnableMemoryLeaksCheck
 0001:00006800       EnableMenuItem
 0002:00007668       Enables
 0001:00006808       EnableScrollBar
 0001:0009C7E8       EnableTaskWindows
 0002:0000C64C       EnableThemeDialogTexture
 0002:0000C668       EnableTheming
 0001:00006810       EnableWindow
 0001:00060D7C       Encode
 0001:0000C4F0       EncodeDate
 0002:000055F4       EncodedChars
 0001:0000C348       EncodeTime
 0001:00063DFC       EncodeURL
 0001:00006818       EndDialog
 0001:00016CB8       EndGlobalLoading
 0001:00006820       EndPaint
 0001:00003B94       EndThread
 0001:00006118       EnterCriticalSection
 0001:000003B8       EnterCriticalSection
 0001:00006120       EnumCalendarInfoA
 0002:0000C54C       EnumDisplayMonitors
 0001:0000DF1C       EnumEraNames
 0001:0000DF58       EnumEraYearOffsets
 0001:0009F8E8       EnumMonitorsProc
 0001:00006128       EnumSystemLocalesA
 0001:00006828       EnumThreadWindows
 0001:0001A0BC       EnumValue
 0001:00006830       EnumWindows
 0001:0004FF84       EnumWindowsProc
 0001:0004FE70       EnumWindowsProc
 0001:0004FDB8       EnumWindowsProc
 0001:0004FD14       EnumWindowsProc
 0001:00026688       Eof
 0002:00005614       EOFLine
 0001:00006838       EqualRect
 0002:000087A4       EraNames
 0001:0000D6A8       EraToYear
 0002:000087C0       EraYearOffsets
 0002:0000006C       errCaption
 0001:00008954       Error
 0001:00061CA4       Error
 0001:00001C58       Error
 0001:00095174       Error
 0001:000198A0       Error
 0001:00016240       Error
 0002:00000004       ErrorAddr
 0001:00001C0C       ErrorAt
 0001:0000E770       ErrorHandler
 0002:0000023C       ErrorMap
 0002:00008008       ErrorProc
 0002:000083E8       ErrOutput
 0002:00000C30       EShowOptions
 0001:0002D308       ESockets
 0001:0001E62C       ETypes
 0002:00000450       EurekaLogCurrentVersion
 0002:0000B7B0       EurekaLogList
 0001:00062588       EurekaLogSendEmail
 0002:00006924       EurekaLogUnits
 0002:0000B7D4       EurekaLogUnitsList
 0001:00056014       EurekaLog_AttachedFilesRequestEvent
 0001:0006FE0C       EurekaLog_CallCreateThread
 0001:0006F58C       EurekaLog_CallExceptObject
 0001:0006FF50       EurekaLog_CallExitThread
 0001:0006F408       EurekaLog_CallGeneralRaise
 0001:0006FEAC       EurekaLog_CallResumeThread
 0001:0005615C       EurekaLog_CustomButtonClickEvent
 0001:00055F70       EurekaLog_CustomDataRequestEventEx
 0001:000560B8       EurekaLog_CustomWebFieldsRequestEvent
 0001:00055E28       EurekaLog_ExceptionActionNotifyEvent
 0001:00055ECC       EurekaLog_ExceptionErrorNotifyEvent
 0001:00055CE0       EurekaLog_ExceptionNotifyEvent
 0001:00055D84       EurekaLog_HandledExceptionNotifyEvent
 0001:0006FE04       EurekaLog_LastDelphiException
 0001:00055BCC       EurekaLog_PasswordRequestEvent
 0001:00055C10       EurekaLog_PasswordRequestEventEx
 0002:000009B8       EVals
 0002:00000CF0       EVariablesOptions
 0001:0003DF28       EWebTools
 0001:0002A46C       EWinSock
 0001:00001B80       ExceptAddr
 0002:0000800C       ExceptClsProc
 0001:0000EBEC       ExceptHandler
 0001:0000E538       Exception.Create
 0001:0000E574       Exception.CreateFmt
 0001:0000E5F4       Exception.CreateRes
 0001:0000E630       Exception.CreateResFmt
 0002:0000B644       ExceptionActionNotify
 0002:0000801C       ExceptionClass
 0002:0000B68C       ExceptionCriticalSection
 0001:0000E2B4       ExceptionErrorMessage
 0002:0000B648       ExceptionErrorNotify
 0001:0004F000       ExceptionLine
 0001:00074664       ExceptionLog
 0001:0007104C       ExceptionManager
 0002:0000B63C       ExceptionNotify
 0002:0000B6C4       ExceptionNumber
 0002:0000B7E8       ExceptionsTime
 0002:0000B7EC       ExceptionTime
 0001:00052BD8       ExceptionTypeByAddr
 0002:00000274       ExceptMap
 0001:0006EA68       ExceptNotify
 0001:000656A0       ExceptNotifyAfter1
 0001:0006579C       ExceptNotifyAfter2
 0001:000657B0       ExceptNotifyAfter3
 0001:00001B60       ExceptObject
 0002:00008010       ExceptObjProc
 0002:00008004       ExceptProc
 0001:00006578       ExcludeClipRect
 0001:00022830       ExcludeLastBackslash
 0002:00000000       ExitCode
 0001:00003944       ExitDll
 0002:00008048       ExitProc
 0001:0000026C       ExitProcess
 0002:00008028       ExitProcessProc
 0002:00000150       ExitProcList
 0001:00000264       ExitThread
 0001:00006130       ExitThread
 0001:0003E4D0       EXMLBuilder
 0001:000219E4       ExpandEnvVars
 0001:0000ABE8       ExpandFileName
 0001:000567E0       ExportedFunctions
 0001:0007F93C       ExtActns
 0001:0007F54C       ExtCtrls
 0001:0007F7A8       ExtDlgs
 0001:00054174       ExtractDebugData
 0001:0000AAD4       ExtractFileDrive
 0001:0000ABA0       ExtractFileExt
 0001:00006FC0       ExtractFileName
 0001:0000AB68       ExtractFileName
 0001:0000AAA0       ExtractFilePath
 0001:0000AC24       ExtractFilePathNoDrive
 0001:00071538       ExtractGZipStream
 0001:00021488       ExtractList
 0001:0000ACB8       ExtractRelativePath
 0001:00053C9C       ExtractStr
 0001:00022418       ExtractStringsEx
 0001:000594D0       ExtractThreadByList
 0001:00040248       ExtractValue
 0001:000362C4       EZip
 0001:00034F30       EZlib2
 0002:0000B9E0       fActive
 0002:00006E84       fActivePage
 0002:000087E0       FalseBoolStrs
 0002:0000B9FC       fBigFont
 0002:0000B9E4       fCaptionFont
 0002:0000C6B8       FClipboard
 0002:00000184       FCon1E18
 0002:0000B9D8       fDlgBack
 0001:00068DC0       FetchStr
 0002:0000B9EC       fFixedFont1
 0002:0000B9F0       fFixedFont2
 0001:0000A7F8       FileAge
 0001:0000A7F0       FileClose
 0001:0000A734       FileCreate
 0001:0000A758       FileCreate
 0001:0000AF08       FileDateToDateTime
 0001:0000A860       FileExists
 0002:000071A4       FileFormats
 0002:0000000C       FileMode
 0001:00002134       FileNOPProc
 0001:0000A6DC       FileOpen
 0001:0000A760       FileRead
 0002:000003F8       FilerSignature
 0001:0000A7B8       FileSeek
 0001:00006138       FileTimeToDosDateTime
 0001:00006140       FileTimeToLocalFileTime
 0001:0000A78C       FileWrite
 0001:00000EE8       FillAfterGap
 0001:00054E40       FillAttachedList
 0001:00000E88       FillBeforeGap
 0001:00000F88       FillerSizeAfterGap
 0001:00000F10       FillerSizeBeforeGap
 0001:00006840       FillRect
 0001:00051100       FillThreadsCount
 0001:0007E688       Finalization
 0001:00092A68       Finalization
 0001:00010630       Finalization
 0001:000255F4       Finalization
 0001:00010430       Finalization
 0001:000941D4       Finalization
 0001:0007E6F8       Finalization
 0001:0007E730       Finalization
 0001:00034F00       Finalization
 0001:00035A04       Finalization
 0001:00074938       Finalization
 0001:000744A8       Finalization
 0001:0007E768       Finalization
 0001:00035D64       Finalization
 0001:0007BA78       Finalization
 0001:0007E7A0       Finalization
 0001:0007E7D8       Finalization
 0001:00036140       Finalization
 0001:0007E810       Finalization
 0001:0007E848       Finalization
 0001:00036294       Finalization
 0001:00013784       Finalization
 0001:000139D0       Finalization
 0001:0007BC58       Finalization
 0001:0007E880       Finalization
 0001:0009A7C4       Finalization
 0001:00020EEC       Finalization
 0001:00029E44       Finalization
 0001:0007BF10       Finalization
 0001:0001E5FC       Finalization
 0001:00010E24       Finalization
 0001:0001E4B8       Finalization
 0001:0007C00C       Finalization
 0001:0007EE8C       Finalization
 0001:0002D2B0       Finalization
 0001:0007F504       Finalization
 0001:000A6D74       Finalization
 0001:000144DC       Finalization
 0001:0003DED8       Finalization
 0001:000A71E4       Finalization
 0001:0003E4A0       Finalization
 0001:00006F34       Finalization
 0001:000A8D90       Finalization
 0001:0007C78C       Finalization
 0001:0007C7CC       Finalization
 0001:00014534       Finalization
 0001:000428A8       Finalization
 0001:0007F57C       Finalization
 0001:00005F54       Finalization
 0001:000A8EAC       Finalization
 0001:0007F5B4       Finalization
 0001:00005EDC       Finalization
 0001:000AAAD4       Finalization
 0001:0007F648       Finalization
 0001:0002BBAC       Finalization
 0001:0007F718       Finalization
 0001:0007F778       Finalization
 0001:0002BA78       Finalization
 0001:0007F7C8       Finalization
 0001:0007F830       Finalization
 0001:00043BA8       Finalization
 0001:000AACFC       Finalization
 0001:00005CAC       Finalization
 0001:00008F74       Finalization
 0001:000092C0       Finalization
 0001:0007F894       Finalization
 0001:0007F8EC       Finalization
 0001:0007F944       Finalization
 0001:0004AF3C       Finalization
 0001:000AAD34       Finalization
 0001:0007FA7C       Finalization
 0001:0002A43C       Finalization
 0001:000804BC       Finalization
 0001:00080508       Finalization
 0001:00080670       Finalization
 0001:0007D7B4       Finalization
 0001:0007D7FC       Finalization
 0001:00091738       Finalization
 0001:00029EF8       Finalization
 0001:000812F4       Finalization
 0001:0007D834       Finalization
 0001:0007DD04       Finalization
 0001:0007DB58       Finalization
 0002:00008684       FinalizationProc
 0001:00004DD8       FinalizeArray
 0001:00003758       FinalizeUnits
 0001:00098F34       Find
 0001:00053298       FindBetterMatch
 0001:000050D0       FindBS
 0001:0001675C       FindClass
 0001:00005038       FindClassHInstance
 0001:0000027C       FindClose
 0001:00006148       FindClose
 0001:0000A950       FindClose
 0001:00000E44       FindCommitted
 0001:000832A4       FindControl
 0001:0008F5AC       FindControlAtPos
 0001:00013694       FindCustomVariantType
 0001:000135DC       FindCustomVariantType
 0001:00084C70       FindDragTarget
 0001:00063C18       FindEOFLine
 0001:00037A5C       FindErrorMessage
 0001:00069610       FindException
 0001:0001AABC       FindExistingComponent
 0001:0000A8DC       FindFirst
 0001:00000284       FindFirstFile
 0001:00006150       FindFirstFile
 0001:00006158       FindFirstFileA
 0001:000513A8       FindFullPath
 0001:000540AC       FindFunction
 0001:0009C944       FindGlobalComponent
 0001:00016B48       FindGlobalComponent
 0002:000088B8       FindGlobalComponentProcs
 0001:0004BB64       FindHandled
 0001:00005010       FindHInstance
 0001:000169F0       FindIdentToInt
 0001:00007BA8       FindLeakAddress
 0001:00007E0C       FindLeakClassName
 0001:00007AD8       FindLeakSons
 0001:000737BC       FindMainInstance
 0001:0000A870       FindMatchingFile
 0001:000503F8       FindModuleType
 0002:0000C6A4       FindMsg
 0001:00019C4C       FindNestedComponent
 0001:0000A92C       FindNext
 0001:00006160       FindNextFile
 0001:00007A24       FindNextValidLeak
 0001:00026800       FindParam
 0001:0009513C       FindPopupControl
 0001:0002A058       FindProc
 0001:00010AEC       FindProc
 0001:0005104C       FindProcess
 0001:00006168       FindResource
 0001:00006170       FindResourceA
 0001:00005088       FindResourceHInstance
 0001:000A65A4       FindScanline
 0001:000371B8       FindSelected
 0001:0009C89C       FindTopMostWindow
 0001:0001B9A0       FindUniqueName
 0001:00084C3C       FindVCLWindow
 0001:00006848       FindWindow
 0001:000810D4       FindWinHelp
 0001:0004BB1C       FirstProc
 0002:0000BA08       FixedFontName1
 0002:0000BA0C       FixedFontName2
 0002:0000BA00       FixedFontSize
 0002:0000BC44       FixedTmpOptionsFile
 0001:00079024       FixupBitFields
 0002:000076E0       Flags
 0002:000087F0       FLanguages
 0001:0007DB88       FlatSB
 0002:0000C578       FlatSB_EnableScrollBar
 0002:0000C584       FlatSB_GetScrollInfo
 0002:0000C588       FlatSB_GetScrollPos
 0002:0000C580       FlatSB_GetScrollRange
 0002:0000C590       FlatSB_SetScrollInfo
 0002:0000C58C       FlatSB_SetScrollPos
 0001:0007D878       FlatSB_SetScrollProp
 0002:0000C594       FlatSB_SetScrollRange
 0002:0000C57C       FlatSB_ShowScrollBar
 0002:0000B9F4       fLinkFont
 0002:0000B9F8       fLinkFont2
 0002:0000BB84       fListViewItems
 0002:00005FF8       FloatingPointOpcodes
 0001:0000BDD0       FloatToDecimal
 0001:0000C110       FloatToStr
 0001:0000B808       FloatToText
 0001:0000BADC       FloatToTextFmt
 0001:00002398       Flush
 0001:00006178       FlushInstructionCache
 0002:0000B9DC       fMemoBack
 0002:0000BB64       fMonitor
 0002:0000BB6C       fMonitorInfo
 0002:00000198       FMSecsPerDay
 0001:0000B6FC       FmtStr
 0002:000076FC       FocusCount
 0002:000076F8       FocusMessages
 0002:000070C0       FontCharsets
 0002:0000C510       FontManager
 0001:00070F98       ForceApplicationTermination
 0001:000228E0       ForceDirectoriesEx
 0001:0009C918       ForegroundTask
 0002:000001A0       Format
 0001:0000B6E8       Format
 0001:0000B2D8       FormatBuf
 0001:0000B2CC       FormatClearStr
 0001:00069230       FormatComplete
 0001:0000D430       FormatDateTime
 0001:0000B250       FormatError
 0002:0000017C       FormatErrorStrs
 0001:0000C170       FormatFloat
 0001:00006180       FormatMessage
 0001:00029800       FormatProcName
 0001:0000B2A8       FormatVarToStr
 0001:000A6DD0       Forms
 0001:00002810       FPower10
 0002:000071F4       FPrinter
 0001:00006850       FrameRect
 0001:000081B4       FreeAllLeaks
 0001:00010010       FreeAndNil
 0001:0004DF74       FreeClonedObject
 0001:00000B44       FreeCommitted
 0001:0000117C       FreeCurAlloc
 0001:00084D30       FreeDeviceContext
 0001:00084DEC       FreeDeviceContexts
 0001:0001E284       FreeIntConstList
 0001:0000028C       FreeLibrary
 0001:00006188       FreeLibrary
 0001:00078B80       FreeMemoryContexts
 0001:0001E3B8       FreeObjectInstance
 0001:0004ECAC       FreeOutOfMemoryCache
 0001:000061A8       FreeResource
 0001:00061C68       FreeScreenshot
 0001:00000714       FreeSpace
 0001:0000FB10       FreeTerminateProcs
 0001:0007DD3C       FreeThemeLibrary
 0002:0000B758       FreezeThread
 0002:0000C718       FRichEditModule
 0002:0000BB68       fSendBmp
 0002:0000B618       FtpOpenFile
 0001:0003D900       FTPUploadFiles
 0002:0000B9E8       fVariableFont
 0001:00077618       GDICheck
 0001:00077570       GDIError
 0001:0005CBBC       GeneralDialogProc
 0001:0006F1E8       GeneralRaise
 0001:0004C6A4       GeneralToRTF
 0001:00064DAC       GenerateCustomWebFieldsString
 0001:00052528       GenerateHTML
 0001:00038814       GenerateMultipartBoundary
 0001:0003CD44       GenerateMultipartBoundary
 0001:0003CE80       GenerateRequestBody
 0001:000388E4       GenerateRequestBody
 0001:00002040       Get8087CW
 0001:000061B0       GetACP
 0001:00066BCC       GetActiveControlClass
 0001:00066BE4       GetActiveControlText
 0001:00066AEC       GetActiveFormClass
 0001:00066B38       GetActiveFormText
 0001:00059C28       GetActiveMonitorData
 0001:00006858       GetActiveWindow
 0001:000678D8       GetAdapterInfo
 0001:000510CC       GetAllocatedMemory
 0001:0005408C       GetAndSetFunctionSize
 0001:000A4190       GetAnimation
 0001:00067440       GetApplicationName
 0001:0004FEE8       GetApplicationRect
 0001:00066ACC       GetApplicationUpTime
 0001:0002ABE0       GetAsmSize
 0001:00006860       GetAsyncKeyState
 0001:00057F6C       GetBaseOfStack
 0001:00006580       GetBitmapBits
 0001:000003D0       GetBlockDesc
 0001:0005F310       GetBottonWidth
 0001:00006588       GetBrushOrgEx
 0001:00006D34       GetBValue
 0001:00057E48       GetCallStackByAddresses
 0001:0004ECEC       GetCallStackDump
 0001:00006868       GetCapture
 0001:0008356C       GetCaptureControl
 0001:00016708       GetClass
 0001:00006870       GetClassInfo
 0001:00006878       GetClassName
 0001:00006880       GetClassNameA
 0001:00006888       GetClientRect
 0001:00006590       GetClipBox
 0001:0000036C       GetCmdShow
 0001:00092C38       GetColor
 0001:00043A28       GetColumnAlign
 0001:000439FC       GetColumnCount
 0001:0007FA1C       GetComCtlVersion
 0001:00000294       GetCommandLine
 0001:000061C0       GetCommandLine
 0001:00000958       GetCommitted
 0001:00000A00       GetCommittedAt
 0001:00068C68       GetCompanyName
 0001:00066A64       GetCompilationDate
 0001:0004C178       GetCompleteTimeStr
 0001:000061C8       GetComputerNameA
 0001:0008A2AC       GetControlAtPos
 0001:0006E4EC       GetControlClass
 0001:0006E548       GetControlText
 0001:0000C89C       GetCount
 0001:000061B8       GetCPInfo
 0001:00034FDC       GetCRC16
 0001:00034F94       GetCRC32
 0001:0000AF74       GetCurrentDir
 0001:0000029C       GetCurrentDirectory
 0001:00006598       GetCurrentObject
 0001:000065A0       GetCurrentPositionEx
 0001:00068F5C       GetCurrentPrinterHandle
 0001:000061D0       GetCurrentProcess
 0001:000061D8       GetCurrentProcessId
 0001:00057F74       GetCurrentStackPointer
 0001:00071044       GetCurrentStackPointer
 0002:0000C65C       GetCurrentThemeName
 0001:000061E0       GetCurrentThread
 0001:0000035C       GetCurrentThreadId
 0001:000061E8       GetCurrentThreadId
 0001:00006CA8       GetCurrentTime
 0001:0004DF94       GetCurrentTopOfStack
 0001:00068A90       GetCurrentUserPrivileges
 0001:00006890       GetCursor
 0001:000A65B4       GetCursorHeightMargin
 0001:00006898       GetCursorPos
 0001:000078FC       GetDataCaller
 0001:0000C8CC       GetDate
 0001:000061F0       GetDateFormat
 0001:0000D5C0       GetDateOrder
 0001:000068A0       GetDC
 0001:000068A8       GetDCEx
 0001:000065A8       GetDCOrgEx
 0001:000576C8       GetDebugDetail
 0001:00065918       GetDebugInfoEx
 0001:0005446C       GetDebugInfosByAddr
 0001:00053E78       GetDebugPartialInfo
 0001:00068E74       GetDefaultPrinter
 0001:0007B680       GetDefFontCharSet
 0001:000068B0       GetDesktopWindow
 0001:000065C0       GetDeviceCaps
 0001:0005CFCC       GetDialogState
 0001:00078580       GetDIB
 0001:000065B0       GetDIBColorTable
 0001:000065B8       GetDIBits
 0001:000784C8       GetDIBSizes
 0001:00077788       GetDInColors
 0001:000061F8       GetDiskFreeSpaceA
 0002:0000014C       GetDiskFreeSpaceEx
 0001:000671F0       GetDiskInfo
 0001:0006899C       GetDisplayDPI
 0001:000676F4       GetDisplayMode
 0001:000068B8       GetDlgItem
 0001:0002CA38       GetDNSList
 0001:00090864       GetDockAlign
 0001:00083F14       GetDockSiteAtPos
 0001:0002CC04       GetDomain
 0001:0002CD70       GetDomainName
 0001:000068C0       GetDoubleClickTime
 0001:00084240       GetDropCtl
 0001:0006A5BC       GetDump
 0001:00002E98       GetDynaMethod
 0001:0006A2BC       GetEAX
 0001:0006A31C       GetEBX
 0001:0006A37C       GetECX
 0001:0006A49C       GetEDI
 0001:00058F44       GetEditText
 0001:0006A3DC       GetEDX
 0001:0005642C       GetEF
 0001:00049930       GetEffectiveAddress
 0001:0006A55C       GetEIP
 0001:0006A838       GetEmptySection
 0001:00013A40       GetEnumName
 0001:00013B18       GetEnumNameValue
 0001:00013B64       GetEnumValue
 0001:00006200       GetEnvironmentVariableA
 0001:000218A8       GetEnvVariable
 0001:0000DFD0       GetEraNamesAndYearOffsets
 0001:0000D654       GetEraYearOffset
 0001:0006A43C       GetESI
 0001:0006A4FC       GetESP
 0001:0004ECDC       GetESP
 0001:00021C40       GetEurekaLogDir
 0001:00056CF0       GetEurekaLogModuleVersion
 0001:00066DE0       GetExceptionAddress
 0001:0000E934       GetExceptionClass
 0001:00066DC8       GetExceptionDate
 0001:0006682C       GetExceptionMessage
 0001:00066E14       GetExceptionModuleName
 0001:00066EF8       GetExceptionModuleVersion
 0001:0000EB20       GetExceptionObject
 0001:00066F7C       GetExceptionType
 0001:00058080       GetExceptMessage
 0001:00006208       GetExitCodeProcess
 0001:00006210       GetExitCodeThread
 0001:00016690       GetFieldClassTable
 0001:00036A58       GetFieldValue
 0001:00006218       GetFileAttributes
 0001:00006220       GetFileAttributesA
 0001:000379F0       GetFileContents
 0001:0003CE14       GetFileContents
 0001:0003D8C4       GetFileSize
 0001:0002DA44       GetFileSize
 0001:0000020C       GetFileSize
 0001:00050C10       GetFileSize
 0001:00000204       GetFileType
 0001:0000ED90       GetFileVersion
 0001:00067E40       GetFileVersionEx
 0001:000064B0       GetFileVersionInfo
 0001:000064B8       GetFileVersionInfoA
 0001:000064C0       GetFileVersionInfoSize
 0001:000064C8       GetFileVersionInfoSizeA
 0001:000068C8       GetFocus
 0001:00021AF8       GetFolder
 0001:0007614C       GetFontData
 0001:000068D0       GetForegroundWindow
 0001:0000F6B8       GetFormatSettings
 0001:000073A8       GetFramesCallStackDump
 0001:000672E8       GetFreeDisk
 0001:00067170       GetFreeMemory
 0001:00006228       GetFullPathName
 0001:00065C08       GetFunctionAsm
 0001:0002AD34       GetFunctionSize
 0001:0002264C       GetGMT
 0001:00006D30       GetGValue
 0001:00006230       GetHandleInformation
 0001:00075694       GetHashCode
 0001:000A16DC       GetHelpInfo
 0001:0007CC4C       GetHelpSystem
 0001:000A3F74       GetHint
 0001:000A3FAC       GetHintControl
 0001:000A8E64       gethostbyname
 0001:0002A318       gethostbyname
 0001:0002A354       gethostname
 0001:0009A664       GetHotkey
 0001:0003D150       GetHTTPResponse
 0001:000380FC       GetHTTPResponse
 0001:000068D8       GetIconInfo
 0001:00029B38       GetImageNtHeaders
 0001:00068034       GetIndexKeyName
 0001:00068E14       GetIniDefPrinter
 0001:0006EEBC       GetIntraWebExceptionType
 0001:00042994       GetItemRect
 0001:0005BED4       GetItemText
 0001:000068F0       GetKeyboardLayout
 0001:000068F8       GetKeyboardLayoutList
 0001:00006900       GetKeyboardState
 0001:00002AFC       GetKeyboardType
 0001:000068E0       GetKeyNameText
 0001:000068E8       GetKeyState
 0001:00066D7C       GetLanguageString
 0001:00006908       GetLastActivePopup
 0001:0008EB2C       GetLastChildZone
 0001:000002A4       GetLastError
 0001:00006238       GetLastError
 0001:00007B48       GetLeakCount
 0001:000373CC       GetListDefault
 0001:00037044       GetListValue
 0001:0000DD94       GetLocaleChar
 0001:00066C50       GetLocaleDataA
 0001:00066C10       GetLocaleDataW
 0001:000002AC       GetLocaleInfo
 0001:00006248       GetLocaleInfo
 0001:00006250       GetLocaleInfoA
 0001:00006258       GetLocaleInfoW
 0001:0000DD48       GetLocaleStr
 0001:00006240       GetLocalTime
 0001:00083528       GetLongHint
 0001:00022030       GetLongNameFromShort
 0001:00013E10       GetLongStrProp
 0001:0004FD4C       GetMainWindow
 0001:000065C8       GetMapMode
 0001:000358FC       GetMD5
 0001:00067024       GetMemInfo
 0001:00001B28       GetMemoryManager
 0001:00006910       GetMenu
 0001:000A1664       GetMenuHelpContext
 0001:00006918       GetMenuItemCount
 0001:00006920       GetMenuItemID
 0001:00006928       GetMenuItemInfo
 0001:00097780       GetMenuSize
 0001:00006930       GetMenuState
 0001:00006938       GetMenuString
 0001:000143B4       GetMethodProp
 0001:0002D8E8       GetModifiedDate
 0001:00021F8C       GetModifiedDate
 0001:000507C8       GetModuleDescriptionAndVersion
 0001:000002B4       GetModuleFileName
 0001:00006260       GetModuleFileName
 0001:00006268       GetModuleFileNameA
 0001:00005DD4       GetModuleHandle
 0001:000002BC       GetModuleHandle
 0001:00006270       GetModuleHandle
 0001:00006278       GetModuleHandleA
 0001:000505BC       GetModulePath
 0001:00050698       GetModuleSize
 0001:00050FB4       GetModulesList
 0001:00050E24       GetModulesWin9X
 0001:00050CC0       GetModulesWinNT
 0001:00050728       GetModuleVer
 0001:00054FA8       GetModule_ProcedureEvent
 0002:0000C540       GetMonitorInfo
 0002:0000C544       GetMonitorInfoA
 0002:0000C548       GetMonitorInfoW
 0001:00059E88       GetMonitorWorkAreaFromActiveWnd
 0001:00059E64       GetMonitorWorkAreaFromWnd
 0001:00059D7C       GetMonitorWorkAreaFromWndEx
 0001:0000DDF8       GetMonthDayNames
 0001:0002CF9C       GetMXBestRecord
 0001:0002CED4       GetMXRecord
 0001:0002D08C       GetMXServerFromEmail
 0001:00067CA4       GetNetworkData
 0001:00006940       GetNextWindow
 0001:000065D0       GetObject
 0001:00007910       GetObjectCaller
 0001:00061304       GetOptimizedPalette
 0001:000372A8       GetOptionsDefault
 0001:00008904       GetOptionsFromExeFile
 0001:00036E44       GetOptionsValue
 0001:00013C38       GetOrdProp
 0001:0004D9B8       GetOSBuild
 0001:00066DB0       GetOSCharset
 0001:00066DA4       GetOSLanguage
 0001:0004D590       GetOSType
 0001:00066BFC       GetOSUpdate
 0001:0004EC90       GetOutOfMemoryCache
 0001:00060EC8       GetPaletteColors
 0001:000065D8       GetPaletteEntries
 0001:000669D4       GetParameters
 0001:00001E18       GetParamStr
 0001:00006948       GetParent
 0001:0009CB10       GetParentForm
 0001:00051A84       GetParentProcessID
 0001:00058FA0       GetParentWnd
 0001:00057044       GetPassword
 0001:000065E0       GetPixel
 0001:00068FD4       GetPrinterStr
 0001:00006280       GetPriorityClass
 0001:00006288       GetPrivateProfileStringA
 0001:000002C4       GetProcAddress
 0001:00006290       GetProcAddress
 0001:000518B8       GetProcessesList
 0001:00067510       GetProcessor
 0001:00050B80       GetProcessThreads
 0001:00006298       GetProfileStringA
 0001:00006950       GetProp
 0001:00013BC8       GetPropInfo
 0001:00007420       GetRawCallStackDump
 0001:00008850       GetRawOptions
 0001:00007048       GetReadableSize
 0001:00021EA4       GetReadableSize
 0001:00054750       GetRealFileName
 0001:0009CFD0       GetRealScrollPosition
 0001:000492F4       GetRefAddress
 0001:00049438       GetRegName
 0001:00008808       GetResourceData
 0001:00052CE8       GetResourceData
 0001:00092C18       GetRGBColor
 0001:00006D2C       GetRValue
 0001:00006958       GetScrollInfo
 0001:00006960       GetScrollPos
 0001:00006968       GetScrollRange
 0001:000A8E6C       getservbyname
 0001:000834E4       GetShortHint
 0001:00013D08       GetShortStrProp
 0001:00013DA0       GetShortStrPropAsLongStr
 0001:00053404       GetSourceInfoByAddr
 0001:00000638       GetSpace
 0001:0000069C       GetSpaceAt
 0001:000951CC       GetSpecialName
 0001:0006A7A8       GetStack
 0001:00067428       GetStartDate
 0001:000002CC       GetStartupInfo
 0001:000062A0       GetStartupInfoA
 0001:000062A8       GetStdHandle
 0001:00000214       GetStdHandle
 0001:000065E8       GetStockObject
 0001:000062B0       GetStringTypeEx
 0001:00013F40       GetStrProp
 0001:00006970       GetSubMenu
 0001:00053B20       GetSymbolAddr
 0001:00006978       GetSysColor
 0001:00006980       GetSysColorBrush
 0001:000062B8       GetSystemDefaultLangID
 0001:000062C0       GetSystemInfo
 0001:00006988       GetSystemMenu
 0001:00006990       GetSystemMetrics
 0002:0000C530       GetSystemMetrics
 0001:000065F0       GetSystemPaletteEntries
 0001:000062C8       GetSystemTime
 0001:000676B8       GetSystemUpTime
 0001:000367F8       GetTagValue
 0001:000062D0       GetTempPathA
 0001:00036C38       GetTextAreaValue
 0001:000065F8       GetTextExtentPoint32
 0001:00006600       GetTextExtentPoint32A
 0001:00058CDC       GetTextHeight
 0001:00006608       GetTextMetrics
 0001:00058EC0       GetTextWidth
 0002:0000C654       GetThemeAppProperties
 0002:0000C5C0       GetThemeBackgroundContentRect
 0002:0000C5C4       GetThemeBackgroundExtent
 0002:0000C5D4       GetThemeBackgroundRegion
 0002:0000C5F8       GetThemeBool
 0002:0000C5EC       GetThemeColor
 0002:0000C660       GetThemeDocumentationProperty
 0002:0000C600       GetThemeEnumValue
 0002:0000C620       GetThemeFilename
 0002:0000C608       GetThemeFont
 0002:0000C5FC       GetThemeInt
 0002:0000C614       GetThemeIntList
 0002:0000C610       GetThemeMargins
 0002:0000C5F0       GetThemeMetric
 0002:0000C5C8       GetThemePartSize
 0002:0000C604       GetThemePosition
 0002:0000C618       GetThemePropertyOrigin
 0002:0000C60C       GetThemeRect
 0002:0000C5F4       GetThemeString
 0002:0000C62C       GetThemeSysBool
 0002:0000C624       GetThemeSysColor
 0002:0000C628       GetThemeSysColorBrush
 0002:0000C634       GetThemeSysFont
 0002:0000C63C       GetThemeSysInt
 0002:0000C630       GetThemeSysSize
 0002:0000C638       GetThemeSysString
 0002:0000C5CC       GetThemeTextExtent
 0002:0000C5D0       GetThemeTextMetrics
 0001:000062D8       GetThreadContext
 0001:00059568       GetThreadData
 0001:000062E0       GetThreadLocale
 0001:000002D4       GetThreadLocale
 0001:0006EE44       GetThreadParams
 0001:000062E8       GetThreadPriority
 0001:000062F0       GetTickCount
 0001:0000C904       GetTime
 0001:00005E00       GetTlsSize
 0001:00006058       GetTokenInformation
 0001:000A4754       GetTopMostWindows
 0001:0004ECE4       GetTopOfStack
 0001:00083674       GetTopParent
 0001:00006998       GetTopWindow
 0001:00067388       GetTotalDisk
 0001:000670F0       GetTotalMemory
 0001:00013A34       GetTypeData
 0001:00021BB8       GetUserApplicationsPath
 0001:00068C54       GetUserEmail
 0001:00006060       GetUserNameA
 0001:00071A94       GetValidMainWindow
 0001:00038318       GetValueFromIndex
 0001:00000364       GetVersion
 0001:000062F8       GetVersion
 0001:00006300       GetVersionEx
 0001:00050BBC       GetVersionNumber
 0001:00068204       GetVideoCardStr
 0001:0002A7C0       GetVirtualMethod
 0001:00013FAC       GetWideStrProp
 0001:00013E90       GetWideStrPropAsLongStr
 0001:000069A0       GetWindow
 0001:0004FBB8       GetWindowClassName
 0001:000069A8       GetWindowDC
 0001:000069B0       GetWindowLong
 0001:0004FD6C       GetWindowName
 0001:00006610       GetWindowOrgEx
 0001:000069B8       GetWindowPlacement
 0001:000069C0       GetWindowRect
 0001:00006308       GetWindowsDirectoryA
 0001:000069C8       GetWindowText
 0001:000069D0       GetWindowTextA
 0002:0000C648       GetWindowTheme
 0001:000069D8       GetWindowThreadProcessId
 0001:000069E0       GetWindowThreadProcessId
 0001:00022A94       GetWorkingFile
 0001:00006310       GlobalAddAtom
 0001:00006318       GlobalAlloc
 0001:00006CC4       GlobalAllocPtr
 0001:00006320       GlobalDeleteAtom
 0001:00006328       GlobalFindAtom
 0002:000088BC       GlobalFixupList
 0001:00019D94       GlobalFixupReferences
 0001:00006330       GlobalFree
 0001:00006CF0       GlobalFreePtr
 0001:00006340       GlobalHandle
 0001:00006338       GlobalLock
 0001:00006348       GlobalMemoryStatus
 0002:000088A0       GlobalNameSpace
 0001:00006350       GlobalReAlloc
 0001:00006CD4       GlobalReAllocPtr
 0002:0000C044       GlobalSendValues
 0001:00006358       GlobalUnlock
 0002:0000B9BC       Global_AttachedFiles
 0002:0000B963       Global_CloseDialog
 0002:0000B9B0       Global_CurrentEvent
 0002:0000B9C4       Global_DataFields
 0002:0000B988       Global_ExceptionRecord
 0002:0000B960       Global_Execute
 0002:0000B961       Global_Handled
 0002:00006E7C       Global_IntoHandleException
 0002:0000B9CC       Global_IntraWebText
 0002:0000B9B8       Global_LastInitPassword
[...]
 17834 0001:00072B9B 17838 0001:00072B9C 17839 0001:00072BB3 17846 0001:00072BB4
 17847 0001:00072BBE 17850 0001:00072BC0 17852 0001:00072BD3 17853 0001:00072BDE
 17854 0001:00072BE9 17857 0001:00072BF4 17858 0001:00072BFF 17861 0001:00072C0A
 17862 0001:00072C26 17863 0001:00072C4E 17882 0001:00072C54 17883 0001:00072C71
 17885 0001:00072C8B 17886 0001:00072C92 17887 0001:00072C94 17888 0001:00072CA8
 17889 0001:00072CAF 17891 0001:00072CB3 17893 0001:00072CC9 17895 0001:00072CD0
 17897 0001:00072CDE 17899 0001:00072CE2 17900 0001:00072D11 17903 0001:00072D16
 17904 0001:00072D3A 17905 0001:00072D46 17906 0001:00072D56 17909 0001:00072D5A
 17910 0001:00072D87 17923 0001:00072D90 17924 0001:00072D94 17925 0001:00072D9A
 17929 0001:00072DA0 17930 0001:00072DA7 17931 0001:00072DAC 17936 0001:00072DB0
 17937 0001:00072DB7 17939 0001:00072DD4 17941 0001:00072DD9 17943 0001:00072DDE
 17944 0001:00072DDF 17945 0001:00072DE2 17947 0001:00072DE5 17948 0001:00072DF5
 17953 0001:00072DFC 17954 0001:00072E03 17959 0001:00072E31 17961 0001:00072E36
 17962 0001:00072E37 17963 0001:00072E3A 17965 0001:00072E3D 17966 0001:00072E4D
 17971 0001:00072E54 17972 0001:00072E5A 17973 0001:00072E69 17974 0001:00072E77
 17976 0001:00072E9C 17978 0001:00072EAF 17983 0001:00072EB4 17984 0001:00072EBB
 17986 0001:00072ED8 17988 0001:00072EDD 17990 0001:00072EE2 17991 0001:00072EE3
 17992 0001:00072EE6 17994 0001:00072EE9 17995 0001:00072EF9 18007 0001:00072F00
 18008 0001:00072F0C 18011 0001:00072F14 18012 0001:00072F23 18013 0001:00072F31
 18014 0001:00072F3B 18015 0001:00072F4A 18017 0001:00072F55 18018 0001:00072F5F
 18019 0001:00072F6E 18021 0001:00072F79 18022 0001:00072F83 18023 0001:00072F92
 18025 0001:00072F9D 18028 0001:00072FAA 18032 0001:00072FB6 18033 0001:00072FCB
 18034 0001:00072FD5 18025 0001:00072FD6 18036 0001:00072FD9 18039 0001:00072FE6
 18040 0001:00073003 18041 0001:00073017 18036 0001:00073018 18043 0001:00073028
 18045 0001:00073038 18056 0001:00073040 18058 0001:00073043 18059 0001:00073049
 18062 0001:00073050 18064 0001:00073063 18065 0001:00073079 18066 0001:00073086
 18067 0001:000730A1 18071 0001:000730B6 18072 0001:000730C3 18076 0001:000730C8
 18077 0001:000730CF 18078 0001:000730D5 18080 0001:000730D8 18081 0001:000730E7
 18083 0001:000730EE 18085 0001:000730F3 18095 0001:000730FF 18097 0001:00073100
 18089 0001:0007310A 18102 0001:0007311A 18105 0001:00073126 18106 0001:00073133
 18108 0001:0007314E 18109 0001:00073160 18112 0001:0007316D 18114 0001:00073172
 18124 0001:0007317F 18126 0001:00073180 18118 0001:0007318B 18131 0001:0007319B
 18134 0001:000731A7 18135 0001:000731B5 18137 0001:000731D1 18139 0001:000731DF
 18149 0001:000731E8 18150 0001:00073203 18151 0001:00073210 18152 0001:0007322C
 18153 0001:00073257 18154 0001:00073280 18156 0001:000732D0 18158 0001:000732EE
 18169 0001:00073309 18179 0001:00073324 18189 0001:00073331 18192 0001:00073342
 18199 0001:00073353 18203 0001:0007336E 18209 0001:00073389 18212 0001:0007338E
 18216 0001:000733AE 18225 0001:000733CE 18226 0001:000733CF 18228 0001:000733DC
 18233 0001:000733FC 18242 0001:00073417 18247 0001:00073432 18248 0001:0007343B
 18253 0001:00073456 18255 0001:00073464 18258 0001:000734A1 18262 0001:00073768
 18263 0001:00073782 18266 0001:00073784 18267 0001:00073787 18268 0001:00073798
 18271 0001:0007379C 18275 0001:0007379F 18277 0001:000737A6 18306 0001:000737A8
 18307 0001:000737AB 18309 0001:000737B2 18310 0001:000737B9 18315 0001:000737BC
 18316 0001:000737C4 18318 0001:000737D3 18319 0001:000737D8 18321 0001:000737E5
 18324 0001:0007380D 18325 0001:00073820 18327 0001:00073822 18319 0001:00073823
 18328 0001:00073826 18339 0001:0007382C 18340 0001:00073833 18341 0001:00073846
 18342 0001:00073854 18344 0001:0007386B 18346 0001:0007387B 18348 0001:00073880
 18349 0001:0007389D 18350 0001:000738A1 18352 0001:000738BE 18353 0001:000738CD
 18354 0001:000738DB 18355 0001:000738F3 18357 0001:00073907 18358 0001:0007391A
 18359 0001:00073920 18360 0001:00073928 18361 0001:0007393C 18363 0001:0007394F
 18365 0001:00073984 18367 0001:0007398C 18368 0001:000739AB 18369 0001:000739C9
 18371 0001:000739D3 18373 0001:000739DE 18376 0001:00073A08 18387 0001:00073A25
 18389 0001:00073A2C 18391 0001:00073A33 18392 0001:00073A3A 18393 0001:00073A41
 18394 0001:00073A48 18396 0001:00073A5D 18400 0001:00073A64 18401 0001:00073A6B
 18402 0001:00073A72 18403 0001:00073A79 18404 0001:00073A80 18405 0001:00073A87
 18406 0001:00073A8E 18407 0001:00073A95 18408 0001:00073A9C 18409 0001:00073AB3
 18410 0001:00073ACA 18411 0001:00073AD1 18412 0001:00073ADB 18413 0001:00073AE2
 18414 0001:00073AF1 18415 0001:00073AF8 18416 0001:00073B09 18417 0001:00073B13
 18419 0001:00073B1A 18420 0001:00073B24 18421 0001:00073B2E 18423 0001:00073B38
 18425 0001:00073B3D 18428 0001:00073B46 18431 0001:00073B4B 18433 0001:00073B59
 18434 0001:00073B60 18438 0001:00073B65 18439 0001:00073B76 18441 0001:00073B87
 18442 0001:00073BA0 18443 0001:00073BA9 18445 0001:00073BB1 18483 0001:00073BC4
 18485 0001:00073BC9 18486 0001:00073BDA 18487 0001:00073BEB 18488 0001:00073BFC
 18489 0001:00073C0D 18495 0001:00073C1E 18496 0001:00073C25 18497 0001:00073C31
 18498 0001:00073C38 18499 0001:00073C3F 18500 0001:00073C49 18501 0001:00073C50
 18502 0001:00073C57 18505 0001:00073C79 18506 0001:00073C8C 18508 0001:00073C9A
 18509 0001:00073CA3 18510 0001:00073CAB 18513 0001:00073CB3 18514 0001:00073CB8
 18515 0001:00073CC2 18516 0001:00073CCC 18518 0001:00073CDD 18519 0001:00073CEE
 18520 0001:00073CF3 18521 0001:00073CFA 18522 0001:00073D04 18523 0001:00073D0B
 18524 0001:00073D12 18525 0001:00073D19 18526 0001:00073D20 18527 0001:00073D27
 18529 0001:00073D2E 18530 0001:00073D35 18531 0001:00073D3C 18533 0001:00073D43
 18535 0001:00073D4A 18538 0001:00073D52 18540 0001:00073D5C 18542 0001:00073D76
 18543 0001:00073D82 18544 0001:00073D8D 18545 0001:00073D99 18547 0001:00073DA4
 18550 0001:00073DA9 18556 0001:00073DF6 18562 0001:00073E43 18568 0001:00073E90
 18569 0001:00073EA5 18571 0001:00073EAE 18585 0001:00073EC7 18591 0001:00073F14
 18597 0001:00073F61 18603 0001:00073FAE 18605 0001:00073FBC 18607 0001:00073FCA
 18609 0001:00073FD8 18610 0001:00073FDD 18614 0001:00074007 18616 0001:00074014
 18619 0001:00074028 18620 0001:00074059 18624 0001:00074095 18628 0001:0007409C
 18630 0001:000740A5 18631 0001:000740AA 18635 0001:000740D9 18642 0001:000741AC
 18643 0001:000741C5 18644 0001:000741D3 18646 0001:000741E6 18647 0001:000741F0
 18649 0001:000741FA 18650 0001:0007420D 18652 0001:00074214 18653 0001:0007421E
 18654 0001:00074225 18655 0001:0007422F 18656 0001:00074236 18657 0001:00074240
 18658 0001:00074247 18659 0001:00074251 18660 0001:00074258 18661 0001:00074262
 18663 0001:00074269 18664 0001:0007426E 18666 0001:00074279 18668 0001:0007428B
 18669 0001:00074298 18671 0001:000742A5 18673 0001:000742AE 18674 0001:000742C1
 18679 0001:000742C8 18680 0001:000742D1 18682 0001:000742E0 18683 0001:000742EA
 18684 0001:000742F1 18685 0001:000742FB 18686 0001:00074302 18687 0001:0007430C
 18689 0001:00074313 18690 0001:0007431D 18691 0001:00074327 18692 0001:00074331
 18693 0001:0007433B 18696 0001:00074342 18698 0001:0007434B 18699 0001:00074358
 18700 0001:00074367 18703 0001:0007437D 18704 0001:00074387 18705 0001:0007438E
 18706 0001:00074398 18707 0001:0007439F 18708 0001:000743A9 18710 0001:000743B0
 18711 0001:000743C0 18712 0001:000743D1 18713 0001:000743E1 18715 0001:000743F2
 18716 0001:00074401 18723 0001:00074408 18725 0001:00074411 18726 0001:0007441C
 18727 0001:00074426 18728 0001:00074430 18736 0001:00074437 18737 0001:0007443C
 18739 0001:00074450 18740 0001:0007445A 18741 0001:00074461 18743 0001:00074490
 18775 0001:00074494 18785 0001:000744A8 18786 0001:000744D4 18788 0001:00074644
 18779 0001:00074664 18780 0001:00074688 18781 0001:00074697 18782 0001:0007469C
 18784 0001:000746C0

Line numbers for SimpleTimer(SimpleTimer.pas) segment .text

   111 0001:000A6ED0   112 0001:000A6EE2   114 0001:000A6EEB   118 0001:000A6F10
   122 0001:000A6F14   124 0001:000A6F1F   128 0001:000A6F27   129 0001:000A6F3E
   134 0001:000A6F44   135 0001:000A6F47   140 0001:000A6F48   141 0001:000A6F4E
   142 0001:000A6F51   148 0001:000A6F54   149 0001:000A6F5B   152 0001:000A6F65
   154 0001:000A6F68   155 0001:000A6F6E   157 0001:000A6F77   158 0001:000A6F7E
   161 0001:000A6F88   162 0001:000A6F9D   168 0001:000A6FA4   170 0001:000A6FAD
   171 0001:000A6FBE   172 0001:000A6FC8   177 0001:000A6FCC   179 0001:000A6FD5
   180 0001:000A6FDF   183 0001:000A6FEA   184 0001:000A6FF4   187 0001:000A6FFB
   192 0001:000A6FFC   193 0001:000A700E   194 0001:000A7017   195 0001:000A703E
   199 0001:000A7044   200 0001:000A705C   201 0001:000A7065   202 0001:000A708B
   206 0001:000A7094   207 0001:000A709F   208 0001:000A70A5   209 0001:000A70AE
   210 0001:000A70B3   211 0001:000A70CA   215 0001:000A70D0   217 0001:000A70D3
   219 0001:000A70D6   220 0001:000A70DA   221 0001:000A70DE   222 0001:000A70E1
   223 0001:000A70EC   224 0001:000A70F1   229 0001:000A70F8   230 0001:000A70FC
   232 0001:000A7102   233 0001:000A7109   238 0001:000A710C   240 0001:000A7111
   241 0001:000A7116   242 0001:000A711C   243 0001:000A7120   245 0001:000A7127
   247 0001:000A712E   251 0001:000A7130   252 0001:000A7133   253 0001:000A713F
   254 0001:000A714C   255 0001:000A7153   259 0001:000A7158   260 0001:000A715B
   262 0001:000A7161   263 0001:000A7163   265 0001:000A7165   266 0001:000A716B
   268 0001:000A7174   269 0001:000A7191   271 0001:000A7195   272 0001:000A7199
   276 0001:000A71A2   280 0001:000A71A4   281 0001:000A71A7   282 0001:000A71AB
   283 0001:000A71AF   284 0001:000A71C7   285 0001:000A71D7   286 0001:000A71E0
   292 0001:000A71E4   294 0001:000A7206   295 0001:000A7210   298 0001:000A722C
   289 0001:000A7230   291 0001:000A7237

Line numbers for CoolTrayIcon(CoolTrayIcon.pas) segment .text

   345 0001:000A785C   346 0001:000A786E   347 0001:000A7877   349 0001:000A787C
   353 0001:000A78A1   357 0001:000A78A4   359 0001:000A78AF   363 0001:000A78B7
   364 0001:000A78CE   369 0001:000A78D4   370 0001:000A78D7   375 0001:000A78D8
   376 0001:000A78DE   377 0001:000A78E1   394 0001:000A78E4   395 0001:000A78E5
   396 0001:000A78EB   397 0001:000A78F7   398 0001:000A78FA   399 0001:000A7906
   400 0001:000A7909   401 0001:000A7915   402 0001:000A791A   412 0001:000A7920
   413 0001:000A792A   420 0001:000A7938   423 0001:000A79D7   426 0001:000A79E4
   427 0001:000A79ED   429 0001:000A79F6   430 0001:000A79FF   433 0001:000A7A09
   434 0001:000A7A12   435 0001:000A7A18   436 0001:000A7A31   437 0001:000A7A3D
   441 0001:000A7A4C   447 0001:000A7A59   449 0001:000A7A60   450 0001:000A7A72
   452 0001:000A7A82   453 0001:000A7A91   454 0001:000A7A97   455 0001:000A7AB2
   456 0001:000A7ABC   457 0001:000A7AC6   459 0001:000A7ADE   460 0001:000A7AEC
   465 0001:000A7AF9   467 0001:000A7B06   468 0001:000A7B15   469 0001:000A7B1B
   470 0001:000A7B36   472 0001:000A7B4E   473 0001:000A7B5C   478 0001:000A7B69
   480 0001:000A7B76   481 0001:000A7B85   482 0001:000A7B8B   486 0001:000A7BAB
   488 0001:000A7BB8   489 0001:000A7BC7   491 0001:000A7BCD   492 0001:000A7BD9
   494 0001:000A7BE0   498 0001:000A7BF8   499 0001:000A7BFF   500 0001:000A7C06
   503 0001:000A7C0F   505 0001:000A7C19   509 0001:000A7C36   510 0001:000A7C46
   512 0001:000A7C50   513 0001:000A7C5F   514 0001:000A7C65   518 0001:000A7C85
   519 0001:000A7C95   521 0001:000A7C9F   522 0001:000A7CAE   523 0001:000A7CB4
   527 0001:000A7CD4   529 0001:000A7CE1   530 0001:000A7CF0   531 0001:000A7CF6
   535 0001:000A7D16   537 0001:000A7D23   538 0001:000A7D2A   539 0001:000A7D31
   542 0001:000A7D3A   543 0001:000A7D3C   544 0001:000A7D45   545 0001:000A7D57
   547 0001:000A7D67   548 0001:000A7D7D   549 0001:000A7D8F   545 0001:000A7D90
   550 0001:000A7D95   551 0001:000A7D9D   559 0001:000A7DA9   560 0001:000A7DBA
   564 0001:000A7DCF   565 0001:000A7DE0   568 0001:000A7DF5   569 0001:000A7E02
   572 0001:000A7E14   573 0001:000A7E21   580 0001:000A7E33   585 0001:000A7E55
   596 0001:000A7E5E   625 0001:000A7E67   627 0001:000A7E7C   633 0001:000A7E90
   635 0001:000A7E99   636 0001:000A7EAA   637 0001:000A7EB4   642 0001:000A7EB8
   644 0001:000A7EC1   645 0001:000A7ECB   648 0001:000A7ED6   649 0001:000A7EE0
   652 0001:000A7EE7   657 0001:000A7EE8   658 0001:000A7EEC   659 0001:000A7EF9
   660 0001:000A7F02   662 0001:000A7F0B   663 0001:000A7F12   665 0001:000A7F1D
   666 0001:000A7F24   670 0001:000A7F28   671 0001:000A7F2C   673 0001:000A7F36
   675 0001:000A7F44   677 0001:000A7F4F   678 0001:000A7F63   680 0001:000A7F73
   682 0001:000A7F7C   688 0001:000A7F80   689 0001:000A7F87   691 0001:000A7F90
   692 0001:000A7F96   695 0001:000A7FBF   696 0001:000A7FC6   698 0001:000A7FD1
   703 0001:000A7FD8   704 0001:000A7FEF   706 0001:000A7FF8   708 0001:000A7FFD
   711 0001:000A8000   712 0001:000A8007   713 0001:000A800B   714 0001:000A800F
   716 0001:000A8016   717 0001:000A8027   718 0001:000A8031   719 0001:000A8043
   722 0001:000A804D   724 0001:000A805B   726 0001:000A8064   728 0001:000A806E
   731 0001:000A8078   732 0001:000A808C   733 0001:000A8099   734 0001:000A80AD
   735 0001:000A80BA   737 0001:000A80D7   739 0001:000A80DE   742 0001:000A80EB
   753 0001:000A80F1   757 0001:000A8103   758 0001:000A8115   760 0001:000A8135
   764 0001:000A813C   765 0001:000A8150   766 0001:000A815E   767 0001:000A8168
   768 0001:000A8172   769 0001:000A8180   770 0001:000A818E   771 0001:000A819C
   772 0001:000A81AA   773 0001:000A81B4   780 0001:000A81E6   782 0001:000A81EF
   783 0001:000A8204   784 0001:000A8219   786 0001:000A8221   787 0001:000A8226
   789 0001:000A824A   800 0001:000A8254   801 0001:000A8258   803 0001:000A825F
   804 0001:000A8271   806 0001:000A8277   807 0001:000A827B   808 0001:000A8282
   810 0001:000A828C   812 0001:000A8292   813 0001:000A829D   819 0001:000A82A4
   820 0001:000A82AB   821 0001:000A82B5   822 0001:000A82C2   823 0001:000A82CF
   827 0001:000A82DC   835 0001:000A82E0   836 0001:000A82E2   840 0001:000A82E4
   841 0001:000A82ED   843 0001:000A82F8   845 0001:000A8305   846 0001:000A830D
   848 0001:000A8316   850 0001:000A8320   851 0001:000A8325   853 0001:000A832A
   858 0001:000A8330   859 0001:000A8335   869 0001:000A8338   870 0001:000A8341
   872 0001:000A8343   876 0001:000A8360   878 0001:000A836A   879 0001:000A8377
   887 0001:000A8387   888 0001:000A8394   891 0001:000A83A2   893 0001:000A83B1
   894 0001:000A83B5   895 0001:000A83BC   896 0001:000A83C6   897 0001:000A83CC
   900 0001:000A83D3   906 0001:000A83DC   908 0001:000A83E5   909 0001:000A83F8
   910 0001:000A8405   916 0001:000A8416   917 0001:000A8421   918 0001:000A8427
   919 0001:000A8430   923 0001:000A8438   924 0001:000A843C   927 0001:000A8450
   929 0001:000A8473   933 0001:000A8484   935 0001:000A84A6   939 0001:000A84AC
   940 0001:000A84B0   941 0001:000A84CD   942 0001:000A84F1   944 0001:000A84FB
   948 0001:000A8500   949 0001:000A8508   950 0001:000A8510   959 0001:000A8514
   960 0001:000A8519   961 0001:000A851B   962 0001:000A852A   964 0001:000A853A
   965 0001:000A8552   966 0001:000A8561   967 0001:000A856E   969 0001:000A8570
   971 0001:000A8574   972 0001:000A8580   989 0001:000A8596   994 0001:000A85A8
   995 0001:000A85B8   998 0001:000A85D6  1001 0001:000A85E8  1002 0001:000A85F8
  1003 0001:000A8603  1015 0001:000A8605  1016 0001:000A8611  1040 0001:000A861C
  1045 0001:000A865C  1049 0001:000A8660  1050 0001:000A8664  1052 0001:000A866F
  1053 0001:000A8676  1054 0001:000A8683  1055 0001:000A868A  1060 0001:000A8690
  1061 0001:000A8694  1063 0001:000A869A  1064 0001:000A869F  1068 0001:000A86A0
  1069 0001:000A86A6  1070 0001:000A86AC  1076 0001:000A86B3  1078 0001:000A86B9
  1079 0001:000A86C5  1080 0001:000A86D0  1087 0001:000A86E6  1089 0001:000A86EF
  1090 0001:000A86F6  1094 0001:000A86FC  1095 0001:000A86FF  1096 0001:000A8705
  1098 0001:000A8709  1099 0001:000A8712  1100 0001:000A8723  1103 0001:000A8732
  1104 0001:000A873F  1109 0001:000A8744  1111 0001:000A874C  1112 0001:000A8752
  1114 0001:000A875D  1123 0001:000A8760  1129 0001:000A8766  1130 0001:000A876D
  1134 0001:000A8770  1135 0001:000A8776  1137 0001:000A877F  1138 0001:000A8785
  1139 0001:000A8794  1140 0001:000A87A6  1143 0001:000A87BC  1145 0001:000A87C4
  1146 0001:000A87CB  1150 0001:000A87D0  1151 0001:000A87F0  1152 0001:000A87FB
  1153 0001:000A881F  1158 0001:000A8824  1159 0001:000A8827  1160 0001:000A882C
  1165 0001:000A8830  1166 0001:000A8836  1167 0001:000A8841  1172 0001:000A8844
  1173 0001:000A884C  1174 0001:000A8855  1175 0001:000A885F  1177 0001:000A8869
  1178 0001:000A8876  1185 0001:000A8878  1186 0001:000A8882  1187 0001:000A8884
  1188 0001:000A8886  1189 0001:000A888F  1191 0001:000A88AD  1193 0001:000A88B5
  1194 0001:000A88C3  1198 0001:000A88F2  1202 0001:000A8902  1204 0001:000A8914
  1209 0001:000A8933  1212 0001:000A893F  1213 0001:000A8954  1215 0001:000A8958
  1220 0001:000A89E0  1221 0001:000A89E4  1222 0001:000A89E6  1223 0001:000A89EF
  1225 0001:000A89F3  1227 0001:000A89F9  1228 0001:000A8A02  1229 0001:000A8A0D
  1232 0001:000A8A23  1233 0001:000A8A2E  1235 0001:000A8A44  1240 0001:000A8A48
  1241 0001:000A8A4C  1242 0001:000A8A4E  1243 0001:000A8A57  1245 0001:000A8A5B
  1247 0001:000A8A61  1248 0001:000A8A6A  1249 0001:000A8A75  1252 0001:000A8A8B
  1253 0001:000A8A96  1255 0001:000A8AAC  1260 0001:000A8AB0  1261 0001:000A8AB4
  1262 0001:000A8AB6  1263 0001:000A8AC1  1264 0001:000A8AD7  1465 0001:000A8ADC
  1466 0001:000A8AE5  1472 0001:000A8AEB  1477 0001:000A8AF7  1479 0001:000A8B03
  1480 0001:000A8B09  1482 0001:000A8B12  1484 0001:000A8B26  1491 0001:000A8B44
  1497 0001:000A8B48  1498 0001:000A8B4E  1500 0001:000A8B58  1502 0001:000A8B66
  1506 0001:000A8B6C  1507 0001:000A8B6D  1508 0001:000A8B74  1509 0001:000A8B7E
  1513 0001:000A8B80  1514 0001:000A8B81  1515 0001:000A8B88  1516 0001:000A8B92
  1521 0001:000A8B94  1522 0001:000A8B9C  1523 0001:000A8BA3  1524 0001:000A8BBB
  1529 0001:000A8BC4  1530 0001:000A8BCC  1531 0001:000A8BD3  1532 0001:000A8BEB
  1536 0001:000A8BF4  1537 0001:000A8BFC  1538 0001:000A8C06  1539 0001:000A8C1E
  1543 0001:000A8C24  1544 0001:000A8C25  1545 0001:000A8C2F  1546 0001:000A8C3F
  1550 0001:000A8C44  1551 0001:000A8C45  1552 0001:000A8C4F  1553 0001:000A8C5F
  1559 0001:000A8C64  1560 0001:000A8C69  1561 0001:000A8C6B  1562 0001:000A8C75
  1563 0001:000A8C84  1565 0001:000A8C8B  1566 0001:000A8C92  1567 0001:000A8C9C
  1571 0001:000A8CA0  1573 0001:000A8CA3  1574 0001:000A8CAA  1575 0001:000A8CB3
  1595 0001:000A8CB8  1596 0001:000A8CCC  1597 0001:000A8CDE  1608 0001:000A8CE0
  1609 0001:000A8CE3  1610 0001:000A8CF5  1615 0001:000A8D02  1617 0001:000A8D0E
  1618 0001:000A8D21  1619 0001:000A8D2E  1621 0001:000A8D3F  1623 0001:000A8D4F
  1627 0001:000A8D54  1628 0001:000A8D57  1629 0001:000A8D69  1632 0001:000A8D77
  1636 0001:000A8D84  1638 0001:000A8D8B  1651 0001:000A8D90  1654 0001:000A8DB2
  1655 0001:000A8DBC  1658 0001:000A8DD8  1641 0001:000A8DDC  1644 0001:000A8DE5
  1646 0001:000A8DEA  1648 0001:000A8DF1  1650 0001:000A8E00

Line numbers for MainForm_Unit(MainForm_Unit.pas) segment .text

    29 0001:000AACD8    30 0001:000AACE4    32 0001:000AACF0    33 0001:000AACFB
    35 0001:000AAD2C    35 0001:000AAD33

Line numbers for lan_speacker(D:\Soliton\Строительство\MP\pyhome\server\lan_speacker\win\lan_speacker.dpr) segment .text

    10 0001:000AAFFC    11 0001:000AB00C    12 0001:000AB018    13 0001:000AB030
    14 0001:000AB03C

Bound resource files

C:\Program Files (x86)\EurekaLab\EurekaLog 6\Delphi7\DIALOG.RES
c:\program files (x86)\borland\delphi7\Lib\Buttons.res
c:\program files (x86)\borland\delphi7\Lib\ExtDlgs.res
c:\program files (x86)\borland\delphi7\Lib\Controls.res
MainForm_Unit.dfm
lan_speacker.res
lan_speacker.drf


Program entry point at 0001:000AAFFC
