
 Start         Length     Name                   Class
 0001:00000000 000BF008H .text                   CODE
 0002:00000000 000030E8H .data                   DATA
 0002:000030E8 00003935H .bss                    BSS


Detailed map of segments

 0001:00000000 00005C47 C=CODE     S=.text    G=(none)   M=System   ACBP=A9
 0001:00005C48 00000158 C=CODE     S=.text    G=(none)   M=SysInit  ACBP=A9
 0001:00005DA0 00000090 C=CODE     S=.text    G=(none)   M=Types    ACBP=A9
 0001:00005E30 00000E68 C=CODE     S=.text    G=(none)   M=Windows  ACBP=A9
 0001:00006C98 00000038 C=CODE     S=.text    G=(none)   M=FastMM4Messages ACBP=A9
 0001:00006CD0 0000268B C=CODE     S=.text    G=(none)   M=FastMM4  ACBP=A9
 0001:0000935C 00000038 C=CODE     S=.text    G=(none)   M=Messages ACBP=A9
 0001:00009394 00000340 C=CODE     S=.text    G=(none)   M=SysConst ACBP=A9
 0001:000096D4 000071C8 C=CODE     S=.text    G=(none)   M=SysUtils ACBP=A9
 0001:0001089C 00000807 C=CODE     S=.text    G=(none)   M=VarUtils ACBP=A9
 0001:000110A4 0000682E C=CODE     S=.text    G=(none)   M=Variants ACBP=A9
 0001:000178D4 00000190 C=CODE     S=.text    G=(none)   M=RTLConsts ACBP=A9
 0001:00017A64 00000858 C=CODE     S=.text    G=(none)   M=TypInfo  ACBP=A9
 0001:000182BC 000003A0 C=CODE     S=.text    G=(none)   M=ActiveX  ACBP=A9
 0001:0001865C 0000AF2E C=CODE     S=.text    G=(none)   M=Classes  ACBP=A9
 0001:0002358C 00000310 C=CODE     S=.text    G=(none)   M=Consts   ACBP=A9
 0001:0002389C 000095E7 C=CODE     S=.text    G=(none)   M=Graphics ACBP=A9
 0001:0002CE84 00000078 C=CODE     S=.text    G=(none)   M=Math     ACBP=A9
 0001:0002CEFC 000002D4 C=CODE     S=.text    G=(none)   M=Contnrs  ACBP=A9
 0001:0002D1D0 000001A8 C=CODE     S=.text    G=(none)   M=CommCtrl ACBP=A9
 0001:0002D378 00000793 C=CODE     S=.text    G=(none)   M=MultiMon ACBP=A9
 0001:0002DB0C 00000038 C=CODE     S=.text    G=(none)   M=Imm      ACBP=A9
 0001:0002DB44 00000FF8 C=CODE     S=.text    G=(none)   M=HelpIntfs ACBP=A9
 0001:0002EB3C 00000038 C=CODE     S=.text    G=(none)   M=WinSpool ACBP=A9
 0001:0002EB74 00000044 C=CODE     S=.text    G=(none)   M=Printers ACBP=A9
 0001:0002EBB8 0000031F C=CODE     S=.text    G=(none)   M=FlatSB   ACBP=A9
 0001:0002EED8 0000034C C=CODE     S=.text    G=(none)   M=SyncObjs ACBP=A9
 0001:0002F224 000009BB C=CODE     S=.text    G=(none)   M=UxTheme  ACBP=A9
 0001:0002FBE0 00000D74 C=CODE     S=.text    G=(none)   M=Themes   ACBP=A9
 0001:00030954 0000BC5C C=CODE     S=.text    G=(none)   M=StdCtrls ACBP=A9
 0001:0003C5B0 00000040 C=CODE     S=.text    G=(none)   M=ShellAPI ACBP=A9
 0001:0003C5F0 00000038 C=CODE     S=.text    G=(none)   M=RegStr   ACBP=A9
 0001:0003C628 00000038 C=CODE     S=.text    G=(none)   M=WinInet  ACBP=A9
 0001:0003C660 00000038 C=CODE     S=.text    G=(none)   M=UrlMon   ACBP=A9
 0001:0003C698 0000008C C=CODE     S=.text    G=(none)   M=ShlObj   ACBP=A9
 0001:0003C724 00000040 C=CODE     S=.text    G=(none)   M=CommDlg  ACBP=A9
 0001:0003C764 0000321E C=CODE     S=.text    G=(none)   M=ExtCtrls ACBP=A9
 0001:0003F984 00000038 C=CODE     S=.text    G=(none)   M=Dlgs     ACBP=A9
 0001:0003F9BC 00002345 C=CODE     S=.text    G=(none)   M=Dialogs  ACBP=A9
 0001:00041D04 00000094 C=CODE     S=.text    G=(none)   M=Clipbrd  ACBP=A9
 0001:00041D98 00000038 C=CODE     S=.text    G=(none)   M=StrUtils ACBP=A9
 0001:00041DD0 00000168 C=CODE     S=.text    G=(none)   M=StdActns ACBP=A9
 0001:00041F38 00000D1F C=CODE     S=.text    G=(none)   M=WinHelpViewer ACBP=A9
 0001:00042C58 00011323 C=CODE     S=.text    G=(none)   M=Controls ACBP=A9
 0001:00053F7C 00001A3E C=CODE     S=.text    G=(none)   M=ActnList ACBP=A9
 0001:000559BC 00001C90 C=CODE     S=.text    G=(none)   M=ImgList  ACBP=A9
 0001:0005764C 00006781 C=CODE     S=.text    G=(none)   M=Menus    ACBP=A9
 0001:0005DDD0 0000D250 C=CODE     S=.text    G=(none)   M=Forms    ACBP=A9
 0001:0006B020 00000FDC C=CODE     S=.text    G=(none)   M=DlgMessagesRU ACBP=A9
 0001:0006BFFC 00000458 C=CODE     S=.text    G=(none)   M=SimpleTimer ACBP=A9
 0001:0006C454 00000038 C=CODE     S=.text    G=(none)   M=RichEdit ACBP=A9
 0001:0006C48C 00000038 C=CODE     S=.text    G=(none)   M=ToolWin  ACBP=A9
 0001:0006C4C4 00000078 C=CODE     S=.text    G=(none)   M=ComStrs  ACBP=A9
 0001:0006C53C 00002731 C=CODE     S=.text    G=(none)   M=Buttons  ACBP=A9
 0001:0006EC70 00000038 C=CODE     S=.text    G=(none)   M=ExtDlgs  ACBP=A9
 0001:0006ECA8 00000068 C=CODE     S=.text    G=(none)   M=IniFiles ACBP=A9
 0001:0006ED10 00000624 C=CODE     S=.text    G=(none)   M=Registry ACBP=A9
 0001:0006F334 0000006C C=CODE     S=.text    G=(none)   M=Mapi     ACBP=A9
 0001:0006F3A0 00000058 C=CODE     S=.text    G=(none)   M=ExtActns ACBP=A9
 0001:0006F3F8 00000038 C=CODE     S=.text    G=(none)   M=ListActns ACBP=A9
 0001:0006F430 00004574 C=CODE     S=.text    G=(none)   M=ComCtrls ACBP=A9
 0001:000739A4 00001C7C C=CODE     S=.text    G=(none)   M=CoolTrayIcon ACBP=A9
 0001:00075620 000000D8 C=CODE     S=.text    G=(none)   M=WinSock  ACBP=A9
 0001:000756F8 00001F78 C=CODE     S=.text    G=(none)   M=ScktComp ACBP=A9
 0001:00077670 000003B8 C=CODE     S=.text    G=(none)   M=DataRec_Unit ACBP=A9
 0001:00077A28 00000040 C=CODE     S=.text    G=(none)   M=MMSystem ACBP=A9
 0001:00077A68 00000038 C=CODE     S=.text    G=(none)   M=ACS_Types ACBP=A9
 0001:00077AA0 00000359 C=CODE     S=.text    G=(none)   M=ACS_Procs ACBP=A9
 0001:00077DFC 00005124 C=CODE     S=.text    G=(none)   M=ACS_Tags ACBP=A9
 0001:0007CF20 000021FE C=CODE     S=.text    G=(none)   M=ACS_Classes ACBP=A9
 0001:0007F120 00000038 C=CODE     S=.text    G=(none)   M=_DXTypes ACBP=A9
 0001:0007F158 00000148 C=CODE     S=.text    G=(none)   M=_DirectSound ACBP=A9
 0001:0007F2A0 00000253 C=CODE     S=.text    G=(none)   M=wmfintf  ACBP=A9
 0001:0007F4F4 00000BF0 C=CODE     S=.text    G=(none)   M=libwma1  ACBP=A9
 0001:000800E4 00000810 C=CODE     S=.text    G=(none)   M=ACS_WinMedia ACBP=A9
 0001:000808F4 000001A4 C=CODE     S=.text    G=(none)   M=ACS_smpeg ACBP=A9
 0001:00080A98 00000078 C=CODE     S=.text    G=(none)   M=_MSAcm   ACBP=A9
 0001:00080B10 00000714 C=CODE     S=.text    G=(none)   M=WaveConverter ACBP=A9
 0001:00081224 00001B24 C=CODE     S=.text    G=(none)   M=ACS_Wave ACBP=A9
 0001:00082D48 00000758 C=CODE     S=.text    G=(none)   M=DSWrapper ACBP=A9
 0001:000834A0 00000914 C=CODE     S=.text    G=(none)   M=ACS_DXAudio ACBP=A9
 0001:00083DB4 00000060 C=CODE     S=.text    G=(none)   M=ComConst ACBP=A9
 0001:00083E14 000012B5 C=CODE     S=.text    G=(none)   M=ComObj   ACBP=A9
 0001:000850CC 00000038 C=CODE     S=.text    G=(none)   M=StdVCL   ACBP=A9
 0001:00085104 00001793 C=CODE     S=.text    G=(none)   M=AxCtrls  ACBP=A9
 0001:00086898 00000060 C=CODE     S=.text    G=(none)   M=OleConst ACBP=A9
 0001:000868F8 000035A1 C=CODE     S=.text    G=(none)   M=OleCtrls ACBP=A9
 0001:00089E9C 00000906 C=CODE     S=.text    G=(none)   M=OleServer ACBP=A9
 0001:0008A7A4 00001140 C=CODE     S=.text    G=(none)   M=AXVLC_TLB ACBP=A9
 0001:0008B8E4 00000040 C=CODE     S=.text    G=(none)   M=synafpc  ACBP=A9
 0001:0008B924 00001393 C=CODE     S=.text    G=(none)   M=synsock  ACBP=A9
 0001:0008CCB8 00000C00 C=CODE     S=.text    G=(none)   M=synautil ACBP=A9
 0001:0008D8B8 000001EC C=CODE     S=.text    G=(none)   M=synacode ACBP=A9
 0001:0008DAA4 00000840 C=CODE     S=.text    G=(none)   M=synaip   ACBP=A9
 0001:0008E2E4 00006590 C=CODE     S=.text    G=(none)   M=blcksock ACBP=A9
 0001:00094874 00000250 C=CODE     S=.text    G=(none)   M=FileCtrl ACBP=A9
 0001:00094AC4 00001488 C=CODE     S=.text    G=(none)   M=PropertysForm_Unit ACBP=A9
 0001:00095F4C 000005BC C=CODE     S=.text    G=(none)   M=RegForm_Unit ACBP=A9
 0001:00096508 0000038C C=CODE     S=.text    G=(none)   M=DateUtils ACBP=A9
 0001:00096894 00000AEC C=CODE     S=.text    G=(none)   M=SchedDialog_Unit ACBP=A9
 0001:00097380 000000C3 C=CODE     S=.text    G=(none)   M=CheckLst ACBP=A9
 0001:00097444 00000304 C=CODE     S=.text    G=(none)   M=MediaInfoDialog_Unit ACBP=A9
 0001:00097748 00000C2C C=CODE     S=.text    G=(none)   M=AlertForm_Unit ACBP=A9
 0001:00098374 00000038 C=CODE     S=.text    G=(none)   M=httpsend ACBP=A9
 0001:000983AC 00000CA8 C=CODE     S=.text    G=(none)   M=IdException ACBP=A9
 0001:00099054 00000368 C=CODE     S=.text    G=(none)   M=IdResourceStrings ACBP=A9
 0001:000993BC 00001188 C=CODE     S=.text    G=(none)   M=IdWinSock2 ACBP=A9
 0001:0009A544 00000038 C=CODE     S=.text    G=(none)   M=IdStackConsts ACBP=A9
 0001:0009A57C 00000D2C C=CODE     S=.text    G=(none)   M=IdStack  ACBP=A9
 0001:0009B2A8 00001130 C=CODE     S=.text    G=(none)   M=IdStackWindows ACBP=A9
 0001:0009C3D8 00000808 C=CODE     S=.text    G=(none)   M=IdURI    ACBP=A9
 0001:0009CBE0 00001A5C C=CODE     S=.text    G=(none)   M=IdGlobal ACBP=A9
 0001:0009E63C 000000FC C=CODE     S=.text    G=(none)   M=IdBaseComponent ACBP=A9
 0001:0009E738 000002EC C=CODE     S=.text    G=(none)   M=IdAntiFreezeBase ACBP=A9
 0001:0009EA24 00000645 C=CODE     S=.text    G=(none)   M=IdComponent ACBP=A9
 0001:0009F06C 00000964 C=CODE     S=.text    G=(none)   M=IdSocketHandle ACBP=A9
 0001:0009F9D0 00000500 C=CODE     S=.text    G=(none)   M=IdIntercept ACBP=A9
 0001:0009FED0 00000168 C=CODE     S=.text    G=(none)   M=IdIOHandler ACBP=A9
 0001:000A0038 000004F8 C=CODE     S=.text    G=(none)   M=IdRFCReply ACBP=A9
 0001:000A0530 00000038 C=CODE     S=.text    G=(none)   M=IdAssignedNumbers ACBP=A9
 0001:000A0568 00000B58 C=CODE     S=.text    G=(none)   M=IdSocks  ACBP=A9
 0001:000A10C0 00000038 C=CODE     S=.text    G=(none)   M=IdTCPStream ACBP=A9
 0001:000A10F8 00000038 C=CODE     S=.text    G=(none)   M=IdStream ACBP=A9
 0001:000A1130 000008DC C=CODE     S=.text    G=(none)   M=IdIOHandlerSocket ACBP=A9
 0001:000A1A0C 00002160 C=CODE     S=.text    G=(none)   M=IdTCPConnection ACBP=A9
 0001:000A3B6C 000004A0 C=CODE     S=.text    G=(none)   M=IdTCPClient ACBP=A9
 0001:000A400C 00000A90 C=CODE     S=.text    G=(none)   M=IdHeaderList ACBP=A9
 0001:000A4A9C 00000260 C=CODE     S=.text    G=(none)   M=IdCoder  ACBP=A9
 0001:000A4CFC 00000694 C=CODE     S=.text    G=(none)   M=IdCoder3to4 ACBP=A9
 0001:000A5390 000001AB C=CODE     S=.text    G=(none)   M=IdCoderMIME ACBP=A9
 0001:000A553C 00000928 C=CODE     S=.text    G=(none)   M=IdAuthentication ACBP=A9
 0001:000A5E64 00001D9C C=CODE     S=.text    G=(none)   M=IdHTTPHeaderInfo ACBP=A9
 0001:000A7C00 00001410 C=CODE     S=.text    G=(none)   M=IdSSLOpenSSLHeaders ACBP=A9
 0001:000A9010 00000084 C=CODE     S=.text    G=(none)   M=IdThread ACBP=A9
 0001:000A9094 00000038 C=CODE     S=.text    G=(none)   M=IdThreadMgrDefault ACBP=A9
 0001:000A90CC 0000011C C=CODE     S=.text    G=(none)   M=IdServerIOHandler ACBP=A9
 0001:000A91E8 00000038 C=CODE     S=.text    G=(none)   M=IdServerIOHandlerSocket ACBP=A9
 0001:000A9220 00000038 C=CODE     S=.text    G=(none)   M=IdStrings ACBP=A9
 0001:000A9258 00000038 C=CODE     S=.text    G=(none)   M=IdThreadSafe ACBP=A9
 0001:000A9290 00000038 C=CODE     S=.text    G=(none)   M=IdThreadMgr ACBP=A9
 0001:000A92C8 00000038 C=CODE     S=.text    G=(none)   M=IdTCPServer ACBP=A9
 0001:000A9300 00002954 C=CODE     S=.text    G=(none)   M=IdSSLOpenSSL ACBP=A9
 0001:000ABC54 0000176C C=CODE     S=.text    G=(none)   M=IdCookie ACBP=A9
 0001:000AD3C0 0000088C C=CODE     S=.text    G=(none)   M=IdCookieManager ACBP=A9
 0001:000ADC4C 00000204 C=CODE     S=.text    G=(none)   M=IdAuthenticationManager ACBP=A9
 0001:000ADE50 00000038 C=CODE     S=.text    G=(none)   M=IdMultipartFormData ACBP=A9
 0001:000ADE88 0000323C C=CODE     S=.text    G=(none)   M=IdHTTP   ACBP=A9
 0001:000B10C4 000009F8 C=CODE     S=.text    G=(none)   M=Mp3Player_Unit ACBP=A9
 0001:000B1ABC 00000D1C C=CODE     S=.text    G=(none)   M=libvlc   ACBP=A9
 0001:000B27D8 000004C0 C=CODE     S=.text    G=(none)   M=CamPlayer_Unit ACBP=A9
 0001:000B2C98 00000A1C C=CODE     S=.text    G=(none)   M=CamDisplay_Unit ACBP=A9
 0001:000B36B4 00000B9F C=CODE     S=.text    G=(none)   M=CamAlertDiaplay_Unit ACBP=A9
 0001:000B4254 00000B04 C=CODE     S=.text    G=(none)   M=http     ACBP=A9
 0001:000B4D58 00009C90 C=CODE     S=.text    G=(none)   M=MainForm_Unit ACBP=A9
 0001:000BE9E8 0000061F C=CODE     S=.text    G=(none)   M=lan_control ACBP=A9
 0002:00000000 000000A0 C=DATA     S=.data    G=DGROUP   M=System   ACBP=A9
 0002:000000A0 00000020 C=DATA     S=.data    G=DGROUP   M=SysInit  ACBP=A9
 0002:000000C0 00000711 C=DATA     S=.data    G=DGROUP   M=FastMM4  ACBP=A9
 0002:000007D4 00000254 C=DATA     S=.data    G=DGROUP   M=SysUtils ACBP=A9
 0002:00000A28 00000008 C=DATA     S=.data    G=DGROUP   M=VarUtils ACBP=A9
 0002:00000A30 0000013A C=DATA     S=.data    G=DGROUP   M=Variants ACBP=A9
 0002:00000B6C 0000000C C=DATA     S=.data    G=DGROUP   M=TypInfo  ACBP=A9
 0002:00000B78 00000010 C=DATA     S=.data    G=DGROUP   M=ActiveX  ACBP=A9
 0002:00000B88 00000080 C=DATA     S=.data    G=DGROUP   M=Classes  ACBP=A9
 0002:00000C08 00000304 C=DATA     S=.data    G=DGROUP   M=Graphics ACBP=A9
 0002:00000F0C 00000004 C=DATA     S=.data    G=DGROUP   M=Printers ACBP=A9
 0002:00000F10 00000068 C=DATA     S=.data    G=DGROUP   M=Themes   ACBP=A9
 0002:00000F78 00000144 C=DATA     S=.data    G=DGROUP   M=StdCtrls ACBP=A9
 0002:000010BC 0000018C C=DATA     S=.data    G=DGROUP   M=ExtCtrls ACBP=A9
 0002:00001248 00000114 C=DATA     S=.data    G=DGROUP   M=Dialogs  ACBP=A9
 0002:0000135C 0000013C C=DATA     S=.data    G=DGROUP   M=Controls ACBP=A9
 0002:00001498 00000020 C=DATA     S=.data    G=DGROUP   M=ImgList  ACBP=A9
 0002:000014B8 000000EC C=DATA     S=.data    G=DGROUP   M=Menus    ACBP=A9
 0002:000015A4 0000011C C=DATA     S=.data    G=DGROUP   M=Forms    ACBP=A9
 0002:000016C0 000000AC C=DATA     S=.data    G=DGROUP   M=DlgMessagesRU ACBP=A9
 0002:0000176C 00000004 C=DATA     S=.data    G=DGROUP   M=SimpleTimer ACBP=A9
 0002:00001770 00000046 C=DATA     S=.data    G=DGROUP   M=Buttons  ACBP=A9
 0002:000017B8 00000008 C=DATA     S=.data    G=DGROUP   M=IniFiles ACBP=A9
 0002:000017C0 00000008 C=DATA     S=.data    G=DGROUP   M=Registry ACBP=A9
 0002:000017C8 00000008 C=DATA     S=.data    G=DGROUP   M=Mapi     ACBP=A9
 0002:000017D0 00000064 C=DATA     S=.data    G=DGROUP   M=ComCtrls ACBP=A9
 0002:00001834 00000004 C=DATA     S=.data    G=DGROUP   M=CoolTrayIcon ACBP=A9
 0002:00001838 00000020 C=DATA     S=.data    G=DGROUP   M=ACS_Types ACBP=A9
 0002:00001858 000002EA C=DATA     S=.data    G=DGROUP   M=ACS_Tags ACBP=A9
 0002:00001B44 00000020 C=DATA     S=.data    G=DGROUP   M=ACS_Classes ACBP=A9
 0002:00001B64 00000038 C=DATA     S=.data    G=DGROUP   M=wmfintf  ACBP=A9
 0002:00001B9C 000001C4 C=DATA     S=.data    G=DGROUP   M=ACS_Wave ACBP=A9
 0002:00001D60 00000030 C=DATA     S=.data    G=DGROUP   M=ComObj   ACBP=A9
 0002:00001D90 0000002C C=DATA     S=.data    G=DGROUP   M=OleCtrls ACBP=A9
 0002:00001DBC 000000B0 C=DATA     S=.data    G=DGROUP   M=AXVLC_TLB ACBP=A9
 0002:00001E6C 000000A4 C=DATA     S=.data    G=DGROUP   M=synsock  ACBP=A9
 0002:00001F10 0000016C C=DATA     S=.data    G=DGROUP   M=synautil ACBP=A9
 0002:0000207C 00000004 C=DATA     S=.data    G=DGROUP   M=blcksock ACBP=A9
 0002:00002080 00000544 C=DATA     S=.data    G=DGROUP   M=IdWinSock2 ACBP=A9
 0002:000025C4 0000000C C=DATA     S=.data    G=DGROUP   M=IdStack  ACBP=A9
 0002:000025D0 00000001 C=DATA     S=.data    G=DGROUP   M=IdStackWindows ACBP=A9
 0002:000025D4 0000009C C=DATA     S=.data    G=DGROUP   M=IdGlobal ACBP=A9
 0002:00002670 00000004 C=DATA     S=.data    G=DGROUP   M=IdAntiFreezeBase ACBP=A9
 0002:00002674 00000028 C=DATA     S=.data    G=DGROUP   M=IdComponent ACBP=A9
 0002:0000269C 00000008 C=DATA     S=.data    G=DGROUP   M=IdIOHandlerSocket ACBP=A9
 0002:000026A4 00000004 C=DATA     S=.data    G=DGROUP   M=IdCoderMIME ACBP=A9
 0002:000026A8 00000004 C=DATA     S=.data    G=DGROUP   M=IdAuthentication ACBP=A9
 0002:000026AC 0000014C C=DATA     S=.data    G=DGROUP   M=IdSSLOpenSSLHeaders ACBP=A9
 0002:000027F8 00000004 C=DATA     S=.data    G=DGROUP   M=IdSSLOpenSSL ACBP=A9
 0002:000027FC 0000004C C=DATA     S=.data    G=DGROUP   M=IdCookie ACBP=A9
 0002:00002848 00000028 C=DATA     S=.data    G=DGROUP   M=IdHTTP   ACBP=A9
 0002:00004000 00000664 C=BSS      S=.bss     G=DGROUP   M=System   ACBP=A9
 0002:00004664 00000010 C=BSS      S=.bss     G=DGROUP   M=SysInit  ACBP=A9
 0002:00004674 00000004 C=BSS      S=.bss     G=DGROUP   M=Types    ACBP=A9
 0002:00004678 00000004 C=BSS      S=.bss     G=DGROUP   M=Windows  ACBP=A9
 0002:0000467C 00000004 C=BSS      S=.bss     G=DGROUP   M=FastMM4Messages ACBP=A9
 0002:00004680 00002223 C=BSS      S=.bss     G=DGROUP   M=FastMM4  ACBP=A9
 0002:000068A4 00000004 C=BSS      S=.bss     G=DGROUP   M=Messages ACBP=A9
 0002:000068A8 00000004 C=BSS      S=.bss     G=DGROUP   M=SysConst ACBP=A9
 0002:000068AC 00000120 C=BSS      S=.bss     G=DGROUP   M=SysUtils ACBP=A9
 0002:000069CC 0000005C C=BSS      S=.bss     G=DGROUP   M=VarUtils ACBP=A9
 0002:00006A28 00000040 C=BSS      S=.bss     G=DGROUP   M=Variants ACBP=A9
 0002:00006A68 00000004 C=BSS      S=.bss     G=DGROUP   M=RTLConsts ACBP=A9
 0002:00006A6C 00000004 C=BSS      S=.bss     G=DGROUP   M=TypInfo  ACBP=A9
 0002:00006A70 00000004 C=BSS      S=.bss     G=DGROUP   M=ActiveX  ACBP=A9
 0002:00006A74 00000044 C=BSS      S=.bss     G=DGROUP   M=Classes  ACBP=A9
 0002:00006AB8 00000004 C=BSS      S=.bss     G=DGROUP   M=Consts   ACBP=A9
 0002:00006ABC 00000060 C=BSS      S=.bss     G=DGROUP   M=Graphics ACBP=A9
 0002:00006B1C 00000004 C=BSS      S=.bss     G=DGROUP   M=Math     ACBP=A9
 0002:00006B20 00000004 C=BSS      S=.bss     G=DGROUP   M=Contnrs  ACBP=A9
 0002:00006B24 0000000C C=BSS      S=.bss     G=DGROUP   M=CommCtrl ACBP=A9
 0002:00006B30 00000031 C=BSS      S=.bss     G=DGROUP   M=MultiMon ACBP=A9
 0002:00006B64 00000004 C=BSS      S=.bss     G=DGROUP   M=Imm      ACBP=A9
 0002:00006B68 00000008 C=BSS      S=.bss     G=DGROUP   M=HelpIntfs ACBP=A9
 0002:00006B70 00000004 C=BSS      S=.bss     G=DGROUP   M=WinSpool ACBP=A9
 0002:00006B74 00000004 C=BSS      S=.bss     G=DGROUP   M=Printers ACBP=A9
 0002:00006B78 00000034 C=BSS      S=.bss     G=DGROUP   M=FlatSB   ACBP=A9
 0002:00006BAC 00000004 C=BSS      S=.bss     G=DGROUP   M=SyncObjs ACBP=A9
 0002:00006BB0 000000CC C=BSS      S=.bss     G=DGROUP   M=UxTheme  ACBP=A9
 0002:00006C7C 00000008 C=BSS      S=.bss     G=DGROUP   M=Themes   ACBP=A9
 0002:00006C84 00000004 C=BSS      S=.bss     G=DGROUP   M=StdCtrls ACBP=A9
 0002:00006C88 00000004 C=BSS      S=.bss     G=DGROUP   M=ShellAPI ACBP=A9
 0002:00006C8C 00000004 C=BSS      S=.bss     G=DGROUP   M=RegStr   ACBP=A9
 0002:00006C90 00000004 C=BSS      S=.bss     G=DGROUP   M=WinInet  ACBP=A9
 0002:00006C94 00000004 C=BSS      S=.bss     G=DGROUP   M=UrlMon   ACBP=A9
 0002:00006C98 00000004 C=BSS      S=.bss     G=DGROUP   M=ShlObj   ACBP=A9
 0002:00006C9C 00000004 C=BSS      S=.bss     G=DGROUP   M=CommDlg  ACBP=A9
 0002:00006CA0 00000004 C=BSS      S=.bss     G=DGROUP   M=ExtCtrls ACBP=A9
 0002:00006CA4 00000004 C=BSS      S=.bss     G=DGROUP   M=Dlgs     ACBP=A9
 0002:00006CA8 00000038 C=BSS      S=.bss     G=DGROUP   M=Dialogs  ACBP=A9
 0002:00006CE0 0000000C C=BSS      S=.bss     G=DGROUP   M=Clipbrd  ACBP=A9
 0002:00006CEC 00000004 C=BSS      S=.bss     G=DGROUP   M=StrUtils ACBP=A9
 0002:00006CF0 00000004 C=BSS      S=.bss     G=DGROUP   M=StdActns ACBP=A9
 0002:00006CF4 00000014 C=BSS      S=.bss     G=DGROUP   M=WinHelpViewer ACBP=A9
 0002:00006D08 00000080 C=BSS      S=.bss     G=DGROUP   M=Controls ACBP=A9
 0002:00006D88 00000004 C=BSS      S=.bss     G=DGROUP   M=ActnList ACBP=A9
 0002:00006D8C 0000000C C=BSS      S=.bss     G=DGROUP   M=ImgList  ACBP=A9
 0002:00006D98 00000010 C=BSS      S=.bss     G=DGROUP   M=Menus    ACBP=A9
 0002:00006DA8 00000020 C=BSS      S=.bss     G=DGROUP   M=Forms    ACBP=A9
 0002:00006DC8 0000003C C=BSS      S=.bss     G=DGROUP   M=DlgMessagesRU ACBP=A9
 0002:00006E04 00000004 C=BSS      S=.bss     G=DGROUP   M=SimpleTimer ACBP=A9
 0002:00006E08 00000004 C=BSS      S=.bss     G=DGROUP   M=RichEdit ACBP=A9
 0002:00006E0C 00000004 C=BSS      S=.bss     G=DGROUP   M=ToolWin  ACBP=A9
 0002:00006E10 00000004 C=BSS      S=.bss     G=DGROUP   M=ComStrs  ACBP=A9
 0002:00006E14 00000030 C=BSS      S=.bss     G=DGROUP   M=Buttons  ACBP=A9
 0002:00006E44 00000004 C=BSS      S=.bss     G=DGROUP   M=ExtDlgs  ACBP=A9
 0002:00006E48 00000004 C=BSS      S=.bss     G=DGROUP   M=IniFiles ACBP=A9
 0002:00006E4C 00000004 C=BSS      S=.bss     G=DGROUP   M=Registry ACBP=A9
 0002:00006E50 00000004 C=BSS      S=.bss     G=DGROUP   M=Mapi     ACBP=A9
 0002:00006E54 00000009 C=BSS      S=.bss     G=DGROUP   M=ExtActns ACBP=A9
 0002:00006E60 00000004 C=BSS      S=.bss     G=DGROUP   M=ListActns ACBP=A9
 0002:00006E64 00000010 C=BSS      S=.bss     G=DGROUP   M=ComCtrls ACBP=A9
 0002:00006E74 00000008 C=BSS      S=.bss     G=DGROUP   M=CoolTrayIcon ACBP=A9
 0002:00006E7C 00000004 C=BSS      S=.bss     G=DGROUP   M=WinSock  ACBP=A9
 0002:00006E80 00000194 C=BSS      S=.bss     G=DGROUP   M=ScktComp ACBP=A9
 0002:00007014 00000004 C=BSS      S=.bss     G=DGROUP   M=DataRec_Unit ACBP=A9
 0002:00007018 00000004 C=BSS      S=.bss     G=DGROUP   M=MMSystem ACBP=A9
 0002:0000701C 00000004 C=BSS      S=.bss     G=DGROUP   M=ACS_Types ACBP=A9
 0002:00007020 00000008 C=BSS      S=.bss     G=DGROUP   M=ACS_Procs ACBP=A9
 0002:00007028 00000004 C=BSS      S=.bss     G=DGROUP   M=ACS_Tags ACBP=A9
 0002:0000702C 00000010 C=BSS      S=.bss     G=DGROUP   M=ACS_Classes ACBP=A9
 0002:0000703C 00000004 C=BSS      S=.bss     G=DGROUP   M=_DXTypes ACBP=A9
 0002:00007040 00000004 C=BSS      S=.bss     G=DGROUP   M=_DirectSound ACBP=A9
 0002:00007044 0000001C C=BSS      S=.bss     G=DGROUP   M=wmfintf  ACBP=A9
 0002:00007060 00000004 C=BSS      S=.bss     G=DGROUP   M=libwma1  ACBP=A9
 0002:00007064 00000004 C=BSS      S=.bss     G=DGROUP   M=ACS_WinMedia ACBP=A9
 0002:00007068 00000004 C=BSS      S=.bss     G=DGROUP   M=ACS_smpeg ACBP=A9
 0002:0000706C 00000004 C=BSS      S=.bss     G=DGROUP   M=_MSAcm   ACBP=A9
 0002:00007070 00000004 C=BSS      S=.bss     G=DGROUP   M=WaveConverter ACBP=A9
 0002:00007074 00000004 C=BSS      S=.bss     G=DGROUP   M=ACS_Wave ACBP=A9
 0002:00007078 00000004 C=BSS      S=.bss     G=DGROUP   M=DSWrapper ACBP=A9
 0002:0000707C 00000004 C=BSS      S=.bss     G=DGROUP   M=ACS_DXAudio ACBP=A9
 0002:00007080 00000004 C=BSS      S=.bss     G=DGROUP   M=ComConst ACBP=A9
 0002:00007084 00000011 C=BSS      S=.bss     G=DGROUP   M=ComObj   ACBP=A9
 0002:00007098 00000004 C=BSS      S=.bss     G=DGROUP   M=StdVCL   ACBP=A9
 0002:0000709C 0000001C C=BSS      S=.bss     G=DGROUP   M=AxCtrls  ACBP=A9
 0002:000070B8 00000004 C=BSS      S=.bss     G=DGROUP   M=OleConst ACBP=A9
 0002:000070BC 00000014 C=BSS      S=.bss     G=DGROUP   M=OleCtrls ACBP=A9
 0002:000070D0 00000004 C=BSS      S=.bss     G=DGROUP   M=OleServer ACBP=A9
 0002:000070D4 00000004 C=BSS      S=.bss     G=DGROUP   M=AXVLC_TLB ACBP=A9
 0002:000070D8 00000004 C=BSS      S=.bss     G=DGROUP   M=synafpc  ACBP=A9
 0002:000070DC 0000002C C=BSS      S=.bss     G=DGROUP   M=synsock  ACBP=A9
 0002:00007108 00000038 C=BSS      S=.bss     G=DGROUP   M=synautil ACBP=A9
 0002:00007140 00000004 C=BSS      S=.bss     G=DGROUP   M=synacode ACBP=A9
 0002:00007144 00000004 C=BSS      S=.bss     G=DGROUP   M=synaip   ACBP=A9
 0002:00007148 00000192 C=BSS      S=.bss     G=DGROUP   M=blcksock ACBP=A9
 0002:000072DC 00000004 C=BSS      S=.bss     G=DGROUP   M=FileCtrl ACBP=A9
 0002:000072E0 0000000C C=BSS      S=.bss     G=DGROUP   M=PropertysForm_Unit ACBP=A9
 0002:000072EC 00000008 C=BSS      S=.bss     G=DGROUP   M=RegForm_Unit ACBP=A9
 0002:000072F4 00000004 C=BSS      S=.bss     G=DGROUP   M=DateUtils ACBP=A9
 0002:000072F8 00000008 C=BSS      S=.bss     G=DGROUP   M=SchedDialog_Unit ACBP=A9
 0002:00007300 0000000C C=BSS      S=.bss     G=DGROUP   M=CheckLst ACBP=A9
 0002:0000730C 00000008 C=BSS      S=.bss     G=DGROUP   M=MediaInfoDialog_Unit ACBP=A9
 0002:00007314 00000008 C=BSS      S=.bss     G=DGROUP   M=AlertForm_Unit ACBP=A9
 0002:0000731C 00000004 C=BSS      S=.bss     G=DGROUP   M=httpsend ACBP=A9
 0002:00007320 00000004 C=BSS      S=.bss     G=DGROUP   M=IdException ACBP=A9
 0002:00007324 00000004 C=BSS      S=.bss     G=DGROUP   M=IdResourceStrings ACBP=A9
 0002:00007328 000001E8 C=BSS      S=.bss     G=DGROUP   M=IdWinSock2 ACBP=A9
 0002:00007510 00000004 C=BSS      S=.bss     G=DGROUP   M=IdStackConsts ACBP=A9
 0002:00007514 00000008 C=BSS      S=.bss     G=DGROUP   M=IdStack  ACBP=A9
 0002:0000751C 00000004 C=BSS      S=.bss     G=DGROUP   M=IdStackWindows ACBP=A9
 0002:00007520 00000004 C=BSS      S=.bss     G=DGROUP   M=IdURI    ACBP=A9
 0002:00007524 00000014 C=BSS      S=.bss     G=DGROUP   M=IdGlobal ACBP=A9
 0002:00007538 00000004 C=BSS      S=.bss     G=DGROUP   M=IdBaseComponent ACBP=A9
 0002:0000753C 00000004 C=BSS      S=.bss     G=DGROUP   M=IdAntiFreezeBase ACBP=A9
 0002:00007540 00000008 C=BSS      S=.bss     G=DGROUP   M=IdComponent ACBP=A9
 0002:00007548 00000004 C=BSS      S=.bss     G=DGROUP   M=IdSocketHandle ACBP=A9
 0002:0000754C 00000004 C=BSS      S=.bss     G=DGROUP   M=IdIntercept ACBP=A9
 0002:00007550 00000004 C=BSS      S=.bss     G=DGROUP   M=IdIOHandler ACBP=A9
 0002:00007554 00000004 C=BSS      S=.bss     G=DGROUP   M=IdRFCReply ACBP=A9
 0002:00007558 00000004 C=BSS      S=.bss     G=DGROUP   M=IdAssignedNumbers ACBP=A9
 0002:0000755C 00000004 C=BSS      S=.bss     G=DGROUP   M=IdSocks  ACBP=A9
 0002:00007560 00000004 C=BSS      S=.bss     G=DGROUP   M=IdTCPStream ACBP=A9
 0002:00007564 00000004 C=BSS      S=.bss     G=DGROUP   M=IdStream ACBP=A9
 0002:00007568 00000004 C=BSS      S=.bss     G=DGROUP   M=IdIOHandlerSocket ACBP=A9
 0002:0000756C 00000004 C=BSS      S=.bss     G=DGROUP   M=IdTCPConnection ACBP=A9
 0002:00007570 00000004 C=BSS      S=.bss     G=DGROUP   M=IdTCPClient ACBP=A9
 0002:00007574 00000004 C=BSS      S=.bss     G=DGROUP   M=IdHeaderList ACBP=A9
 0002:00007578 00000004 C=BSS      S=.bss     G=DGROUP   M=IdCoder  ACBP=A9
 0002:0000757C 00000004 C=BSS      S=.bss     G=DGROUP   M=IdCoder3to4 ACBP=A9
 0002:00007580 00000084 C=BSS      S=.bss     G=DGROUP   M=IdCoderMIME ACBP=A9
 0002:00007604 00000004 C=BSS      S=.bss     G=DGROUP   M=IdAuthentication ACBP=A9
 0002:00007608 00000004 C=BSS      S=.bss     G=DGROUP   M=IdHTTPHeaderInfo ACBP=A9
 0002:0000760C 00000004 C=BSS      S=.bss     G=DGROUP   M=IdSSLOpenSSLHeaders ACBP=A9
 0002:00007610 0000000C C=BSS      S=.bss     G=DGROUP   M=IdThread ACBP=A9
 0002:0000761C 00000004 C=BSS      S=.bss     G=DGROUP   M=IdThreadMgrDefault ACBP=A9
 0002:00007620 00000004 C=BSS      S=.bss     G=DGROUP   M=IdServerIOHandler ACBP=A9
 0002:00007624 00000004 C=BSS      S=.bss     G=DGROUP   M=IdServerIOHandlerSocket ACBP=A9
 0002:00007628 00000004 C=BSS      S=.bss     G=DGROUP   M=IdStrings ACBP=A9
 0002:0000762C 00000004 C=BSS      S=.bss     G=DGROUP   M=IdThreadSafe ACBP=A9
 0002:00007630 00000004 C=BSS      S=.bss     G=DGROUP   M=IdThreadMgr ACBP=A9
 0002:00007634 00000004 C=BSS      S=.bss     G=DGROUP   M=IdTCPServer ACBP=A9
 0002:00007638 00000014 C=BSS      S=.bss     G=DGROUP   M=IdSSLOpenSSL ACBP=A9
 0002:0000764C 00000004 C=BSS      S=.bss     G=DGROUP   M=IdCookie ACBP=A9
 0002:00007650 00000004 C=BSS      S=.bss     G=DGROUP   M=IdCookieManager ACBP=A9
 0002:00007654 00000004 C=BSS      S=.bss     G=DGROUP   M=IdAuthenticationManager ACBP=A9
 0002:00007658 00000004 C=BSS      S=.bss     G=DGROUP   M=IdMultipartFormData ACBP=A9
 0002:0000765C 00000004 C=BSS      S=.bss     G=DGROUP   M=IdHTTP   ACBP=A9
 0002:00007660 00000008 C=BSS      S=.bss     G=DGROUP   M=Mp3Player_Unit ACBP=A9
 0002:00007668 00000290 C=BSS      S=.bss     G=DGROUP   M=libvlc   ACBP=A9
 0002:000078F8 00000004 C=BSS      S=.bss     G=DGROUP   M=CamPlayer_Unit ACBP=A9
 0002:000078FC 00000008 C=BSS      S=.bss     G=DGROUP   M=CamDisplay_Unit ACBP=A9
 0002:00007904 00000008 C=BSS      S=.bss     G=DGROUP   M=CamAlertDiaplay_Unit ACBP=A9
 0002:0000790C 00000004 C=BSS      S=.bss     G=DGROUP   M=http     ACBP=A9
 0002:00007910 00000020 C=BSS      S=.bss     G=DGROUP   M=MainForm_Unit ACBP=A9
 0002:00007930 00000004 C=BSS      S=.bss     G=DGROUP   M=lan_control ACBP=A9


  Address         Publics by Name

 0002:0000709C       .02
 0002:00006B24       .1
 0002:00006E08       .1
 0002:00006E10       .1
 0002:00006AB8       .1
 0002:00006E50       .1
 0002:00007628       .1
 0002:00006E7C       .1
 0002:00006A68       .1
 0002:0000760C       .1
 0002:0000701C       .1
 0002:00007558       .1
 0002:00006B50       .1
 0002:00006B64       .1
 0002:00007024       .1
 0002:0000703C       .1
 0002:00007040       .1
 0002:00006B98       .1
 0002:0000705C       .1
 0002:00006C6C       .1
 0002:0000706C       .1
 0002:0000466C       .1
 0002:00006CFC       .1
 0002:00006CEC       .1
 0002:00004674       .1
 0002:00007078       .1
 0002:00007080       .1
 0002:00007098       .1
 0002:0000467C       .1
 0002:00004684       .1
 0002:00007510       .1
 0002:00007324       .1
 0002:000070B8       .1
 0002:00006C88       .1
 0002:00006C8C       .1
 0002:00006C90       .1
 0002:00006C94       .1
 0002:000068A4       .1
 0002:000068A8       .1
 0002:000070D8       .1
 0002:00006C98       .1
 0002:00006C9C       .1
 0002:00007104       .1
 0002:00006CA4       .1
 0002:00007140       .1
 0002:00007144       .1
 0002:000072F4       .1
 0002:00006DC8       .1
 0002:00006CA8       .11
 0002:00007634       .11
 0002:0000752C       .11
 0002:00006CA0       .12
 0002:00006AC0       .12
 0002:00007310       .2
 0002:00007138       .2
 0002:00006E04       .2
 0002:0000731C       .2
 0002:000070D4       .2
 0002:00007570       .2
 0002:00007508       .2
 0002:00007574       .2
 0002:00007900       .2
 0002:00007624       .2
 0002:00006E74       .2
 0002:00007538       .2
 0002:000078F8       .2
 0002:00006CE4       .2
 0002:0000753C       .2
 0002:00007070       .2
 0002:00007668       .2
 0002:00007620       .2
 0002:00007664       .2
 0002:00007550       .2
 0002:00006C7C       .2
 0002:00007068       .2
 0002:0000761C       .2
 0002:00006B1C       .2
 0002:00007568       .2
 0002:00007560       .2
 0002:00006B68       .2
 0002:0000755C       .2
 0002:00007908       .2
 0002:000072E8       .2
 0002:00007650       .2
 0002:00007300       .2
 0002:000072FC       .2
 0002:00006B20       .21
 0002:00007638       .22
 0002:00007600       .3
 0002:00006B74       .3
 0002:0000757C       .3
 0002:00007554       .3
 0002:00006A70       .3
 0002:00007540       .3
 0002:00004678       .3
 0002:0000707C       .3
 0002:00007578       .3
 0002:00007520       .3
 0002:00006D8C       .3
 0002:00006E44       .3
 0002:0000751C       .3
 0002:0000790C       .3
 0002:000070D0       .3
 0002:00007564       .3
 0002:00007318       .3
 0002:000072F0       .3
 0002:00007014       .3
 0002:00006B70       .3
 0002:0000756C       .31
 0002:000069BC       .35
 0002:00006E64       .36
 0002:00007630       .4
 0002:0000754C       .4
 0002:00006E0C       .4
 0002:00007604       .4
 0002:00007654       .4
 0002:00006E14       .4
 0002:00007074       .4
 0002:00006E80       .41
 0002:00006DB0       .41
 0002:00007084       .41
 0002:00006C84       .42
 0002:00006A80       .45
 0002:00006A24       .5
 0002:00006E4C       .5
 0002:00007060       .5
 0002:00007658       .5
 0002:000070CC       .5
 0002:000072DC       .5
 0002:00007610       .5
 0002:00007608       .5
 0002:000045BC       .5
 0002:00007148       .51
 0002:00006BAC       .6
 0002:00006A6C       .6
 0002:00007320       .64
 0002:00007018       .7
 0002:00007064       .7
 0002:0000762C       .7
 0002:00007518       .7
 0002:00006E54       .72
 0002:00006D10       .72
 0002:00006CF0       .73
 0002:0000765C       .8
 0002:00006E48       .8
 0002:00006E60       .8
 0002:00007028       .8
 0002:00006D88       .8
 0002:00006A48       .81
 0002:00007034       .81
 0002:00007548       .9
 0002:00006DA0       .9
 0002:0000764C       .9
 0002:00007914       .9
 0001:00002354       @AbstractError
 0001:00004600       @AddRefArray
 0001:000045B8       @AddRefRecord
 0001:00002F18       @AfterConstruction
 0001:00002D44       @AsClass
 0001:000024F8       @AStrCmp
 0001:00002F28       @BeforeDestruction
 0001:00002ABC       @BoundErr
 0001:00002D90       @CallDynaInst
 0001:00005684       @CheckAutoResult
 0001:00002EC0       @ClassCreate
 0001:00002F10       @ClassDestroy
 0001:000023C4       @Close
 0001:00002048       @Copy
 0001:000047F4       @CopyArray
 0001:000046D8       @CopyRecord
 0001:00004960       @DispCallByIDError
 0001:00011C84       @DispInvokeError
 0001:000048FC       @Dispose
 0001:000033A4       @DoneExcept
 0001:00004E78       @DynArrayAddRef
 0001:00004E50       @DynArrayAsg
 0001:00004E14       @DynArrayClear
 0001:00004C34       @DynArrayHigh
 0001:00004C2C       @DynArrayLength
 0001:00004E08       @DynArraySetLength
 0001:0000348C       @ExceptionHandler
 0001:00002568       @FillChar
 0001:000045AC       @Finalize
 0001:000044C0       @FinalizeArray
 0001:00004474       @FinalizeRecord
 0001:00002DA8       @FindDynaInst
 0001:00002AB0       @FpuInit
 0001:000029EC       @FpuMaskInit
 0001:00002300       @FRAC
 0001:00001E54       @FreeMem
 0001:00001E24       @GetMem
 0001:00005CD8       @GetTls
 0001:000038FC       @Halt
 0001:0000381C       @Halt0
 0001:0000303C       @HandleAnyException
 0001:000032F0       @HandleFinally
 0001:00003168       @HandleOnException
 0001:00005D24       @InitExe
 0001:00004468       @Initialize
 0001:000043D4       @InitializeArray
 0001:000043A4       @InitializeRecord
 0001:000036E0       @InitImports
 0001:000036B8       @InitResStringImports
 0001:00003694       @InitResStrings
 0001:000055E8       @IntfAddRef
 0001:000055B8       @IntfCast
 0001:00005574       @IntfClear
 0001:0000558C       @IntfCopy
 0001:00002AC4       @IntOver
 0001:00002D20       @IsClass
 0001:000029BC       @isNECWindows
 0001:00003E48       @LStrAddRef
 0001:000039BC       @LStrArrayClr
 0001:000039EC       @LStrAsg
 0001:00003C60       @LStrCat
 0001:00003CA4       @LStrCat3
 0001:00003D18       @LStrCatN
 0001:00003998       @LStrClr
 0001:00003DA4       @LStrCmp
 0001:00003EB8       @LStrCopy
 0001:00003EF8       @LStrDelete
 0001:00003C08       @LStrFromArray
 0001:00003B80       @LStrFromChar
 0001:00003B90       @LStrFromPChar
 0001:00003A88       @LStrFromPCharLen
 0001:00003BC0       @LStrFromPWChar
 0001:00003AF4       @LStrFromPWCharLen
 0001:00003BFC       @LStrFromString
 0001:00003C20       @LStrFromWStr
 0001:00003F40       @LStrInsert
 0001:00003A30       @LStrLAsg
 0001:00003C58       @LStrLen
 0001:00004048       @LStrOfChar
 0001:00003F9C       @LStrPos
 0001:00003FE4       @LStrSetLength
 0001:00003E58       @LStrToPChar
 0001:00003C34       @LStrToString
 0001:000048E8       @New
 0001:00003A5C       @NewAnsiString
 0001:0000407C       @NewWideString
 0001:000163C8       @OleVarFromLStr
 0001:00016484       @OleVarFromVar
 0001:000026D0       @Pow10
 0001:00002474       @PStrCmp
 0001:0000244C       @PStrCpy
 0001:0000241C       @PStrNCat
 0001:00002458       @PStrNCpy
 0001:00003350       @RaiseAgain
 0001:00003328       @RaiseExcept
 0001:00002588       @RandInt
 0001:00001E74       @ReallocMem
 0001:00002324       @ROUND
 0001:00003908       @RunError
 0001:000026A8       @SetEq
 0001:000026BC       @SetUnion
 0001:00003654       @StartExe
 0001:00000388       @strlen
 0001:00002330       @TRUNC
 0001:000033D4       @TryFinallyExit
 0001:00003EB0       @UniqueStringA
 0001:00004A08       @ValInt64
 0001:000025A4       @ValLong
 0001:000045E8       @VarAddRef
 0001:00016F30       @VarAddRef
 0001:00012578       @VarCast
 0001:00011F70       @VarClear
 0001:000044A8       @VarClr
 0001:00011F84       @VarClr
 0001:000177A0       @VarCmpEQ
 0001:000046C0       @VarCopy
 0001:000122AC       @VarCopy
 0001:000162A8       @VarFromBool
 0001:00016134       @VarFromByte
 0001:000162F8       @VarFromCurr
 0001:00016250       @VarFromCurrency
 0001:0001627C       @VarFromDate
 0001:0001639C       @VarFromDisp
 0001:00016224       @VarFromDouble
 0001:000160D8       @VarFromInt
 0001:000161D4       @VarFromInt64
 0001:00016114       @VarFromInteger
 0001:00016370       @VarFromIntf
 0001:00016174       @VarFromLongWord
 0001:0001630C       @VarFromLStr
 0001:000162D0       @VarFromReal
 0001:00016194       @VarFromShortInt
 0001:00016200       @VarFromSingle
 0001:000161B4       @VarFromSmallInt
 0001:000162E4       @VarFromTDateTime
 0001:00016154       @VarFromWord
 0001:00016338       @VarFromWStr
 0001:00011CD8       @VarNull
 0001:000139FC       @VarToBoolean
 0001:00012E3C       @VarToByte
 0001:00014BC0       @VarToCurrency
 0001:00014658       @VarToDate
 0001:0001602C       @VarToDisp
 0001:00013F04       @VarToDouble
 0001:00013400       @VarToInt64
 0001:0001293C       @VarToInteger
 0001:00015F60       @VarToIntf
 0001:000130B4       @VarToLongWord
 0001:00015274       @VarToLStr
 0001:00012D8C       @VarToShortInt
 0001:00014280       @VarToSingle
 0001:00012EE4       @VarToSmallInt
 0001:00012FDC       @VarToWord
 0001:00015994       @VarToWStr
 0001:00004384       @WStrAddRef
 0001:000040BC       @WStrArrayClr
 0001:000040E0       @WStrAsg
 0001:000040A4       @WStrClr
 0001:0000421C       @WStrCmp
 0001:000042A0       @WStrCopy
 0001:000041F0       @WStrFromLStr
 0001:00004104       @WStrFromPCharLen
 0001:000041B4       @WStrFromPWChar
 0001:00004190       @WStrFromPWCharLen
 0001:00004210       @WStrLen
 0001:000042EC       @WStrPos
 0001:0000433C       @WStrSetLength
 0001:00004200       @WStrToPWChar
 0001:00002684       @_CLenToPasStr
 0001:00002678       @_CToPasStr
 0001:00002018       @_IOTest
 0001:0000498C       @_lldiv
 0001:00004968       @_llmul
 0001:0000E558       Abort
 0001:00045E24       AbsMin
 0001:0000E930       AbstractErrorHandler
 0002:0000402C       AbstractErrorProc
 0002:0000732C       accept
 0001:0008BB54       Accept
 0002:000074DC       AcceptEx
 0002:00000858       AccessMode
 0002:00001B44       AccessMode
 0001:00080AA0       acmFormatSuggest
 0001:00080A98       acmMetrics
 0001:00080AB0       acmStreamClose
 0001:00080AC0       acmStreamConvert
 0001:00080AA8       acmStreamOpen
 0001:00080AC8       acmStreamPrepareHeader
 0001:00080AB8       acmStreamSize
 0001:00080AD0       acmStreamUnprepareHeader
 0001:00001F78       AcquireExceptionObject
 0001:0007F0F8       ACS_Classes
 0001:00083DAC       ACS_DXAudio
 0001:00077DCC       ACS_Procs
 0001:00080A90       ACS_smpeg
 0001:0007CF18       ACS_Tags
 0001:00077A98       ACS_Types
 0001:00082D40       ACS_Wave
 0001:000808EC       ACS_WinMedia
 0001:0001AD30       ActivateClassGroup
 0001:00006494       ActivateKeyboardLayout
 0002:00006D44       ActiveDrag
 0001:00018654       ActiveX
 0001:00055990       ActnList
 0002:00001D40       adaptive
 0001:000004F8       AddBlockAfter
 0001:000AC1B0       AddCookieFlag
 0001:000AC0F0       AddCookieProperty
 0002:00000B88       AddDataModule
 0001:0000A3CC       AddExitProc
 0001:0001EC7C       AddFinished
 0001:00059280       AddIn
 0002:00006DD0       AddingsMethod
 0002:00006DCC       AddingsMethodButtonName
 0001:000053CC       AddModuleUnloadProc
 0001:000053DC       AddModuleUnloadProc
 0001:0001ECB4       AddNotFinished
 0001:0005D12C       AddOle2
 0001:0001F6D8       AddSubComponentsToLoaded
 0001:00021B04       AddThread
 0001:0006C198       AddTimer
 0001:00095084       addToMetaLog
 0001:00074608       AddTrayIcon
 0001:0002752C       AdjustColor
 0001:0003F1D0       AdjustColors
 0001:0000A87C       AdjustLineBreaks
 0001:00060DA8       Adjustment
 0001:000A2A94       AdjustStreamSize
 0001:0000649C       AdjustWindowRectEx
 0002:00007314       AlertForm
 0001:0009836C       AlertForm_Unit
 0002:00000FC0       Alignments
 0002:0000158C       Alignments
 0002:000010C4       Alignments
 0002:00001058       Alignments
 0002:00000F80       Alignments
 0002:0000157C       Alignments
 0002:00001800       AlignStyles
 0001:0004B4BC       AlignWork
 0001:0006800C       AlignWork
 0001:00023368       AllocateHWnd
 0001:0000751C       AllocateLargeBlock
 0001:00040778       AllocFilterStr
 0001:0000A370       AllocMem
 0002:000045B4       AllocMemCount
 0002:000045B8       AllocMemSize
 0001:00007430       AllocNewSequentialFeedMediumPool
 0001:0002CC7C       AllocPatternBitmap
 0002:00004688       AllocSize2SmallBlockTypeIndX4
 0001:00005C68       AllocTlsBuffer
 0002:00001368       AnchorAlign
 0002:0000135C       AnimateWindowProc
 0002:00001464       AnimationStyle
 0001:0000A5D4       AnsiCompareStr
 0001:0000A60C       AnsiCompareText
 0001:0000A768       AnsiExtractQuotedStr
 0001:0000B140       AnsiLastChar
 0001:000064A4       AnsiLower
 0001:0000A5A0       AnsiLowerCase
 0001:0000F344       AnsiLowerCaseFileName
 0001:0000F308       AnsiPos
 0001:0005DBDC       AnsiSameCaption
 0001:0000A644       AnsiSameText
 0001:0000A65C       AnsiStrLIComp
 0001:0000F3D0       AnsiStrPos
 0001:0000F490       AnsiStrRScan
 0001:0000F4D8       AnsiStrScan
 0001:00005A04       AnsiToUtf8
 0001:0000A56C       AnsiUpperCase
 0001:00015EE8       AnyToIntf
 0001:0000C7F8       AppendChars
 0001:0000708C       AppendClassNameToBuffer
 0001:0000CBC4       AppendFormat
 0001:00006D2C       AppendModuleFileName
 0001:0000C85C       AppendNumber
 0001:0000C83C       AppendString
 0001:00007070       AppendStringToBuffer
 0001:00006D50       AppendStringToModuleName
 0002:00006DA8       Application
 0002:00000B98       ApplicationHandleException
 0002:00000BA0       ApplicationShowException
 0002:000016B8       AppVisible
 0001:0000E914       AssertErrorHandler
 0002:00004024       AssertErrorProc
 0001:00017D68       AssignLongStr
 0001:00018124       AssignVariant
 0002:00007534       ATempPath
 0002:000026A8       AuthList
 0002:0000460C       avail
 0001:00086874       AxCtrls
 0001:0008B8DC       AXVLC_TLB
 0001:0000B2D8       BackfillGetDiskFreeSpaceEx
 0001:000489CC       BackgroundClipped
 0001:00010B2C       BackupVarBoolFromStr
 0001:00010C8C       BackupVarBStrFromBool
 0001:00010BAC       BackupVarBStrFromCy
 0001:00010C1C       BackupVarBStrFromDate
 0001:00010AC0       BackupVarCyFromStr
 0001:00010A54       BackupVarDateFromStr
 0001:00010910       BackupVarI4FromStr
 0001:000108BC       BackupVariantChangeTypeEx
 0001:0001097C       BackupVarR4FromStr
 0001:000109E8       BackupVarR8FromStr
 0002:00000A4C       BaseTypeMap
 0001:0000EF10       Beep
 0001:0001B088       BeginGlobalLoading
 0001:000064AC       BeginPaint
 0001:0000394C       BeginThread
 0001:00027538       BetterSize
 0001:0003EADC       BevelLine
 0001:0003E9EC       BevelRect
 0001:0005A114       BiDiDraw
 0001:00075620       bind
 0002:00007330       bind
 0001:0008B9B0       Bind
 0001:000073C4       BinMediumSequentialFeedRemainder
 0001:0000624C       BitBlt
 0002:00001770       BitBtnCaptions
 0002:00006E18       BitBtnGlyphs
 0002:00000EC0       BitmapCanvasList
 0002:00006AD8       BitmapImageLock
 0001:000108F8       BiUnimplemented
 0001:000947CC       blcksock
 0002:00000BDC       BlockCode
 0002:000045E4       blockDescBlockList
 0002:000045E8       blockDescFreeList
 0001:00001B24       BlockSum
 0002:00000B6C       BooleanIdents
 0002:00000A44       BooleanToStringRule
 0001:0000AE40       BoolToStr
 0001:00014FFC       BoolToWStrViaOS
 0002:00000F78       BorderStyles
 0002:000010BC       BorderStyles
 0001:0001A048       Bounds
 0001:00005DDC       Bounds
 0002:00001524       Breaks
 0002:00006B10       BrushManager
 0001:0005C914       BuildImage
 0002:00001304       ButtonCaptions
 0002:00001714       ButtonCaptions
 0002:000017A0       ButtonCount
 0002:00001DB4       ButtonMap
 0002:000016E8       ButtonNames
 0002:000012D8       ButtonNames
 0002:000015A0       Buttons
 0001:0006EC48       Buttons
 0002:00001050       ButtonStyles
 0002:00006CB4       ButtonWidths
 0002:00006DD8       ButtonWidths
 0001:0009AE38       ByteIsOk
 0001:0008DAA4       ByteIsOk
 0001:00026D04       BytesPerScanline
 0001:00027068       ByteSwapColors
 0001:0000EFF4       ByteToCharIndex
 0001:0000EFCC       ByteToCharLen
 0001:0000EF90       ByteType
 0001:0000EF18       ByteTypeTest
 0002:00006D90       CachedComCtrlVer
 0001:0002326C       CalcJmpOffset
 0001:00053250       CalcSplitterPos
 0002:00007648       CallbackLockList
 0001:00088228       CallEventMethod
 0001:000064B4       CallNextHookEx
 0001:0000FCE4       CallTerminateProcs
 0001:000064BC       CallWindowProc
 0001:000B4234       CamAlertDiaplay_Unit
 0002:00007904       camAlerts
 0002:000078FC       CamDisplay
 0001:000B36AC       CamDisplay_Unit
 0001:000B2C90       CamPlayer_Unit
 0001:00046E70       CancelDrag
 0002:00006D58       CanvasList
 0002:00006B14       CanvasList
 0002:000016C0       Captions
 0002:000012B0       Captions
 0002:00001420       CaptureControl
 0002:000014C4       cBooleanToItemAutoFlag
 0002:00000A7C       CBooleanToRelationship
 0002:00001E18       CControlData
 0001:00040088       CenterWindow
 0002:00001DBC       CEventDispIDs
 0002:00006CE2       CF_COMPONENT
 0002:00006CE0       CF_PICTURE
 0002:00006A40       ChangeAnyProc
 0001:00045380       ChangeBiDiModeAlignment
 0002:00000FA0       CharCases
 0002:00001004       CharCases
 0001:00003AB8       CharFromWChar
 0001:0000F1D8       CharLength
 0001:000064C4       CharLowerBuff
 0001:000002F8       CharNext
 0001:000064CC       CharNext
 0001:00025428       CharsetToIdent
 0001:0000F0E0       CharToByteIndex
 0001:0000F144       CharToByteLen
 0001:000064D4       CharToOemA
 0001:000064DC       CharUpperBuff
 0001:000064E4       CharUpperBuffW
 0001:00008500       CheckBlocksOnShutdown
 0001:00027B1C       CheckBool
 0001:00008C98       CheckCanInstallMemoryManager
 0001:000763FC       CheckError
 0001:000BE9E8       CheckExeCopy
 0001:0009F6F8       CheckIsReadable
 0001:00002FB8       CheckJmp
 0001:00097434       CheckLst
 0001:000B7D38       checkMediaInGroup
 0001:000064EC       CheckMenuItem
 0002:00001514       Checks
 0001:000083DC       CheckSmallBlockPoolForLeaks
 0001:00075E3C       CheckSocketResult
 0001:0001F714       CheckSubComponents
 0001:00021B1C       CheckSynchronize
 0001:000607DC       CheckTaskWindow
 0001:000165F0       CheckType
 0001:00046B24       CheckUndock
 0001:0000EE04       CheckWin32Version
 0001:000AEF18       ChunkSize
 0002:00000A64       CInvalidCustomVariantType
 0002:000014C8       cItemAutoFlagToBoolean
 0002:000014C0       cItemAutoFlagToMenu
 0001:000234F8       Classes
 0001:000841A0       ClassIDToProgID
 0001:0001AAF4       ClassNotFound
 0001:00075FA0       Cleanup
 0002:00006A3C       ClearAnyProc
 0001:00024CA8       ClearColor
 0001:00084DAC       ClearExcepInfo
 0001:00017354       ClearVariantTypeList
 0001:000064F4       ClientToScreen
 0001:000507A4       ClientToWindow
 0002:00000EB8       ClipboardFormats
 0001:00041D40       Clipbrd
 0001:000064FC       CloseClipboard
 0001:00006254       CloseEnhMetaFile
 0001:00005F2C       CloseHandle
 0001:00075628       closesocket
 0002:00007334       closesocket
 0002:00001EDC       CloseSocket
 0002:00006BB4       CloseThemeData
 0002:00004040       CmdLine
 0002:0000403C       CmdShow
 0002:000014BC       cMenuAutoFlagToItem
 0002:00000A88       CmpTypeMap
 0001:00010904       CmpUnimplemented
 0002:00001D68       CoAddRefServerProcess
 0001:000185C0       CoCreateInstance
 0002:00001D60       CoCreateInstanceEx
 0001:0008D1A4       CodeInt
 0001:0008D224       CodeLongInt
 0001:000185B8       CoGetClassObject
 0002:00001D78       CoInitFlags
 0001:000185A8       CoInitialize
 0002:00001D64       CoInitializeEx
 0002:00000C38       Colors
 0001:00025220       ColorToIdent
 0002:000010D0       ColorToPretyName
 0001:00025210       ColorToRGB
 0002:00000FF0       ComboBoxStyles
 0002:0000708C       ComClassManagerVar
 0001:00083E0C       ComConst
 0002:00006B28       ComCtl32DLL
 0002:00006E70       ComCtlVersion
 0001:0007399C       ComCtrls
 0002:00006DA4       CommandPool
 0001:0002D370       CommCtrl
 0001:0003C75C       CommDlg
 0001:00000878       Commit
 0002:00004628       committedRoot
 0001:00085074       ComObj
 0001:00081B14       Compare4
 0001:00058864       CompareFront
 0001:0000A4D4       CompareMem
 0001:0000A4A4       CompareStr
 0001:00005F34       CompareString
 0001:0000A4F4       CompareText
 0001:0000AD68       CompareWith
 0001:0001F7F4       ComponentCreated
 0001:000278DC       ComputeAldusChecksum
 0001:000B9B28       compVarGroup
 0001:0006C534       ComStrs
 0001:0008B9CC       Connect
 0002:00007338       connect
 0001:00075630       connect
 0001:000A1300       ConnectTimeout
 0001:00023894       Consts
 0001:0002D1C8       Contnrs
 0002:00006D16       ControlAtom
 0002:00006D1C       ControlAtomString
 0001:000658B0       ControlHasHelp
 0001:00053EEC       Controls
 0001:0000E2E8       ConvertAddr
 0001:0000C950       ConvertEraString
 0001:0000A334       ConvertError
 0001:0000A34C       ConvertErrorFmt
 0001:00077AA0       ConvertIEEEFloatTo32
 0001:00077B50       ConvertShortIEEEFloatTo32
 0001:0000CABC       ConvertYearString
 0001:000755E4       CoolTrayIcon
 0001:00004C3C       CopyArray
 0001:0002A204       CopyBitmap
 0001:0002A8CC       CopyBitmapAsMask
 0001:0000625C       CopyEnhMetaFile
 0001:0006EA48       CopyImage
 0001:00006A08       CopyMemory
 0001:0002A868       CopyPalette
 0002:000000C0       Copyright
 0002:00000F14       Copyright
 0001:00077C70       CopySSE
 0001:0005B9C0       CopyToBest
 0002:00001D6C       CoReleaseServerProcess
 0002:00001D70       CoResumeClassObjects
 0002:00001D74       CoSuspendClassObjects
 0001:000185D8       CoTaskMemFree
 0001:000185B0       CoUninitialize
 0001:0000F050       CountChars
 0002:00006AF0       CounterLock
 0001:0008D6C0       CountOfChar
 0002:00000A68       CRangeToType
 0001:0000E858       CreateAssertException
 0001:0000E9E0       CreateAVObject
 0001:00006264       CreateBitmap
 0001:0000626C       CreateBrushIndirect
 0001:000841CC       CreateComObject
 0001:00006274       CreateCompatibleBitmap
 0001:0000627C       CreateCompatibleDC
 0001:0001F874       CreateComponent
 0001:0000628C       CreateDIBitmap
 0001:00006284       CreateDIBSection
 0001:0000B358       CreateDir
 0001:00005F3C       CreateDirectory
 0001:00006294       CreateEnhMetaFile
 0001:00005F44       CreateEvent
 0001:0007D72C       CreateEventHandler
 0001:00005F4C       CreateFile
 0001:00005F5C       CreateFileMapping
 0001:00005F54       CreateFileW
 0001:0000629C       CreateFontIndirect
 0001:000062A4       CreateHalftonePalette
 0001:00006504       CreateIcon
 0001:0000E784       CreateInOutError
 0001:0006B380       CreateLongMessageDialog
 0001:0000650C       CreateMenu
 0001:000414A0       CreateMessageDialog
 0001:00005F6C       CreateMutex
 0001:000062AC       CreatePalette
 0001:000062B4       CreatePenIndirect
 0001:00006514       CreatePopupMenu
 0001:000842E4       CreateRemoteComObject
 0001:000062BC       CreateSolidBrush
 0001:000185F8       CreateStreamOnHGlobal
 0001:000270C0       CreateSystemPalette
 0001:00000300       CreateThread
 0001:00005F8C       CreateThread
 0001:00006B10       CreateWindow
 0001:00006AB8       CreateWindowEx
 0002:00001360       CreationControl
 0002:0000124C       CreationControl
 0002:00000B58       CRelationshipToBoolean
 0002:00000A28       CResult
 0002:000010AC       CSHREDRAW
 0002:00000850       cSimpleBoolStrs
 0002:00000B04       CText
 0002:00001048       Ctl3DStyles
 0002:0000145C       Ctl3DStyles
 0002:00004620       curAlloc
 0001:00016884       CurrCompare
 0002:000068B4       CurrencyDecimals
 0002:000068B0       CurrencyFormat
 0002:000068AC       CurrencyString
 0001:0000C7E4       CurrentYear
 0001:0000C1F8       CurrToStr
 0001:00014F8C       CurrToWStrViaOS
 0002:0000163C       CursorMap
 0002:00001370       Cursors
 0001:000456A0       CursorToIdent
 0002:0000162C       cUseAlpha
 0002:00001634       cUseColorKey
 0002:00007108       CustomMonthNames
 0001:0000AA88       CvtInt
 0001:0000AAF4       CvtInt64
 0002:00000890       CWNear
 0002:000010B4       Data
 0001:00077A20       DataRec_Unit
 0001:0006EE48       DataTypeToRegData
 0001:0001685C       DateCompare
 0002:000068B5       DateSeparator
 0001:0009D294       DateTimeGMTToHttpStr
 0001:0009DCE4       DateTimeToGmtOffSetStr
 0001:0009D3AC       DateTimeToInternetStr
 0001:0000D428       DateTimeToStr
 0001:0000D39C       DateTimeToString
 0001:0000C2F4       DateTimeToTimeStamp
 0001:00096614       DateTimeToUnix
 0001:0000D3F8       DateToStr
 0001:00014FC4       DateToWStrViaOS
 0001:0009688C       DateUtils
 0001:0000C76C       DayOfWeek
 0002:0000088C       DCon10
 0002:00000C34       DDBsOnly
 0001:0002341C       DeallocateHWnd
 0002:0000002C       DebugHook
 0002:000068B3       DecimalSeparator
 0001:0000C74C       DecodeDate
 0001:0000C5FC       DecodeDateFully
 0001:000BD0F0       decodeHex
 0001:0008D1E0       DecodeInt
 0001:0000C464       DecodeTime
 0001:00000938       Decommit
 0001:00001064       DecommitFree
 0002:000045FC       decommittedRoot
 0001:00068C48       Default
 0001:00063530       Default
 0002:00000024       Default8087CW
 0002:00001364       DefaultDockTreeClass
 0002:000045C0       DefaultUserCodePage
 0002:00000E88       DefBrushData
 0002:00000C08       DefFontData
 0001:0000651C       DefFrameProc
 0002:0000091C       DefLongDayNames
 0002:000008D0       DefLongMonthNames
 0001:00006524       DefMDIChildProc
 0002:00000E68       DefPenData
 0002:00000900       DefShortDayNames
 0002:000008A0       DefShortMonthNames
 0001:0000652C       DefWindowProc
 0001:00004EB4       DelayLoadResourceModule
 0001:00000554       DeleteBlock
 0001:00005F94       DeleteCriticalSection
 0001:00000464       DeleteCriticalSection
 0001:000062C4       DeleteDC
 0001:000062CC       DeleteEnhMetaFile
 0001:00000E4C       DeleteFree
 0001:00006534       DeleteMenu
 0001:000062D4       DeleteObject
 0001:00039490       DeleteSelectedText
 0001:00029DC0       DeselectBitmap
 0001:0000653C       DestroyCursor
 0001:00006544       DestroyIcon
 0001:0006EB78       DestroyLocals
 0001:0000654C       DestroyMenu
 0001:0008CBB0       DestroySocketInterface
 0001:00006554       DestroyWindow
 0001:00007210       DetectClassInstance
 0001:000082A4       DetectStringData
 0001:0004290C       DialogEnumerationTester
 0001:0004013C       DialogHook
 0001:00041CC4       Dialogs
 0002:00000EC4       DIBPalSizes
 0002:00000090       dig
 0001:0000B020       DirectoryExists
 0001:00094A84       DirectoryExists
 0001:0007F258       DirectSoundCreate
 0001:0007F260       DirectSoundEnumerate
 0001:00060618       DisableTaskWindows
 0001:000847A8       DispatchInvoke
 0001:00084DA0       DispatchInvokeError
 0001:0000655C       DispatchMessage
 0001:00066B90       DispatchShortCut
 0001:00084DBC       DispCall
 0001:00084EA0       DispCallByID
 0002:00004000       DispCallByIDProc
 0001:00084CCC       DispCallError
 0002:00001DA0       DispIDArgs
 0002:00001D90       DispParams
 0001:0000A318       DivMod
 0001:0006BFC0       DlgMessagesRU
 0001:0003F9B4       Dlgs
 0002:000027F8       DLLLoadCount
 0001:00067EC0       DoAlign
 0001:0004B34C       DoAlign
 0001:0004F484       DoCalcConstraints
 0002:00006D4C       DockSiteList
 0001:0005C5E0       DoClick
 0001:0004CA98       DoControlMsg
 0001:0008B674       DoCreate
 0001:000605C8       DoDisableWindow
 0001:00046444       DoDragOver
 0001:0000A390       DoExitProc
 0001:00051500       DoFindControlZone
 0001:0006071C       DoFindWindow
 0001:00051A8C       DoFindZone
 0001:00051584       DoForEach
 0001:00052EB4       DoGetNextLimit
 0001:0009E120       DomainName
 0001:00074CB8       DoMinimizeEvents
 0001:00060590       DoneApplication
 0001:00053C14       DoneControls
 0001:0000ED14       DoneExceptions
 0001:00064F0C       DoNestedActivation
 0001:00021AB8       DoneThreadSynchronization
 0001:00069F7C       DoOnHelp
 0001:0004AF0C       DoPosition
 0001:00067D10       DoPosition
 0001:000524DC       DoPrune
 0001:0003E010       DoRect
 0001:000529B4       DoSaveZone
 0001:00052BB8       DoSetNewBounds
 0002:00000B74       DotSep
 0002:000017A4       DownStyles
 0001:000289CC       DoWrite
 0001:0001C7F8       DoWrite
 0001:00027D74       DoWrite
 0001:00056E9C       DoWrite
 0001:0004C080       DoWriteDesignSize
 0001:00049AE0       DoWriteIsControl
 0002:00006D30       DragCapture
 0002:00006D24       DragControl
 0001:00046B98       DragDone
 0001:000463EC       DragFindTarget
 0001:000463C0       DragFindWindow
 0002:00006D48       DragImageList
 0001:000467F0       DragInit
 0001:00046960       DragInitControl
 0002:00006D2C       DragInternalObject
 0001:00046308       DragMessage
 0002:00006D28       DragObject
 0002:00006D54       DragSave
 0002:00006D3C       DragSaveCursor
 0002:00006D34       DragStartPos
 0002:00006D40       DragThreshold
 0001:00046520       DragTo
 0001:00068C84       DrawAppIcon
 0001:00052048       DrawCloseButton
 0001:00006564       DrawEdge
 0001:0000656C       DrawFocusRect
 0001:00006574       DrawFrameControl
 0001:000520A0       DrawGrabberLine
 0001:0000657C       DrawIcon
 0001:00006584       DrawIconEx
 0002:00001498       DrawingStyles
 0001:00097DF0       drawLine
 0001:0000658C       DrawMenuBar
 0001:0005D9F8       DrawMenuItem
 0001:00006594       DrawText
 0002:00006BB8       DrawThemeBackground
 0002:00006BDC       DrawThemeEdge
 0002:00006BE0       DrawThemeIcon
 0002:00006C64       DrawThemeParentBackground
 0002:00006BBC       DrawThemeText
 0001:00076A74       DropStream
 0001:00083354       DSEnumOutputCallback
 0001:00083498       DSWrapper
 0001:000833FC       DSW_EnumerateOutputDevices
 0001:000831D8       DSW_FillEmptySpace
 0001:00082DE8       DSW_Init
 0001:00082E1C       DSW_InitOutputBufferEx
 0001:00082DFC       DSW_InitOutputDevice
 0001:00083088       DSW_QueryOutputSpace
 0001:00083054       DSW_RestartOutput
 0001:00083410       DSW_SetVolume
 0001:00082FE4       DSW_StartOutput
 0001:00083034       DSW_StopOutput
 0001:00082D8C       DSW_Term
 0001:0008329C       DSW_WriteBlock
 0001:00026B84       DupBits
 0001:00004C54       DynArrayClear
 0001:00004C5C       DynArraySetLength
 0002:00001584       EdgeStyle
 0002:0000144C       EdgeStyles
 0002:00001038       EdgeStyles
 0001:0000E758       EHeapException.FreeInstance
 0001:000AE9F8       EIdHTTPProtocolException.CreateError
 0001:00098F8C       EIdProtocolReplyError.CreateError
 0001:00098FD4       EIdSocketError.CreateError
 0001:00099434       EIdWS2StubError.Build
 0001:000062DC       Ellipse
 0002:00000FBC       Empty
 0001:0000659C       EmptyClipboard
 0001:000166E8       EmptyCompare
 0002:00006A28       EmptyParam
 0002:000070BC       EmptyParam
 0002:000007D4       EmptyStr
 0002:000007D8       EmptyWideStr
 0001:000065A4       EnableMenuItem
 0002:0000151C       Enables
 0001:000065AC       EnableScrollBar
 0001:000606CC       EnableTaskWindows
 0002:00006C4C       EnableThemeDialogTexture
 0002:00006C68       EnableTheming
 0001:000065B4       EnableWindow
 0001:0008D8B8       Encode3to4
 0001:0008DA08       EncodeBase64
 0001:0000C5CC       EncodeDate
 0001:00096560       EncodeDateTime
 0001:0000C424       EncodeTime
 0002:00001B40       encoding_flags
 0001:0001B110       EndGlobalLoading
 0001:000065BC       EndPaint
 0001:00003990       EndThread
 0001:00005F9C       EnterCriticalSection
 0001:00000454       EnterCriticalSection
 0001:00005FA4       EnumCalendarInfoA
 0002:00006B4C       EnumDisplayMonitors
 0001:0000DF5C       EnumEraNames
 0001:0000DF98       EnumEraYearOffsets
 0001:00063AF4       EnumMonitorsProc
 0001:000065C4       EnumThreadWindows
 0001:0001F028       EnumValue
 0001:000065CC       EnumWindows
 0001:000840A8       EOleException.Create
 0001:00083FD8       EOleSysError.Create
 0001:000065D4       EqualRect
 0002:0000697C       EraNames
 0001:0000D6B4       EraToYear
 0002:00006998       EraYearOffsets
 0002:00000068       errCaption
 0001:0001A698       Error
 0001:0001E7E0       Error
 0001:000585B4       Error
 0001:0000200C       Error
 0002:00000004       ErrorAddr
 0001:00001FC0       ErrorAt
 0001:0000E804       ErrorHandler
 0002:00000938       ErrorMap
 0002:00004008       ErrorProc
 0002:000043E8       ErrOutput
 0002:0000702C       EventHandler
 0001:00001F4C       ExceptAddr
 0002:0000400C       ExceptClsProc
 0001:0000EC80       ExceptHandler
 0001:0000E584       Exception.Create
 0001:0000E5C0       Exception.CreateFmt
 0001:0000E710       Exception.CreateHelp
 0001:0000E640       Exception.CreateRes
 0001:0000E67C       Exception.CreateResFmt
 0002:0000401C       ExceptionClass
 0001:0000E2F4       ExceptionErrorMessage
 0002:00000970       ExceptMap
 0001:00001F2C       ExceptObject
 0002:00004010       ExceptObjProc
 0002:00004004       ExceptProc
 0001:000062E4       ExcludeClipRect
 0002:00000000       ExitCode
 0001:00003760       ExitDll
 0002:00004048       ExitProc
 0001:00000310       ExitProcess
 0002:00004028       ExitProcessProc
 0002:0000084C       ExitProcList
 0001:00000308       ExitThread
 0001:0000B29C       ExpandFileName
 0001:0008DDEC       ExpandIP6
 0002:00006884       ExpectedMemoryLeaks
 0001:00040414       ExplorerHook
 0001:0006F3F0       ExtActns
 0001:0003F954       ExtCtrls
 0001:0006ECA0       ExtDlgs
 0002:0000108C       ExtendSelects
 0001:0000B1C8       ExtractFileDir
 0001:0000B254       ExtractFileExt
 0001:0000B21C       ExtractFileName
 0001:00040AA4       ExtractFileName
 0001:00040AF4       ExtractFileNames
 0001:000062EC       ExtTextOut
 0002:000069B8       FalseBoolStrs
 0002:00007020       FastCopyMem
 0001:00007AC8       FastFreeMem
 0001:000077B8       FastGetMem
 0001:0000934C       FastMM4
 0001:00006CC8       FastMM4Messages
 0002:000068A0       FastMMIsInstalled
 0001:00007C7C       FastReallocMem
 0002:00007308       FCheckHeight
 0002:00007304       FCheckWidth
 0002:00006CE8       FClipboard
 0002:00000880       FCon1E18
 0001:0008B94C       FD_SET
 0001:0008B96C       FD_ZERO
 0001:0009D924       Fetch
 0001:0008D588       Fetch
 0001:0008D510       FetchBin
 0001:0009D83C       FetchCaseInsensitive
 0002:00007530       FIdPorts
 0001:0000AFA8       FileAge
 0001:0000AFA0       FileClose
 0001:0000AEE4       FileCreate
 0001:0000AF08       FileCreate
 0001:00094ABC       FileCtrl
 0001:0000B010       FileExists
 0002:00000EBC       FileFormats
 0002:0000000C       FileMode
 0001:0000AE8C       FileOpen
 0001:0000AF10       FileRead
 0002:00000BB0       FilerSignature
 0001:0000AF68       FileSeek
 0001:000BD1DC       FileSizeByName
 0001:00005FAC       FileTimeToDosDateTime
 0001:00005FB4       FileTimeToLocalFileTime
 0001:0000AF3C       FileWrite
 0001:00000F84       FillAfterGap
 0001:00000F24       FillBeforeGap
 0001:00001024       FillerSizeAfterGap
 0001:00000FAC       FillerSizeBeforeGap
 0001:00006A10       FillMemory
 0001:000065DC       FillRect
 0002:000017AC       FillStyles
 0001:00011064       Finalization
 0001:00083DDC       Finalization
 0001:00084FF4       Finalization
 0001:000850CC       Finalization
 0001:00083D7C       Finalization
 0001:00083468       Finalization
 0001:00086814       Finalization
 0001:0001069C       Finalization
 0001:000868C0       Finalization
 0001:00005DF8       Finalization
 0001:00089E0C       Finalization
 0001:00082D10       Finalization
 0001:0008A758       Finalization
 0001:00005D68       Finalization
 0001:000811EC       Finalization
 0001:0008B8AC       Finalization
 0001:00080AD8       Finalization
 0001:0008D7D4       Finalization
 0001:00005B20       Finalization
 0001:00080A60       Finalization
 0001:000808BC       Finalization
 0001:000800AC       Finalization
 0001:0007F4A8       Finalization
 0001:0008B8EC       Finalization
 0001:0007F268       Finalization
 0001:0007F120       Finalization
 0001:0007F0BC       Finalization
 0001:0007CE40       Finalization
 0001:00077D9C       Finalization
 0001:00077A68       Finalization
 0001:0002CCB4       Finalization
 0001:00077A30       Finalization
 0001:000779F0       Finalization
 0001:00077638       Finalization
 0001:000177B0       Finalization
 0001:00017A2C       Finalization
 0001:000A8FD0       Finalization
 0001:000756C0       Finalization
 0001:000A9054       Finalization
 0001:00075598       Finalization
 0001:00018264       Finalization
 0001:000A9094       Finalization
 0001:000A91B0       Finalization
 0001:00073924       Finalization
 0001:0002CEC4       Finalization
 0001:00018624       Finalization
 0001:000A91E8       Finalization
 0001:000A9220       Finalization
 0001:000A9258       Finalization
 0001:0006F3F8       Finalization
 0001:0002D198       Finalization
 0001:0006F3A0       Finalization
 0001:0006F348       Finalization
 0001:0006F2E4       Finalization
 0001:0008CC4C       Finalization
 0001:000A9290       Finalization
 0001:0006ECC0       Finalization
 0001:0006EC70       Finalization
 0001:000A92C8       Finalization
 0001:0006EC10       Finalization
 0001:0008DA6C       Finalization
 0001:0006C504       Finalization
 0001:0008E2AC       Finalization
 0001:0006C48C       Finalization
 0001:0009478C       Finalization
 0001:0006C454       Finalization
 0001:0006C3FC       Finalization
 0001:000ABC14       Finalization
 0001:000AD35C       Finalization
 0001:0006BF70       Finalization
 0001:00094A8C       Finalization
 0001:00095F08       Finalization
 0001:0006AF80       Finalization
 0001:000964D0       Finalization
 0001:000A7BC8       Finalization
 0001:0009685C       Finalization
 0001:00097348       Finalization
 0001:000A5DD0       Finalization
 0001:000ADC14       Finalization
 0001:00097404       Finalization
 0001:0005DCD8       Finalization
 0001:00097710       Finalization
 0001:0009833C       Finalization
 0001:00098374       Finalization
 0001:000ADE18       Finalization
 0001:0000969C       Finalization
 0001:0009901C       Finalization
 0001:0000935C       Finalization
 0001:0000930C       Finalization
 0001:00099384       Finalization
 0001:000ADE50       Finalization
 0001:00057614       Finalization
 0001:00055960       Finalization
 0001:00053E84       Finalization
 0001:0009A4C8       Finalization
 0001:0009A544       Finalization
 0001:00006C98       Finalization
 0001:00006C60       Finalization
 0001:000B1060       Finalization
 0001:0009B270       Finalization
 0001:0009C368       Finalization
 0001:0009CBA8       Finalization
 0001:00042B84       Finalization
 0001:0009E460       Finalization
 0001:000B1A84       Finalization
 0001:00041F00       Finalization
 0001:0009E700       Finalization
 0001:00041D98       Finalization
 0001:00041D04       Finalization
 0001:0009E9EC       Finalization
 0001:000B26F8       Finalization
 0001:000B2C60       Finalization
 0001:0009EFFC       Finalization
 0001:00041C68       Finalization
 0001:0009F998       Finalization
 0001:0009FE98       Finalization
 0001:000A0000       Finalization
 0001:000A04F8       Finalization
 0001:0003F984       Finalization
 0001:000A0530       Finalization
 0001:0003F90C       Finalization
 0001:000A1088       Finalization
 0001:000B367C       Finalization
 0001:000A10C0       Finalization
 0001:0003C72C       Finalization
 0001:0003C6EC       Finalization
 0001:000B41F4       Finalization
 0001:000A54E0       Finalization
 0001:0003C660       Finalization
 0001:0003C628       Finalization
 0001:0003C5F0       Finalization
 0001:0003C5B8       Finalization
 0001:0003C578       Finalization
 0001:000B4D20       Finalization
 0001:000308FC       Finalization
 0001:0002FB70       Finalization
 0001:0002F1EC       Finalization
 0001:0002EE98       Finalization
 0001:0002EB74       Finalization
 0001:0002EB3C       Finalization
 0001:0002EAF4       Finalization
 0001:0002DB0C       Finalization
 0001:0002DACC       Finalization
 0001:0002D340       Finalization
 0001:000BE99C       Finalization
 0001:00023448       Finalization
 0001:000BEA30       Finalization
 0001:00023864       Finalization
 0001:000A5358       Finalization
 0001:000A4CC4       Finalization
 0001:000A4A64       Finalization
 0001:000A3FD4       Finalization
 0001:000A3B34       Finalization
 0001:000A10F8       Finalization
 0001:000A19D4       Finalization
 0001:00004C4C       FinalizeArray
 0001:00009298       FinalizeMemoryManager
 0001:00003574       FinalizeUnits
 0001:0005C3A0       Find
 0001:000A58CC       FindAuthClass
 0001:00004F44       FindBS
 0001:0009520C       FindChild
 0001:0001ABB4       FindClass
 0001:00004EAC       FindClassHInstance
 0001:00000320       FindClose
 0001:00005FBC       FindClose
 0001:0000B124       FindClose
 0001:00000EE0       FindCommitted
 0001:00045480       FindControl
 0001:00051CB8       FindControlAtPos
 0001:000175F8       FindCustomVariantType
 0001:000176B0       FindCustomVariantType
 0001:00046EBC       FindDragTarget
 0001:0001FA24       FindExistingComponent
 0001:0000B0B0       FindFirst
 0001:00005FC4       FindFirstFile
 0001:00000328       FindFirstFile
 0001:00060828       FindGlobalComponent
 0001:0001AFA0       FindGlobalComponent
 0002:00006A8C       FindGlobalComponentProcs
 0001:00004E84       FindHInstance
 0001:0001AE48       FindIdentToInt
 0001:0000B044       FindMatchingFile
 0002:00006CB0       FindMsg
 0001:0001EBA0       FindNestedComponent
 0001:0000B100       FindNext
 0001:00005FCC       FindNextFile
 0001:0005857C       FindPopupControl
 0001:00010D20       FindProc
 0001:00005FD4       FindResource
 0001:00004EFC       FindResourceHInstance
 0001:0006A7B0       FindScanline
 0001:0003C12C       FindString
 0001:00060780       FindTopMostWindow
 0001:0002091C       FindUniqueName
 0001:00017228       FindVarData
 0001:00046E88       FindVCLWindow
 0001:000065E4       FindWindow
 0001:00042964       FindWinHelp
 0001:0002A1B8       FixupBitFields
 0002:00001594       Flags
 0002:000069C8       FLanguages
 0001:0002EEC8       FlatSB
 0002:00006B78       FlatSB_EnableScrollBar
 0002:00006B84       FlatSB_GetScrollInfo
 0002:00006B88       FlatSB_GetScrollPos
 0002:00006B80       FlatSB_GetScrollRange
 0002:00006B90       FlatSB_SetScrollInfo
 0002:00006B8C       FlatSB_SetScrollPos
 0001:0002EBB8       FlatSB_SetScrollProp
 0002:00006B94       FlatSB_SetScrollRange
 0002:00006B7C       FlatSB_ShowScrollBar
 0001:0000BE88       FloatToDecimal
 0001:0000C1C8       FloatToStr
 0001:0000BBB4       FloatToText
 0001:0002CE84       Floor
 0001:000023B8       Flush
 0001:00005FDC       FlushViewOfFile
 0002:00000894       FMSecsPerDay
 0001:0000BAA8       FmtStr
 0002:000015B0       FocusCount
 0002:000015AC       FocusMessages
 0001:000A413C       FoldWrapText
 0002:00000DD8       FontCharsets
 0002:00006B08       FontManager
 0001:0008714C       FontToOleFont
 0002:00001248       ForceCurrentDirectory
 0001:000607FC       ForegroundTask
 0001:0000BA94       Format
 0002:0000089C       Format
 0001:0000B684       FormatBuf
 0001:0000B678       FormatClearStr
 0001:0000D43C       FormatDateTime
 0001:0000B5FC       FormatError
 0002:00000878       FormatErrorStrs
 0001:00005FE4       FormatMessage
 0001:0000B654       FormatVarToStr
 0001:0006AFDC       Forms
 0001:000026C8       FPower10
 0002:00000F0C       FPrinter
 0001:0003E0D4       Frame3D
 0001:000065EC       FrameRect
 0002:00001EF4       FreeAddrInfo
 0001:00008BA8       FreeAllMemory
 0001:00010210       FreeAndNil
 0001:00000BE0       FreeCommitted
 0001:00001218       FreeCurAlloc
 0001:00046F7C       FreeDeviceContext
 0001:00047038       FreeDeviceContexts
 0001:000231D8       FreeIntConstList
 0001:0000759C       FreeLargeBlock
 0001:00000330       FreeLibrary
 0001:00005FEC       FreeLibrary
 0001:00087594       FreeList
 0001:00029D14       FreeMemoryContexts
 0001:00023344       FreeObjectInstance
 0001:000608A8       FreeObjectInstance
 0001:0000600C       FreeResource
 0001:000007B0       FreeSpace
 0001:0000FD10       FreeTerminateProcs
 0001:0002F224       FreeThemeLibrary
 0002:00006E6C       FRichEditModule
 0002:00002670       GAntiFreeze
 0002:000026A4       GBase64CodeTable
 0002:00007580       GBase64DecodeTable
 0001:00026B74       GDICheck
 0001:00026ACC       GDIError
 0001:000022F8       Get8087CW
 0002:000074E0       GetAcceptExSockaddrs
 0001:00006014       GetACP
 0001:00018608       GetActiveObject
 0001:000065F4       GetActiveWindow
 0001:0008BB84       GetAddr
 0002:00001EF0       GetAddrInfo
 0001:0006839C       GetAnimation
 0001:000B1CE0       GetAProcAddress
 0001:000065FC       GetAsyncKeyState
 0001:00040DF8       GetAveCharSize
 0001:0006B208       GetAveCharSize
 0001:000062F4       GetBitmapBits
 0001:0000046C       GetBlockDesc
 0001:000062FC       GetBrushOrgEx
 0001:00006604       GetCapture
 0001:0004579C       GetCaptureControl
 0001:00097380       GetCheckSize
 0001:0001AB60       GetClass
 0001:0000660C       GetClassInfo
 0001:00006614       GetClassName
 0001:0000661C       GetClientRect
 0001:00006624       GetClipboardData
 0001:0002853C       GetClipboardFormats
 0001:00006304       GetClipBox
 0001:00000408       GetCmdShow
 0001:00055BB8       GetColor
 0001:00070D3C       GetComCtlVersion
 0001:00000338       GetCommandLine
 0001:000009F4       GetCommitted
 0001:00000A9C       GetCommittedAt
 0001:00006024       GetComputerName
 0001:0004C64C       GetControlAtPos
 0001:0000C8A8       GetCount
 0001:0000601C       GetCPInfo
 0001:0000630C       GetCurrentPositionEx
 0001:0000602C       GetCurrentProcessId
 0002:00006C5C       GetCurrentThemeName
 0001:0009DF84       GetCurrentThreadHandle
 0001:000003E8       GetCurrentThreadId
 0001:00006034       GetCurrentThreadId
 0001:00006A00       GetCurrentTime
 0001:0000662C       GetCursor
 0001:0006A7C0       GetCursorHeightMargin
 0001:00006634       GetCursorPos
 0001:0000C8D8       GetDate
 0001:0000603C       GetDateFormat
 0001:0000D5CC       GetDateOrder
 0001:0000663C       GetDC
 0001:00006644       GetDCEx
 0001:00006314       GetDCOrgEx
 0001:0002C8BC       GetDefFontCharSet
 0001:0001BDE4       GetDesigner
 0001:0000664C       GetDesktopWindow
 0001:0000632C       GetDeviceCaps
 0001:00027B04       GetDIB
 0001:0000631C       GetDIBColorTable
 0001:00006324       GetDIBits
 0001:00027A4C       GetDIBSizes
 0001:00026CE4       GetDInColors
 0001:00006044       GetDiskFreeSpaceA
 0002:00000848       GetDiskFreeSpaceEx
 0001:00006654       GetDlgItem
 0001:00052F94       GetDockAlign
 0001:0004614C       GetDockSiteAtPos
 0001:0000665C       GetDoubleClickTime
 0001:00046480       GetDropCtl
 0001:00002D60       GetDynaMethod
 0001:00006334       GetEnhMetaFileBits
 0001:0000633C       GetEnhMetaFileDescription
 0001:00006344       GetEnhMetaFileHeader
 0001:0000634C       GetEnhMetaFilePaletteEntries
 0001:00017A9C       GetEnumNameValue
 0001:00017AE8       GetEnumValue
 0001:0000604C       GetEnvironmentVariable
 0001:00010360       GetEnvironmentVariable
 0001:0000E010       GetEraNamesAndYearOffsets
 0001:0000D660       GetEraYearOffset
 0001:00018610       GetErrorInfo
 0001:0000E9C8       GetExceptionClass
 0001:0000EBB4       GetExceptionObject
 0001:00006054       GetExitCodeThread
 0001:0009B8C8       GetFDSet
 0001:0001AAE8       GetFieldClassTable
 0001:0000605C       GetFileAttributes
 0001:0002851C       GetFileFormats
 0001:00006064       GetFileSize
 0001:0000EE24       GetFileVersion
 0001:00006234       GetFileVersionInfo
 0001:0000623C       GetFileVersionInfoSize
 0001:00007238       GetFirstAndLastSmallBlockInPool
 0001:000072A0       GetFirstMediumBlockInPool
 0001:00006664       GetFocus
 0001:000855B4       GetFontAccess
 0001:00025448       GetFontData
 0001:0000666C       GetForegroundWindow
 0001:0000F784       GetFormatSettings
 0001:0000606C       GetFullPathName
 0001:00024990       GetHashCode
 0001:00001B48       GetHeapStatus
 0001:000658E8       GetHelpInfo
 0001:0002DF8C       GetHelpSystem
 0001:00068180       GetHint
 0001:000681B8       GetHintControl
 0002:00001E8C       GetHostByAddr
 0002:00007388       gethostbyaddr
 0001:00075678       gethostbyname
 0002:00001E88       GetHostByName
 0002:0000738C       gethostbyname
 0001:0008BA38       GetHostName
 0002:00007390       gethostname
 0001:0005DB78       GetHotkey
 0001:00006674       GetIconInfo
 0001:00084B30       GetIDsOfNames
 0001:0000668C       GetKeyboardLayout
 0001:00006694       GetKeyboardLayoutList
 0001:0000669C       GetKeyboardState
 0001:000029B4       GetKeyboardType
 0001:0000667C       GetKeyNameText
 0001:00006684       GetKeyState
 0001:000066A4       GetLastActivePopup
 0001:00051234       GetLastChildZone
 0001:00006074       GetLastError
 0001:0000DDD4       GetLocaleChar
 0001:00000340       GetLocaleInfo
 0001:00006084       GetLocaleInfo
 0001:0000DD88       GetLocaleStr
 0001:0000607C       GetLocalTime
 0001:00045704       GetLongHint
 0001:00008348       GetMemoryLeakType
 0001:00001EC4       GetMemoryManager
 0001:000066AC       GetMenu
 0001:00065870       GetMenuHelpContext
 0001:000066B4       GetMenuItemCount
 0001:000066BC       GetMenuItemID
 0001:000066C4       GetMenuItemInfo
 0001:0005ABC0       GetMenuSize
 0001:000066CC       GetMenuState
 0001:000066D4       GetMenuString
 0001:000066DC       GetMessageTime
 0001:00000348       GetModuleFileName
 0001:0000608C       GetModuleFileName
 0001:00006094       GetModuleFileNameA
 0001:00000350       GetModuleHandle
 0001:0000609C       GetModuleHandle
 0001:00005C48       GetModuleHandle
 0002:00006B40       GetMonitorInfo
 0002:00006B44       GetMonitorInfoA
 0002:00006B48       GetMonitorInfoW
 0001:0000DE38       GetMonthDayNames
 0002:00001EF8       GetNameInfo
 0001:000B9AA0       getNameVarGroup
 0001:000066E4       GetNextWindow
 0001:00006354       GetObject
 0001:00085654       GetOleFont
 0001:0008570C       GetOlePicture
 0001:0003C724       GetOpenFileName
 0001:00017C10       GetOrdProp
 0001:0000635C       GetPaletteEntries
 0001:000020EC       GetParamStr
 0001:000066EC       GetParent
 0001:000609FC       GetParentForm
 0001:000B9A38       getParentVarGroup
 0001:0008BA10       GetPeerName
 0002:00007340       getpeername
 0001:00085604       GetPictureAccess
 0001:00006364       GetPixel
 0001:00000358       GetProcAddress
 0001:000060A4       GetProcAddress
 0001:000066F4       GetProp
 0001:00017B4C       GetPropInfo
 0001:00017BBC       GetPropInfos
 0002:00001E80       GetProtoByName
 0002:000073A0       getprotobyname
 0002:00001E84       GetProtoByNumber
 0002:0000739C       getprotobynumber
 0001:00060EBC       GetRealScrollPosition
 0001:00055B98       GetRGBColor
 0001:000066FC       GetScrollInfo
 0001:00006704       GetScrollPos
 0001:0000670C       GetScrollRange
 0002:00001E78       GetServByName
 0001:00075680       getservbyname
 0002:00007398       getservbyname
 0002:00007394       getservbyport
 0002:00001E7C       GetServByPort
 0001:000456C0       GetShortHint
 0001:0008BF88       GetSinIP
 0001:0008C080       GetSinPort
 0002:00007344       getsockname
 0001:0008B9E8       GetSockName
 0002:00001E9C       GetSockOpt
 0002:00007348       getsockopt
 0001:000006D4       GetSpace
 0001:00000738       GetSpaceAt
 0001:0005860C       GetSpecialName
 0001:00000360       GetStartupInfo
 0001:000060AC       GetStdHandle
 0001:000002D0       GetStdHandle
 0001:0000636C       GetStockObject
 0001:000060B4       GetStringTypeEx
 0001:00006714       GetSubMenu
 0001:0000671C       GetSysColor
 0001:00006724       GetSysColorBrush
 0001:000060BC       GetSystemInfo
 0001:0000672C       GetSystemMenu
 0002:00006B30       GetSystemMetrics
 0001:00006734       GetSystemMetrics
 0001:00006374       GetSystemPaletteEntries
 0001:000060C4       GetTempPath
 0001:00006384       GetTextExtentPoint
[...]
  1831 0001:000B9963  1833 0001:000B9966  1836 0001:000B9972  1840 0001:000B9980
  1844 0001:000B9991  1847 0001:000B99A0  1848 0001:000B99A7  1851 0001:000B99E4
  1852 0001:000B99EA  1853 0001:000B99F6  1854 0001:000B99FD  1855 0001:000B9A06
  1858 0001:000B9A0C  1859 0001:000B9A0F  1860 0001:000B9A1B  1861 0001:000B9A20
  1865 0001:000B9A24  1866 0001:000B9A27  1867 0001:000B9A2D  1868 0001:000B9A34
  1875 0001:000B9A38  1876 0001:000B9A41  1877 0001:000B9A48  1879 0001:000B9A5F
  1881 0001:000B9A77  1882 0001:000B9A90  1884 0001:000B9A92  1877 0001:000B9A93
  1885 0001:000B9A99  1890 0001:000B9AA0  1891 0001:000B9AAC  1892 0001:000B9AB9
  1894 0001:000B9AD0  1896 0001:000B9AE8  1897 0001:000B9B06  1899 0001:000B9B08
  1892 0001:000B9B09  1900 0001:000B9B0C  1906 0001:000B9B28  1907 0001:000B9B47
  1908 0001:000B9B4A  1909 0001:000B9B50  1910 0001:000B9B5B  1911 0001:000B9B69
  1912 0001:000B9B6B  1913 0001:000B9B6F  1915 0001:000B9B76  1916 0001:000B9B7A
  1918 0001:000B9B7F  1919 0001:000B9B8C  1921 0001:000B9B93  1922 0001:000B9BA0
  1923 0001:000B9BC7  1933 0001:000B9BD0  1934 0001:000B9BF3  1936 0001:000B9BFD
  1937 0001:000B9C0E  1938 0001:000B9C22  1939 0001:000B9C30  1941 0001:000B9C4C
  1942 0001:000B9C5B  1943 0001:000B9C69  1944 0001:000B9C88  1945 0001:000B9CAA
  1946 0001:000B9CCD  1948 0001:000B9CD9  1949 0001:000B9CFB  1951 0001:000B9D1B
  1953 0001:000B9D28  1939 0001:000B9D2B  1955 0001:000B9D41  1958 0001:000B9D51
  1959 0001:000B9D62  1960 0001:000B9D88  1961 0001:000B9D96  1963 0001:000B9DB2
  1964 0001:000B9DC1  1965 0001:000B9DCF  1966 0001:000B9DEE  1967 0001:000B9E10
  1968 0001:000B9E32  1969 0001:000B9E54  1970 0001:000B9E7D  1971 0001:000B9E91
  1972 0001:000B9EA0  1973 0001:000B9EAD  1974 0001:000B9ED8  1975 0001:000B9EE1
  1976 0001:000B9EF5  1978 0001:000B9F15  1980 0001:000B9F22  1961 0001:000B9F25
  1982 0001:000B9F3B  1987 0001:000B9F4B  1989 0001:000B9F64  1990 0001:000B9F78
  1992 0001:000B9F85  1994 0001:000B9FA5  1995 0001:000B9FB9  1997 0001:000B9FE3
  1998 0001:000B9FEF  1999 0001:000BA001  2000 0001:000BA009  2001 0001:000BA01A
  2003 0001:000BA01C  1992 0001:000BA01F  2005 0001:000BA024  1987 0001:000BA027
  2009 0001:000BA031  2013 0001:000BA044  2014 0001:000BA04B  2016 0001:000BA064
  2017 0001:000BA078  2019 0001:000BA08C  2020 0001:000BA09B  2021 0001:000BA0A9
  2022 0001:000BA0B3  2023 0001:000BA0CE  2025 0001:000BA0F2  2028 0001:000BA0FF
  2029 0001:000BA108  2014 0001:000BA10B  2033 0001:000BA115  2034 0001:000BA11D
  2038 0001:000BA127  2039 0001:000BA13B  2040 0001:000BA149  2042 0001:000BA173
  2048 0001:000BA183  2049 0001:000BA197  2050 0001:000BA1A5  2051 0001:000BA1B1
  2053 0001:000BA1E9  2055 0001:000BA1F9  2059 0001:000BA206  2060 0001:000BA210
  2062 0001:000BA221  2063 0001:000BA235  2064 0001:000BA243  2066 0001:000BA25F
  2067 0001:000BA26E  2068 0001:000BA27C  2069 0001:000BA29B  2070 0001:000BA2BD
  2071 0001:000BA2DF  2072 0001:000BA301  2073 0001:000BA323  2075 0001:000BA343
  2077 0001:000BA350  2064 0001:000BA353  2079 0001:000BA369  2081 0001:000BA379
  2082 0001:000BA381  2083 0001:000BA38B  2084 0001:000BA398  2085 0001:000BA3A4
  2086 0001:000BA3AE  2090 0001:000BA3B8  2092 0001:000BA3C3  2093 0001:000BA3C8
  2094 0001:000BA3D6  2096 0001:000BA3FD  2097 0001:000BA402  2099 0001:000BA40C
  2100 0001:000BA412  2103 0001:000BA42A  2105 0001:000BA44E  2107 0001:000BA488
  2108 0001:000BA49C  2110 0001:000BA49E  2103 0001:000BA4A1  2112 0001:000BA4A6
  2117 0001:000BA4B0  2118 0001:000BA4B8  2119 0001:000BA4C8  2122 0001:000BA4FC
  2263 0001:000BA69C  2264 0001:000BA6C1  2265 0001:000BA6CF  2267 0001:000BA6EB
  2268 0001:000BA709  2269 0001:000BA70E  2271 0001:000BA751  2274 0001:000BA75D
  2275 0001:000BA79C  2279 0001:000BA7B1  2281 0001:000BA7C9  2283 0001:000BA7DB
  2284 0001:000BA7EF  2285 0001:000BA7FE  2286 0001:000BA80B  2289 0001:000BA844
  2291 0001:000BA856  2292 0001:000BA86A  2293 0001:000BA879  2294 0001:000BA886
  2296 0001:000BA8BF  2279 0001:000BA8C0  2297 0001:000BA8C9  2265 0001:000BA8CC
  2298 0001:000BA8D5  2299 0001:000BA8E1  2301 0001:000BA8F5  2303 0001:000BA92F
  2309 0001:000BA9A8  2310 0001:000BA9C7  2313 0001:000BA9D0  2314 0001:000BA9DE
  2315 0001:000BA9EC  2316 0001:000BAA02  2318 0001:000BAA15  2319 0001:000BAA1D
  2321 0001:000BAA33  2322 0001:000BAA3F  2324 0001:000BAA46  2311 0001:000BAA5C
  2328 0001:000BAA66  2329 0001:000BAA8B  2335 0001:000BAABC  2336 0001:000BAAE1
  2338 0001:000BAAF6  2340 0001:000BAB15  2341 0001:000BAB66  2344 0001:000BAB7C
  2346 0001:000BAB96  2347 0001:000BAB9C  2349 0001:000BAC15  2350 0001:000BAC35
  2355 0001:000BAC41  2357 0001:000BAC5B  2359 0001:000BAC65  2360 0001:000BAC73
  2361 0001:000BAC84  2364 0001:000BACFD  2365 0001:000BAD1D  2368 0001:000BAD29
  2371 0001:000BAD3C  2373 0001:000BAD56  2375 0001:000BAD5C  2378 0001:000BADD5
  2379 0001:000BADF5  2384 0001:000BAE01  2386 0001:000BAE1B  2388 0001:000BAE25
  2389 0001:000BAE33  2390 0001:000BAE41  2393 0001:000BAEBA  2394 0001:000BAEDA
  2400 0001:000BAEE3  2401 0001:000BAF03  2404 0001:000BAF2C  2411 0001:000BB048
  2412 0001:000BB07E  2414 0001:000BB08D  2415 0001:000BB095  2418 0001:000BB09A
  2419 0001:000BB0BA  2420 0001:000BB0DA  2421 0001:000BB0FA  2422 0001:000BB11B
  2423 0001:000BB13C  2425 0001:000BB15A  2426 0001:000BB1A3  2433 0001:000BB1BC
  2434 0001:000BB1DF  2435 0001:000BB1F0  2436 0001:000BB204  2438 0001:000BB235
  2440 0001:000BB245  2441 0001:000BB259  2442 0001:000BB270  2443 0001:000BB284
  2444 0001:000BB292  2446 0001:000BB2AE  2447 0001:000BB2BD  2448 0001:000BB2CB
  2449 0001:000BB2EA  2450 0001:000BB30C  2451 0001:000BB32E  2452 0001:000BB351
  2453 0001:000BB373  2454 0001:000BB395  2455 0001:000BB3B7  2456 0001:000BB3D9
  2457 0001:000BB3F3  2458 0001:000BB407  2460 0001:000BB42D  2462 0001:000BB43A
  2444 0001:000BB43D  2464 0001:000BB453  2467 0001:000BB463  2468 0001:000BB474
  2469 0001:000BB488  2470 0001:000BB4BB  2475 0001:000BB4E0  2476 0001:000BB4E8
  2478 0001:000BB4F3  2479 0001:000BB501  2480 0001:000BB50C  2476 0001:000BB50D
  2481 0001:000BB510  2482 0001:000BB517  2487 0001:000BB51C  2488 0001:000BB525
  2490 0001:000BB537  2492 0001:000BB544  2493 0001:000BB552  2495 0001:000BB55D
  2488 0001:000BB55E  2496 0001:000BB563  2497 0001:000BB56A  2507 0001:000BB570
  2508 0001:000BB5A6  2510 0001:000BB5BC  2511 0001:000BB5CB  2512 0001:000BB5D9
  2513 0001:000BB5E7  2514 0001:000BB5F5  2516 0001:000BB5FF  2518 0001:000BB60A
  2519 0001:000BB617  2523 0001:000BB626  2524 0001:000BB633  2526 0001:000BB63D
  2527 0001:000BB647  2528 0001:000BB659  2530 0001:000BB676  2531 0001:000BB67D
  2533 0001:000BB682  2534 0001:000BB68F  2536 0001:000BB69C  2538 0001:000BB6AD
  2539 0001:000BB6BE  2542 0001:000BB6CF  2543 0001:000BB6DC  2545 0001:000BB6E9
  2547 0001:000BB6EC  2548 0001:000BB708  2550 0001:000BB733  2551 0001:000BB771
  2553 0001:000BB7AF  2554 0001:000BB7BC  2556 0001:000BB7C9  2558 0001:000BB7CC
  2559 0001:000BB7FA  2562 0001:000BB838  2563 0001:000BB853  2564 0001:000BB859
  2566 0001:000BB87A  2568 0001:000BB8B9  2574 0001:000BB8F0  2575 0001:000BB917
  2576 0001:000BB921  2578 0001:000BB930  2579 0001:000BB93F  2581 0001:000BB94E
  2583 0001:000BB95F  2584 0001:000BB96B  2586 0001:000BB96D  2587 0001:000BB97B
  2579 0001:000BB97C  2588 0001:000BB99D  2594 0001:000BB9B4  2595 0001:000BB9C4
  2596 0001:000BB9C7  2598 0001:000BB9CD  2599 0001:000BB9D2  2600 0001:000BB9D8
  2603 0001:000BB9DB  2604 0001:000BB9EA  2605 0001:000BB9F8  2606 0001:000BBA02
  2607 0001:000BBA10  2608 0001:000BBA15  2609 0001:000BBA21  2611 0001:000BBA3F
  2613 0001:000BBA4F  2618 0001:000BBA58  2619 0001:000BBA66  2620 0001:000BBA7D
  2621 0001:000BBA8E  2622 0001:000BBAA3  2620 0001:000BBAB9  2622 0001:000BBABC
  2619 0001:000BBABF  2623 0001:000BBAC4  2626 0001:000BBACC  2627 0001:000BBAD2
  2628 0001:000BBAE4  2629 0001:000BBAEB  2632 0001:000BBAF0  2633 0001:000BBAF7
  2635 0001:000BBB08  2636 0001:000BBB37  2637 0001:000BBB3E  2640 0001:000BBB44
  2641 0001:000BBB4B  2643 0001:000BBB5C  2644 0001:000BBB87  2645 0001:000BBB95
  2648 0001:000BBB9C  2649 0001:000BBB9F  2650 0001:000BBBA4  2653 0001:000BBBA8
  2654 0001:000BBBAF  2656 0001:000BBBC0  2657 0001:000BBBF2  2658 0001:000BBC00
  2663 0001:000BBC04  2664 0001:000BBC0B  2666 0001:000BBC1C  2667 0001:000BBC29
  2668 0001:000BBC36  2670 0001:000BBC43  2671 0001:000BBC50  2672 0001:000BBC5D
  2673 0001:000BBC6A  2675 0001:000BBC6F  2677 0001:000BBC8E  2678 0001:000BBCA8
  2679 0001:000BBCC2  2681 0001:000BBCDC  2682 0001:000BBCF6  2683 0001:000BBD10
  2684 0001:000BBD2A  2690 0001:000BBD38  2691 0001:000BBD41  2692 0001:000BBD5F
  2693 0001:000BBD64  2694 0001:000BBD74  2700 0001:000BBD7C  2701 0001:000BBD85
  2703 0001:000BBD8A  2704 0001:000BBDA8  2705 0001:000BBDAD  2707 0001:000BBDBD
  2710 0001:000BBDC4  2711 0001:000BBDC7  2712 0001:000BBDD5  2715 0001:000BBDD8
  2716 0001:000BBDDB  2717 0001:000BBDE2  2720 0001:000BBDE4  2721 0001:000BBDE7
  2722 0001:000BBDF3  2724 0001:000BBE00  2726 0001:000BBE0B  2727 0001:000BBE10
  2734 0001:000BBE14  2735 0001:000BBE38  2736 0001:000BBE46  2738 0001:000BBE68
  2741 0001:000BBED0  2742 0001:000BBEE1  2743 0001:000BBEEF  2744 0001:000BBF14
  2745 0001:000BBF39  2746 0001:000BBF4F  2748 0001:000BBF6F  2751 0001:000BBF7C
  2736 0001:000BBF7F  2753 0001:000BBF88  2755 0001:000BBF9A  2756 0001:000BBFAB
  2757 0001:000BBFB9  2758 0001:000BBFC6  2759 0001:000BBFD0  2761 0001:000BBFF0
  2765 0001:000BBFFD  2766 0001:000BC00B  2768 0001:000BC033  2770 0001:000BC052
  2771 0001:000BC06B  2773 0001:000BC071  2774 0001:000BC082  2775 0001:000BC090
  2776 0001:000BC09B  2777 0001:000BC0A4  2778 0001:000BC0BA  2780 0001:000BC0DA
  2784 0001:000BC0E7  2766 0001:000BC0EA  2787 0001:000BC115  2794 0001:000BC13C
  2795 0001:000BC156  2797 0001:000BC16C  2798 0001:000BC190  2799 0001:000BC19E
  2801 0001:000BC1C3  2805 0001:000BC1FD  2811 0001:000BC264  2812 0001:000BC27F
  2813 0001:000BC294  2814 0001:000BC2B9  2815 0001:000BC2D8  2816 0001:000BC2DE
  2817 0001:000BC2EC  2819 0001:000BC302  2822 0001:000BC35D  2827 0001:000BC3CC
  2828 0001:000BC3E7  2829 0001:000BC3FC  2830 0001:000BC421  2831 0001:000BC440
  2832 0001:000BC446  2834 0001:000BC486  2837 0001:000BC4D4  2843 0001:000BC520
  2844 0001:000BC53C  2845 0001:000BC551  2847 0001:000BC576  2848 0001:000BC5B2
  2849 0001:000BC5C0  2850 0001:000BC5E2  2851 0001:000BC5F4  2850 0001:000BC616
  2853 0001:000BC626  2855 0001:000BC658  2861 0001:000BC67C  2862 0001:000BC69C
  2864 0001:000BC6B4  2866 0001:000BC6C5  2867 0001:000BC6DB  2869 0001:000BC725
  2862 0001:000BC726  2871 0001:000BC729  2872 0001:000BC76D  2873 0001:000BC798
  2880 0001:000BC7C8  2881 0001:000BC7E5  2883 0001:000BC806  2884 0001:000BC81B
  2886 0001:000BC820  2887 0001:000BC840  2889 0001:000BC858  2891 0001:000BC869
  2892 0001:000BC87F  2894 0001:000BC8C9  2887 0001:000BC8CA  2895 0001:000BC8EF
  2902 0001:000BC960  2903 0001:000BC985  2904 0001:000BC999  2905 0001:000BC9BA
  2907 0001:000BC9D7  2908 0001:000BC9DD  2910 0001:000BC9E3  2911 0001:000BC9F7
  2912 0001:000BCA0E  2913 0001:000BCA26  2914 0001:000BCA3E  2915 0001:000BCA56
  2917 0001:000BCA6E  2918 0001:000BCA7D  2919 0001:000BCA87  2920 0001:000BCA8F
  2922 0001:000BCAA8  2923 0001:000BCABC  2924 0001:000BCACA  2926 0001:000BCAE6
  2927 0001:000BCAF5  2928 0001:000BCB03  2929 0001:000BCB22  2930 0001:000BCB2C
  2931 0001:000BCB4E  2932 0001:000BCB68  2933 0001:000BCB73  2935 0001:000BCB9A
  2937 0001:000BCBA7  2924 0001:000BCBAA  2939 0001:000BCBC0  2942 0001:000BCBD0
  2943 0001:000BCBD6  2945 0001:000BCBEC  2946 0001:000BCBFF  2948 0001:000BCC13
  2949 0001:000BCC1B  2950 0001:000BCC47  2956 0001:000BCCEC  2957 0001:000BCD1A
  2958 0001:000BCD29  2959 0001:000BCD37  2960 0001:000BCD45  2961 0001:000BCD53
  2963 0001:000BCD5D  2965 0001:000BCD63  2966 0001:000BCD70  2970 0001:000BCD7F
  2971 0001:000BCD8C  2973 0001:000BCD96  2974 0001:000BCDA0  2975 0001:000BCDB2
  2977 0001:000BCDCF  2979 0001:000BCDE7  2981 0001:000BCE01  2982 0001:000BCE0B
  2983 0001:000BCE1F  2987 0001:000BCE3B  2988 0001:000BCE42  2990 0001:000BCE49
  2991 0001:000BCE57  2994 0001:000BCEAA  2995 0001:000BCEC5  2996 0001:000BCECB
  2998 0001:000BCEEC  3000 0001:000BCF1E  3005 0001:000BCF2C  3006 0001:000BCF33
  3007 0001:000BCF44  3008 0001:000BCF63  3009 0001:000BCF70  3010 0001:000BCF85
  3011 0001:000BCF9A  3012 0001:000BCFA9  3015 0001:000BCFB0  3016 0001:000BCFB6
  3019 0001:000BCFC2  3020 0001:000BCFD3  3021 0001:000BCFE1  3024 0001:000BCFF2
  3027 0001:000BCFF8  3028 0001:000BCFFF  3030 0001:000BD005  3031 0001:000BD01E
  3032 0001:000BD037  3035 0001:000BD066  3036 0001:000BD078  3037 0001:000BD093
  3039 0001:000BD0AC  3040 0001:000BD0BA  3041 0001:000BD0CC  3047 0001:000BD0D0
  3069 0001:000BD0D3  3072 0001:000BD0D8  3073 0001:000BD0DE  3074 0001:000BD0E5
  3075 0001:000BD0EC  3081 0001:000BD0F0  3082 0001:000BD189  3083 0001:000BD18E
  3084 0001:000BD193  3085 0001:000BD198  3086 0001:000BD19D  3087 0001:000BD1A2
  3088 0001:000BD1A7  3089 0001:000BD1AC  3090 0001:000BD1B1  3091 0001:000BD1B6
  3092 0001:000BD1BB  3093 0001:000BD1C0  3094 0001:000BD1C5  3095 0001:000BD1CA
  3096 0001:000BD1CF  3097 0001:000BD1D4  3099 0001:000BD1D8  3104 0001:000BD1DC
  3105 0001:000BD1FB  3106 0001:000BD209  3108 0001:000BD215  3109 0001:000BD229
  3110 0001:000BD237  3112 0001:000BD251  3115 0001:000BD284  3125 0001:000BD288
  3126 0001:000BD2B6  3127 0001:000BD2BA  3128 0001:000BD2D7  3129 0001:000BD2E3
  3131 0001:000BD2EB  3132 0001:000BD326  3134 0001:000BD340  3136 0001:000BD35D
  3138 0001:000BD383  3139 0001:000BD397  3140 0001:000BD3A5  3142 0001:000BD3B5
  3143 0001:000BD3CC  3144 0001:000BD3DA  3145 0001:000BD3EA  3146 0001:000BD3EF
  3148 0001:000BD404  3149 0001:000BD425  3150 0001:000BD428  3146 0001:000BD438
  3153 0001:000BD448  3157 0001:000BD465  3160 0001:000BD4C4  3184 0001:000BD52C
  3185 0001:000BD54A  3186 0001:000BD55B  3187 0001:000BD56D  3189 0001:000BD582
  3190 0001:000BD59C  3192 0001:000BD5C8  3193 0001:000BD5DB  3195 0001:000BD5E9
  3197 0001:000BD607  3198 0001:000BD62C  3202 0001:000BD63B  3203 0001:000BD660
  3206 0001:000BD66D  3208 0001:000BD671  3209 0001:000BD6AC  3212 0001:000BD6C9
  3213 0001:000BD6CE  3215 0001:000BD700  3220 0001:000BD74C  3221 0001:000BD764
  3222 0001:000BD778  3224 0001:000BD784  3225 0001:000BD7A2  3227 0001:000BD7BE
  3228 0001:000BD7FC  3231 0001:000BD818  3232 0001:000BD81B  3233 0001:000BD820
  3236 0001:000BD824  3237 0001:000BD827  3238 0001:000BD82C  3241 0001:000BD830
  3242 0001:000BD833  3243 0001:000BD83C  3245 0001:000BD849  3246 0001:000BD84E
  3249 0001:000BD850  3251 0001:000BD858  3250 0001:000BD85F  3252 0001:000BD86E
  3253 0001:000BD87B  3258 0001:000BD880  3259 0001:000BD888  3260 0001:000BD88A
  3262 0001:000BD893  3263 0001:000BD8AE  3264 0001:000BD8B7  3265 0001:000BD8B9
  3266 0001:000BD8C6  3267 0001:000BD8D3  3268 0001:000BD8EB  3271 0001:000BD8F8
  3272 0001:000BD906  3273 0001:000BD914  3274 0001:000BD924  3275 0001:000BD931
  3276 0001:000BD93E  3277 0001:000BD94B  3278 0001:000BD958  3279 0001:000BD97D
  3280 0001:000BD99E  3282 0001:000BD9A5  3283 0001:000BD9BC  3286 0001:000BD9C4
  3287 0001:000BD9F9  3289 0001:000BDA00  3290 0001:000BDA16  3291 0001:000BDA1F
  3292 0001:000BDA55  3293 0001:000BDA6B  3294 0001:000BDA7B  3296 0001:000BDA8B
  3297 0001:000BDA9B  3299 0001:000BDAAB  3300 0001:000BDAC5  3301 0001:000BDAE1
  3302 0001:000BDB4E  3303 0001:000BDB5F  3304 0001:000BDB7B  3306 0001:000BDB82
  3307 0001:000BDB88  3309 0001:000BDBA4  3310 0001:000BDBA8  3312 0001:000BDBD7
  3313 0001:000BDC58  3316 0001:000BDC64  3317 0001:000BDC7B  3318 0001:000BDC85
  3319 0001:000BDCBA  3324 0001:000BDCC0  3325 0001:000BDCDB  3327 0001:000BDCE9
  3328 0001:000BDD03  3329 0001:000BDD0F  3330 0001:000BDD2B  3332 0001:000BDD30
  3333 0001:000BDD3C  3334 0001:000BDD63  3330 0001:000BDD6A  3336 0001:000BDD6D
  3337 0001:000BDD7E  3338 0001:000BDD89  3339 0001:000BDD91  3340 0001:000BDD99
  3341 0001:000BDDA2  3342 0001:000BDDAC  3344 0001:000BDDE2  3348 0001:000BDDE8
  3349 0001:000BDDEF  3351 0001:000BDDF8  3352 0001:000BDE0A  3354 0001:000BDE1A
  3357 0001:000BDE20  3358 0001:000BDE23  3359 0001:000BDE2D  3360 0001:000BDE34
  3363 0001:000BDE38  3364 0001:000BDE3B  3365 0001:000BDE45  3366 0001:000BDE4C
  3369 0001:000BDE50  3370 0001:000BDE66  3371 0001:000BDE84  3372 0001:000BDE8D
  3373 0001:000BDE97  3374 0001:000BDE9F  3375 0001:000BDEA7  3376 0001:000BDEB0
  3377 0001:000BDEC6  3378 0001:000BDEF9  3382 0001:000BDF00  3383 0001:000BDF1D
  3384 0001:000BDF2F  3385 0001:000BDF41  3386 0001:000BDF4A  3387 0001:000BDF78
  3388 0001:000BDFB5  3389 0001:000BDFDC  3390 0001:000BE011  3393 0001:000BE018
  3394 0001:000BE01B  3395 0001:000BE022  3398 0001:000BE024  3399 0001:000BE02A
  3400 0001:000BE043  3401 0001:000BE05C  3402 0001:000BE075  3403 0001:000BE08E
  3409 0001:000BE0E0  3410 0001:000BE105  3411 0001:000BE113  3413 0001:000BE123
  3415 0001:000BE13A  3417 0001:000BE160  3418 0001:000BE173  3419 0001:000BE186
  3420 0001:000BE191  3421 0001:000BE19B  3422 0001:000BE1B8  3424 0001:000BE1E3
  3425 0001:000BE1F1  3429 0001:000BE217  3431 0001:000BE23D  3432 0001:000BE250
  3433 0001:000BE275  3434 0001:000BE27F  3436 0001:000BE2D5  3437 0001:000BE2E3
  3440 0001:000BE2EE  3413 0001:000BE2EF  3443 0001:000BE305  3445 0001:000BE351
  3448 0001:000BE3B8  3449 0001:000BE3C2  3450 0001:000BE3D0  3451 0001:000BE3D9
  3452 0001:000BE3E4  3453 0001:000BE3EA  3455 0001:000BE407  3456 0001:000BE40C
  3462 0001:000BE414  3463 0001:000BE43B  3464 0001:000BE449  3466 0001:000BE459
  3468 0001:000BE475  3471 0001:000BE4D9  3472 0001:000BE4E8  3473 0001:000BE4F6
  3474 0001:000BE518  3475 0001:000BE53A  3476 0001:000BE55C  3477 0001:000BE57E
  3478 0001:000BE5A0  3480 0001:000BE5C3  3485 0001:000BE5D5  3487 0001:000BE5ED
  3488 0001:000BE600  3490 0001:000BE628  3491 0001:000BE64A  3492 0001:000BE66C
  3493 0001:000BE68E  3494 0001:000BE6B0  3495 0001:000BE6D2  3497 0001:000BE6D7
  3485 0001:000BE6D8  3501 0001:000BE6E4  3503 0001:000BE6FC  3504 0001:000BE70F
  3506 0001:000BE733  3507 0001:000BE743  3509 0001:000BE748  3501 0001:000BE749
  3514 0001:000BE751  3515 0001:000BE761  3520 0001:000BE7AD  3525 0001:000BE7BD
  3526 0001:000BE7F5  3527 0001:000BE838  3530 0001:000BE842  3466 0001:000BE845
  3531 0001:000BE84E  3534 0001:000BE863  3536 0001:000BE895  3539 0001:000BE89C
  3540 0001:000BE89F  3541 0001:000BE8AE  3543 0001:000BE8BF  3544 0001:000BE8CE
  3547 0001:000BE908  3548 0001:000BE90B  3549 0001:000BE913  3552 0001:000BE918
  3553 0001:000BE91E  3554 0001:000BE92C  3555 0001:000BE932  3557 0001:000BE939
  3559 0001:000BE950  3560 0001:000BE955  3563 0001:000BE95C  3564 0001:000BE95F
  3565 0001:000BE964  3568 0001:000BE968  3569 0001:000BE96C  3570 0001:000BE98B
  3573 0001:000BE990  3574 0001:000BE993  3575 0001:000BE998  3577 0001:000BE9E0
  3577 0001:000BE9E7

Line numbers for lan_control(D:\work\wisehouse\server\lan_control\win\lan_control.dpr) segment .text

    27 0001:000BE9E8    28 0001:000BE9EB    29 0001:000BE9FE    30 0001:000BEA13
    32 0001:000BEF38    33 0001:000BEF4F    34 0001:000BEF56    36 0001:000BEF5F
    38 0001:000BEF6C    40 0001:000BEF76    41 0001:000BEF7D    42 0001:000BEF90
    43 0001:000BEFA3    44 0001:000BEFB6    45 0001:000BEFC9    46 0001:000BEFDC
    47 0001:000BEFEF    49 0001:000BEFF6    50 0001:000BF001

Bound resource files

c:\program files (x86)\borland\delphi7\Lib\Controls.res
c:\program files (x86)\borland\delphi7\Lib\Buttons.res
c:\program files (x86)\borland\delphi7\Lib\ExtDlgs.res
c:\program files (x86)\borland\delphi7\Lib\FileCtrl.res
PropertysForm_Unit.dfm
RegForm_Unit.dfm
SchedDialog_Unit.dfm
MediaInfoDialog_Unit.dfm
AlertForm_Unit.dfm
Mp3Player_Unit.dfm
CamPlayer_Unit.dfm
CamDisplay_Unit.dfm
CamAlertDiaplay_Unit.dfm
MainForm_Unit.dfm
lan_control.res
lan_control.drf


Program entry point at 0001:000BEF38
