
 Start         Length     Name                   Class
 0001:00000000 000BEBA0H .text                   CODE
 0002:00000000 000030E8H .data                   DATA
 0002:000030E8 00003935H .bss                    BSS


Detailed map of segments

 0001:00000000 00005C3F C=CODE     S=.text    G=(none)   M=System   ACBP=A9
 0001:00005C40 00000158 C=CODE     S=.text    G=(none)   M=SysInit  ACBP=A9
 0001:00005D98 00000090 C=CODE     S=.text    G=(none)   M=Types    ACBP=A9
 0001:00005E28 00000E68 C=CODE     S=.text    G=(none)   M=Windows  ACBP=A9
 0001:00006C90 00000038 C=CODE     S=.text    G=(none)   M=FastMM4Messages ACBP=A9
 0001:00006CC8 0000268B C=CODE     S=.text    G=(none)   M=FastMM4  ACBP=A9
 0001:00009354 00000038 C=CODE     S=.text    G=(none)   M=Messages ACBP=A9
 0001:0000938C 00000340 C=CODE     S=.text    G=(none)   M=SysConst ACBP=A9
 0001:000096CC 000071C8 C=CODE     S=.text    G=(none)   M=SysUtils ACBP=A9
 0001:00010894 00000807 C=CODE     S=.text    G=(none)   M=VarUtils ACBP=A9
 0001:0001109C 0000682E C=CODE     S=.text    G=(none)   M=Variants ACBP=A9
 0001:000178CC 00000190 C=CODE     S=.text    G=(none)   M=RTLConsts ACBP=A9
 0001:00017A5C 00000858 C=CODE     S=.text    G=(none)   M=TypInfo  ACBP=A9
 0001:000182B4 000003A0 C=CODE     S=.text    G=(none)   M=ActiveX  ACBP=A9
 0001:00018654 0000AF2E C=CODE     S=.text    G=(none)   M=Classes  ACBP=A9
 0001:00023584 00000310 C=CODE     S=.text    G=(none)   M=Consts   ACBP=A9
 0001:00023894 000095E7 C=CODE     S=.text    G=(none)   M=Graphics ACBP=A9
 0001:0002CE7C 00000078 C=CODE     S=.text    G=(none)   M=Math     ACBP=A9
 0001:0002CEF4 000002D4 C=CODE     S=.text    G=(none)   M=Contnrs  ACBP=A9
 0001:0002D1C8 000001A8 C=CODE     S=.text    G=(none)   M=CommCtrl ACBP=A9
 0001:0002D370 00000793 C=CODE     S=.text    G=(none)   M=MultiMon ACBP=A9
 0001:0002DB04 00000038 C=CODE     S=.text    G=(none)   M=Imm      ACBP=A9
 0001:0002DB3C 00000FF8 C=CODE     S=.text    G=(none)   M=HelpIntfs ACBP=A9
 0001:0002EB34 00000038 C=CODE     S=.text    G=(none)   M=WinSpool ACBP=A9
 0001:0002EB6C 00000044 C=CODE     S=.text    G=(none)   M=Printers ACBP=A9
 0001:0002EBB0 0000031F C=CODE     S=.text    G=(none)   M=FlatSB   ACBP=A9
 0001:0002EED0 0000034C C=CODE     S=.text    G=(none)   M=SyncObjs ACBP=A9
 0001:0002F21C 000009BB C=CODE     S=.text    G=(none)   M=UxTheme  ACBP=A9
 0001:0002FBD8 00000D74 C=CODE     S=.text    G=(none)   M=Themes   ACBP=A9
 0001:0003094C 0000BC5C C=CODE     S=.text    G=(none)   M=StdCtrls ACBP=A9
 0001:0003C5A8 00000040 C=CODE     S=.text    G=(none)   M=ShellAPI ACBP=A9
 0001:0003C5E8 00000038 C=CODE     S=.text    G=(none)   M=RegStr   ACBP=A9
 0001:0003C620 00000038 C=CODE     S=.text    G=(none)   M=WinInet  ACBP=A9
 0001:0003C658 00000038 C=CODE     S=.text    G=(none)   M=UrlMon   ACBP=A9
 0001:0003C690 0000008C C=CODE     S=.text    G=(none)   M=ShlObj   ACBP=A9
 0001:0003C71C 00000040 C=CODE     S=.text    G=(none)   M=CommDlg  ACBP=A9
 0001:0003C75C 0000321E C=CODE     S=.text    G=(none)   M=ExtCtrls ACBP=A9
 0001:0003F97C 00000038 C=CODE     S=.text    G=(none)   M=Dlgs     ACBP=A9
 0001:0003F9B4 00002345 C=CODE     S=.text    G=(none)   M=Dialogs  ACBP=A9
 0001:00041CFC 00000094 C=CODE     S=.text    G=(none)   M=Clipbrd  ACBP=A9
 0001:00041D90 00000038 C=CODE     S=.text    G=(none)   M=StrUtils ACBP=A9
 0001:00041DC8 00000168 C=CODE     S=.text    G=(none)   M=StdActns ACBP=A9
 0001:00041F30 00000D1F C=CODE     S=.text    G=(none)   M=WinHelpViewer ACBP=A9
 0001:00042C50 00011323 C=CODE     S=.text    G=(none)   M=Controls ACBP=A9
 0001:00053F74 00001A3E C=CODE     S=.text    G=(none)   M=ActnList ACBP=A9
 0001:000559B4 00001C90 C=CODE     S=.text    G=(none)   M=ImgList  ACBP=A9
 0001:00057644 00006781 C=CODE     S=.text    G=(none)   M=Menus    ACBP=A9
 0001:0005DDC8 0000D250 C=CODE     S=.text    G=(none)   M=Forms    ACBP=A9
 0001:0006B018 00000FDC C=CODE     S=.text    G=(none)   M=DlgMessagesRU ACBP=A9
 0001:0006BFF4 00000424 C=CODE     S=.text    G=(none)   M=SimpleTimer ACBP=A9
 0001:0006C418 00000038 C=CODE     S=.text    G=(none)   M=RichEdit ACBP=A9
 0001:0006C450 00000038 C=CODE     S=.text    G=(none)   M=ToolWin  ACBP=A9
 0001:0006C488 00000078 C=CODE     S=.text    G=(none)   M=ComStrs  ACBP=A9
 0001:0006C500 00002731 C=CODE     S=.text    G=(none)   M=Buttons  ACBP=A9
 0001:0006EC34 00000038 C=CODE     S=.text    G=(none)   M=ExtDlgs  ACBP=A9
 0001:0006EC6C 00000068 C=CODE     S=.text    G=(none)   M=IniFiles ACBP=A9
 0001:0006ECD4 00000624 C=CODE     S=.text    G=(none)   M=Registry ACBP=A9
 0001:0006F2F8 0000006C C=CODE     S=.text    G=(none)   M=Mapi     ACBP=A9
 0001:0006F364 00000058 C=CODE     S=.text    G=(none)   M=ExtActns ACBP=A9
 0001:0006F3BC 00000038 C=CODE     S=.text    G=(none)   M=ListActns ACBP=A9
 0001:0006F3F4 00004574 C=CODE     S=.text    G=(none)   M=ComCtrls ACBP=A9
 0001:00073968 00001BDC C=CODE     S=.text    G=(none)   M=CoolTrayIcon ACBP=A9
 0001:00075544 000000D8 C=CODE     S=.text    G=(none)   M=WinSock  ACBP=A9
 0001:0007561C 00001F78 C=CODE     S=.text    G=(none)   M=ScktComp ACBP=A9
 0001:00077594 000003B8 C=CODE     S=.text    G=(none)   M=DataRec_Unit ACBP=A9
 0001:0007794C 00000040 C=CODE     S=.text    G=(none)   M=MMSystem ACBP=A9
 0001:0007798C 00000038 C=CODE     S=.text    G=(none)   M=ACS_Types ACBP=A9
 0001:000779C4 00000359 C=CODE     S=.text    G=(none)   M=ACS_Procs ACBP=A9
 0001:00077D20 00005124 C=CODE     S=.text    G=(none)   M=ACS_Tags ACBP=A9
 0001:0007CE44 000021FE C=CODE     S=.text    G=(none)   M=ACS_Classes ACBP=A9
 0001:0007F044 00000038 C=CODE     S=.text    G=(none)   M=_DXTypes ACBP=A9
 0001:0007F07C 00000148 C=CODE     S=.text    G=(none)   M=_DirectSound ACBP=A9
 0001:0007F1C4 00000253 C=CODE     S=.text    G=(none)   M=wmfintf  ACBP=A9
 0001:0007F418 00000BF0 C=CODE     S=.text    G=(none)   M=libwma1  ACBP=A9
 0001:00080008 00000810 C=CODE     S=.text    G=(none)   M=ACS_WinMedia ACBP=A9
 0001:00080818 000001A4 C=CODE     S=.text    G=(none)   M=ACS_smpeg ACBP=A9
 0001:000809BC 00000078 C=CODE     S=.text    G=(none)   M=_MSAcm   ACBP=A9
 0001:00080A34 00000714 C=CODE     S=.text    G=(none)   M=WaveConverter ACBP=A9
 0001:00081148 00001B24 C=CODE     S=.text    G=(none)   M=ACS_Wave ACBP=A9
 0001:00082C6C 00000758 C=CODE     S=.text    G=(none)   M=DSWrapper ACBP=A9
 0001:000833C4 00000914 C=CODE     S=.text    G=(none)   M=ACS_DXAudio ACBP=A9
 0001:00083CD8 00000060 C=CODE     S=.text    G=(none)   M=ComConst ACBP=A9
 0001:00083D38 000012B5 C=CODE     S=.text    G=(none)   M=ComObj   ACBP=A9
 0001:00084FF0 00000038 C=CODE     S=.text    G=(none)   M=StdVCL   ACBP=A9
 0001:00085028 00001793 C=CODE     S=.text    G=(none)   M=AxCtrls  ACBP=A9
 0001:000867BC 00000060 C=CODE     S=.text    G=(none)   M=OleConst ACBP=A9
 0001:0008681C 000035A1 C=CODE     S=.text    G=(none)   M=OleCtrls ACBP=A9
 0001:00089DC0 00000906 C=CODE     S=.text    G=(none)   M=OleServer ACBP=A9
 0001:0008A6C8 00001140 C=CODE     S=.text    G=(none)   M=AXVLC_TLB ACBP=A9
 0001:0008B808 00000040 C=CODE     S=.text    G=(none)   M=synafpc  ACBP=A9
 0001:0008B848 000012E3 C=CODE     S=.text    G=(none)   M=synsock  ACBP=A9
 0001:0008CB2C 00000C00 C=CODE     S=.text    G=(none)   M=synautil ACBP=A9
 0001:0008D72C 000001EC C=CODE     S=.text    G=(none)   M=synacode ACBP=A9
 0001:0008D918 00000840 C=CODE     S=.text    G=(none)   M=synaip   ACBP=A9
 0001:0008E158 000062B4 C=CODE     S=.text    G=(none)   M=blcksock ACBP=A9
 0001:0009440C 00000250 C=CODE     S=.text    G=(none)   M=FileCtrl ACBP=A9
 0001:0009465C 00001488 C=CODE     S=.text    G=(none)   M=PropertysForm_Unit ACBP=A9
 0001:00095AE4 000005BC C=CODE     S=.text    G=(none)   M=RegForm_Unit ACBP=A9
 0001:000960A0 0000038C C=CODE     S=.text    G=(none)   M=DateUtils ACBP=A9
 0001:0009642C 00000AEC C=CODE     S=.text    G=(none)   M=SchedDialog_Unit ACBP=A9
 0001:00096F18 000000C3 C=CODE     S=.text    G=(none)   M=CheckLst ACBP=A9
 0001:00096FDC 00000304 C=CODE     S=.text    G=(none)   M=MediaInfoDialog_Unit ACBP=A9
 0001:000972E0 00000C2C C=CODE     S=.text    G=(none)   M=AlertForm_Unit ACBP=A9
 0001:00097F0C 00000038 C=CODE     S=.text    G=(none)   M=httpsend ACBP=A9
 0001:00097F44 00000CA8 C=CODE     S=.text    G=(none)   M=IdException ACBP=A9
 0001:00098BEC 00000368 C=CODE     S=.text    G=(none)   M=IdResourceStrings ACBP=A9
 0001:00098F54 00001188 C=CODE     S=.text    G=(none)   M=IdWinSock2 ACBP=A9
 0001:0009A0DC 00000038 C=CODE     S=.text    G=(none)   M=IdStackConsts ACBP=A9
 0001:0009A114 00000D2C C=CODE     S=.text    G=(none)   M=IdStack  ACBP=A9
 0001:0009AE40 00001130 C=CODE     S=.text    G=(none)   M=IdStackWindows ACBP=A9
 0001:0009BF70 00000808 C=CODE     S=.text    G=(none)   M=IdURI    ACBP=A9
 0001:0009C778 00001A5C C=CODE     S=.text    G=(none)   M=IdGlobal ACBP=A9
 0001:0009E1D4 000000FC C=CODE     S=.text    G=(none)   M=IdBaseComponent ACBP=A9
 0001:0009E2D0 000002EC C=CODE     S=.text    G=(none)   M=IdAntiFreezeBase ACBP=A9
 0001:0009E5BC 00000645 C=CODE     S=.text    G=(none)   M=IdComponent ACBP=A9
 0001:0009EC04 00000964 C=CODE     S=.text    G=(none)   M=IdSocketHandle ACBP=A9
 0001:0009F568 00000500 C=CODE     S=.text    G=(none)   M=IdIntercept ACBP=A9
 0001:0009FA68 00000168 C=CODE     S=.text    G=(none)   M=IdIOHandler ACBP=A9
 0001:0009FBD0 000004F8 C=CODE     S=.text    G=(none)   M=IdRFCReply ACBP=A9
 0001:000A00C8 00000038 C=CODE     S=.text    G=(none)   M=IdAssignedNumbers ACBP=A9
 0001:000A0100 00000B58 C=CODE     S=.text    G=(none)   M=IdSocks  ACBP=A9
 0001:000A0C58 00000038 C=CODE     S=.text    G=(none)   M=IdTCPStream ACBP=A9
 0001:000A0C90 00000038 C=CODE     S=.text    G=(none)   M=IdStream ACBP=A9
 0001:000A0CC8 000008DC C=CODE     S=.text    G=(none)   M=IdIOHandlerSocket ACBP=A9
 0001:000A15A4 00002160 C=CODE     S=.text    G=(none)   M=IdTCPConnection ACBP=A9
 0001:000A3704 000004A0 C=CODE     S=.text    G=(none)   M=IdTCPClient ACBP=A9
 0001:000A3BA4 00000A90 C=CODE     S=.text    G=(none)   M=IdHeaderList ACBP=A9
 0001:000A4634 00000260 C=CODE     S=.text    G=(none)   M=IdCoder  ACBP=A9
 0001:000A4894 00000694 C=CODE     S=.text    G=(none)   M=IdCoder3to4 ACBP=A9
 0001:000A4F28 000001AB C=CODE     S=.text    G=(none)   M=IdCoderMIME ACBP=A9
 0001:000A50D4 00000928 C=CODE     S=.text    G=(none)   M=IdAuthentication ACBP=A9
 0001:000A59FC 00001D9C C=CODE     S=.text    G=(none)   M=IdHTTPHeaderInfo ACBP=A9
 0001:000A7798 00001410 C=CODE     S=.text    G=(none)   M=IdSSLOpenSSLHeaders ACBP=A9
 0001:000A8BA8 00000084 C=CODE     S=.text    G=(none)   M=IdThread ACBP=A9
 0001:000A8C2C 00000038 C=CODE     S=.text    G=(none)   M=IdThreadMgrDefault ACBP=A9
 0001:000A8C64 0000011C C=CODE     S=.text    G=(none)   M=IdServerIOHandler ACBP=A9
 0001:000A8D80 00000038 C=CODE     S=.text    G=(none)   M=IdServerIOHandlerSocket ACBP=A9
 0001:000A8DB8 00000038 C=CODE     S=.text    G=(none)   M=IdStrings ACBP=A9
 0001:000A8DF0 00000038 C=CODE     S=.text    G=(none)   M=IdThreadSafe ACBP=A9
 0001:000A8E28 00000038 C=CODE     S=.text    G=(none)   M=IdThreadMgr ACBP=A9
 0001:000A8E60 00000038 C=CODE     S=.text    G=(none)   M=IdTCPServer ACBP=A9
 0001:000A8E98 00002954 C=CODE     S=.text    G=(none)   M=IdSSLOpenSSL ACBP=A9
 0001:000AB7EC 0000176C C=CODE     S=.text    G=(none)   M=IdCookie ACBP=A9
 0001:000ACF58 0000088C C=CODE     S=.text    G=(none)   M=IdCookieManager ACBP=A9
 0001:000AD7E4 00000204 C=CODE     S=.text    G=(none)   M=IdAuthenticationManager ACBP=A9
 0001:000AD9E8 00000038 C=CODE     S=.text    G=(none)   M=IdMultipartFormData ACBP=A9
 0001:000ADA20 0000323C C=CODE     S=.text    G=(none)   M=IdHTTP   ACBP=A9
 0001:000B0C5C 000009F8 C=CODE     S=.text    G=(none)   M=Mp3Player_Unit ACBP=A9
 0001:000B1654 00000D1C C=CODE     S=.text    G=(none)   M=libvlc   ACBP=A9
 0001:000B2370 000004C0 C=CODE     S=.text    G=(none)   M=CamPlayer_Unit ACBP=A9
 0001:000B2830 00000A1C C=CODE     S=.text    G=(none)   M=CamDisplay_Unit ACBP=A9
 0001:000B324C 00000B9F C=CODE     S=.text    G=(none)   M=CamAlertDiaplay_Unit ACBP=A9
 0001:000B3DEC 00000B04 C=CODE     S=.text    G=(none)   M=http     ACBP=A9
 0001:000B48F0 00009C90 C=CODE     S=.text    G=(none)   M=MainForm_Unit ACBP=A9
 0001:000BE580 0000061F C=CODE     S=.text    G=(none)   M=lan_control ACBP=A9
 0002:00000000 000000A0 C=DATA     S=.data    G=DGROUP   M=System   ACBP=A9
 0002:000000A0 00000020 C=DATA     S=.data    G=DGROUP   M=SysInit  ACBP=A9
 0002:000000C0 00000711 C=DATA     S=.data    G=DGROUP   M=FastMM4  ACBP=A9
 0002:000007D4 00000254 C=DATA     S=.data    G=DGROUP   M=SysUtils ACBP=A9
 0002:00000A28 00000008 C=DATA     S=.data    G=DGROUP   M=VarUtils ACBP=A9
 0002:00000A30 0000013A C=DATA     S=.data    G=DGROUP   M=Variants ACBP=A9
 0002:00000B6C 0000000C C=DATA     S=.data    G=DGROUP   M=TypInfo  ACBP=A9
 0002:00000B78 00000010 C=DATA     S=.data    G=DGROUP   M=ActiveX  ACBP=A9
 0002:00000B88 00000080 C=DATA     S=.data    G=DGROUP   M=Classes  ACBP=A9
 0002:00000C08 00000304 C=DATA     S=.data    G=DGROUP   M=Graphics ACBP=A9
 0002:00000F0C 00000004 C=DATA     S=.data    G=DGROUP   M=Printers ACBP=A9
 0002:00000F10 00000068 C=DATA     S=.data    G=DGROUP   M=Themes   ACBP=A9
 0002:00000F78 00000144 C=DATA     S=.data    G=DGROUP   M=StdCtrls ACBP=A9
 0002:000010BC 0000018C C=DATA     S=.data    G=DGROUP   M=ExtCtrls ACBP=A9
 0002:00001248 00000114 C=DATA     S=.data    G=DGROUP   M=Dialogs  ACBP=A9
 0002:0000135C 0000013C C=DATA     S=.data    G=DGROUP   M=Controls ACBP=A9
 0002:00001498 00000020 C=DATA     S=.data    G=DGROUP   M=ImgList  ACBP=A9
 0002:000014B8 000000EC C=DATA     S=.data    G=DGROUP   M=Menus    ACBP=A9
 0002:000015A4 0000011C C=DATA     S=.data    G=DGROUP   M=Forms    ACBP=A9
 0002:000016C0 000000AC C=DATA     S=.data    G=DGROUP   M=DlgMessagesRU ACBP=A9
 0002:0000176C 00000004 C=DATA     S=.data    G=DGROUP   M=SimpleTimer ACBP=A9
 0002:00001770 00000046 C=DATA     S=.data    G=DGROUP   M=Buttons  ACBP=A9
 0002:000017B8 00000008 C=DATA     S=.data    G=DGROUP   M=IniFiles ACBP=A9
 0002:000017C0 00000008 C=DATA     S=.data    G=DGROUP   M=Registry ACBP=A9
 0002:000017C8 00000008 C=DATA     S=.data    G=DGROUP   M=Mapi     ACBP=A9
 0002:000017D0 00000064 C=DATA     S=.data    G=DGROUP   M=ComCtrls ACBP=A9
 0002:00001834 00000004 C=DATA     S=.data    G=DGROUP   M=CoolTrayIcon ACBP=A9
 0002:00001838 00000020 C=DATA     S=.data    G=DGROUP   M=ACS_Types ACBP=A9
 0002:00001858 000002EA C=DATA     S=.data    G=DGROUP   M=ACS_Tags ACBP=A9
 0002:00001B44 00000020 C=DATA     S=.data    G=DGROUP   M=ACS_Classes ACBP=A9
 0002:00001B64 00000038 C=DATA     S=.data    G=DGROUP   M=wmfintf  ACBP=A9
 0002:00001B9C 000001C4 C=DATA     S=.data    G=DGROUP   M=ACS_Wave ACBP=A9
 0002:00001D60 00000030 C=DATA     S=.data    G=DGROUP   M=ComObj   ACBP=A9
 0002:00001D90 0000002C C=DATA     S=.data    G=DGROUP   M=OleCtrls ACBP=A9
 0002:00001DBC 000000B0 C=DATA     S=.data    G=DGROUP   M=AXVLC_TLB ACBP=A9
 0002:00001E6C 000000A4 C=DATA     S=.data    G=DGROUP   M=synsock  ACBP=A9
 0002:00001F10 0000016C C=DATA     S=.data    G=DGROUP   M=synautil ACBP=A9
 0002:0000207C 00000004 C=DATA     S=.data    G=DGROUP   M=blcksock ACBP=A9
 0002:00002080 00000544 C=DATA     S=.data    G=DGROUP   M=IdWinSock2 ACBP=A9
 0002:000025C4 0000000C C=DATA     S=.data    G=DGROUP   M=IdStack  ACBP=A9
 0002:000025D0 00000001 C=DATA     S=.data    G=DGROUP   M=IdStackWindows ACBP=A9
 0002:000025D4 0000009C C=DATA     S=.data    G=DGROUP   M=IdGlobal ACBP=A9
 0002:00002670 00000004 C=DATA     S=.data    G=DGROUP   M=IdAntiFreezeBase ACBP=A9
 0002:00002674 00000028 C=DATA     S=.data    G=DGROUP   M=IdComponent ACBP=A9
 0002:0000269C 00000008 C=DATA     S=.data    G=DGROUP   M=IdIOHandlerSocket ACBP=A9
 0002:000026A4 00000004 C=DATA     S=.data    G=DGROUP   M=IdCoderMIME ACBP=A9
 0002:000026A8 00000004 C=DATA     S=.data    G=DGROUP   M=IdAuthentication ACBP=A9
 0002:000026AC 0000014C C=DATA     S=.data    G=DGROUP   M=IdSSLOpenSSLHeaders ACBP=A9
 0002:000027F8 00000004 C=DATA     S=.data    G=DGROUP   M=IdSSLOpenSSL ACBP=A9
 0002:000027FC 0000004C C=DATA     S=.data    G=DGROUP   M=IdCookie ACBP=A9
 0002:00002848 00000028 C=DATA     S=.data    G=DGROUP   M=IdHTTP   ACBP=A9
 0002:00004000 00000664 C=BSS      S=.bss     G=DGROUP   M=System   ACBP=A9
 0002:00004664 00000010 C=BSS      S=.bss     G=DGROUP   M=SysInit  ACBP=A9
 0002:00004674 00000004 C=BSS      S=.bss     G=DGROUP   M=Types    ACBP=A9
 0002:00004678 00000004 C=BSS      S=.bss     G=DGROUP   M=Windows  ACBP=A9
 0002:0000467C 00000004 C=BSS      S=.bss     G=DGROUP   M=FastMM4Messages ACBP=A9
 0002:00004680 00002223 C=BSS      S=.bss     G=DGROUP   M=FastMM4  ACBP=A9
 0002:000068A4 00000004 C=BSS      S=.bss     G=DGROUP   M=Messages ACBP=A9
 0002:000068A8 00000004 C=BSS      S=.bss     G=DGROUP   M=SysConst ACBP=A9
 0002:000068AC 00000120 C=BSS      S=.bss     G=DGROUP   M=SysUtils ACBP=A9
 0002:000069CC 0000005C C=BSS      S=.bss     G=DGROUP   M=VarUtils ACBP=A9
 0002:00006A28 00000040 C=BSS      S=.bss     G=DGROUP   M=Variants ACBP=A9
 0002:00006A68 00000004 C=BSS      S=.bss     G=DGROUP   M=RTLConsts ACBP=A9
 0002:00006A6C 00000004 C=BSS      S=.bss     G=DGROUP   M=TypInfo  ACBP=A9
 0002:00006A70 00000004 C=BSS      S=.bss     G=DGROUP   M=ActiveX  ACBP=A9
 0002:00006A74 00000044 C=BSS      S=.bss     G=DGROUP   M=Classes  ACBP=A9
 0002:00006AB8 00000004 C=BSS      S=.bss     G=DGROUP   M=Consts   ACBP=A9
 0002:00006ABC 00000060 C=BSS      S=.bss     G=DGROUP   M=Graphics ACBP=A9
 0002:00006B1C 00000004 C=BSS      S=.bss     G=DGROUP   M=Math     ACBP=A9
 0002:00006B20 00000004 C=BSS      S=.bss     G=DGROUP   M=Contnrs  ACBP=A9
 0002:00006B24 0000000C C=BSS      S=.bss     G=DGROUP   M=CommCtrl ACBP=A9
 0002:00006B30 00000031 C=BSS      S=.bss     G=DGROUP   M=MultiMon ACBP=A9
 0002:00006B64 00000004 C=BSS      S=.bss     G=DGROUP   M=Imm      ACBP=A9
 0002:00006B68 00000008 C=BSS      S=.bss     G=DGROUP   M=HelpIntfs ACBP=A9
 0002:00006B70 00000004 C=BSS      S=.bss     G=DGROUP   M=WinSpool ACBP=A9
 0002:00006B74 00000004 C=BSS      S=.bss     G=DGROUP   M=Printers ACBP=A9
 0002:00006B78 00000034 C=BSS      S=.bss     G=DGROUP   M=FlatSB   ACBP=A9
 0002:00006BAC 00000004 C=BSS      S=.bss     G=DGROUP   M=SyncObjs ACBP=A9
 0002:00006BB0 000000CC C=BSS      S=.bss     G=DGROUP   M=UxTheme  ACBP=A9
 0002:00006C7C 00000008 C=BSS      S=.bss     G=DGROUP   M=Themes   ACBP=A9
 0002:00006C84 00000004 C=BSS      S=.bss     G=DGROUP   M=StdCtrls ACBP=A9
 0002:00006C88 00000004 C=BSS      S=.bss     G=DGROUP   M=ShellAPI ACBP=A9
 0002:00006C8C 00000004 C=BSS      S=.bss     G=DGROUP   M=RegStr   ACBP=A9
 0002:00006C90 00000004 C=BSS      S=.bss     G=DGROUP   M=WinInet  ACBP=A9
 0002:00006C94 00000004 C=BSS      S=.bss     G=DGROUP   M=UrlMon   ACBP=A9
 0002:00006C98 00000004 C=BSS      S=.bss     G=DGROUP   M=ShlObj   ACBP=A9
 0002:00006C9C 00000004 C=BSS      S=.bss     G=DGROUP   M=CommDlg  ACBP=A9
 0002:00006CA0 00000004 C=BSS      S=.bss     G=DGROUP   M=ExtCtrls ACBP=A9
 0002:00006CA4 00000004 C=BSS      S=.bss     G=DGROUP   M=Dlgs     ACBP=A9
 0002:00006CA8 00000038 C=BSS      S=.bss     G=DGROUP   M=Dialogs  ACBP=A9
 0002:00006CE0 0000000C C=BSS      S=.bss     G=DGROUP   M=Clipbrd  ACBP=A9
 0002:00006CEC 00000004 C=BSS      S=.bss     G=DGROUP   M=StrUtils ACBP=A9
 0002:00006CF0 00000004 C=BSS      S=.bss     G=DGROUP   M=StdActns ACBP=A9
 0002:00006CF4 00000014 C=BSS      S=.bss     G=DGROUP   M=WinHelpViewer ACBP=A9
 0002:00006D08 00000080 C=BSS      S=.bss     G=DGROUP   M=Controls ACBP=A9
 0002:00006D88 00000004 C=BSS      S=.bss     G=DGROUP   M=ActnList ACBP=A9
 0002:00006D8C 0000000C C=BSS      S=.bss     G=DGROUP   M=ImgList  ACBP=A9
 0002:00006D98 00000010 C=BSS      S=.bss     G=DGROUP   M=Menus    ACBP=A9
 0002:00006DA8 00000020 C=BSS      S=.bss     G=DGROUP   M=Forms    ACBP=A9
 0002:00006DC8 0000003C C=BSS      S=.bss     G=DGROUP   M=DlgMessagesRU ACBP=A9
 0002:00006E04 00000004 C=BSS      S=.bss     G=DGROUP   M=SimpleTimer ACBP=A9
 0002:00006E08 00000004 C=BSS      S=.bss     G=DGROUP   M=RichEdit ACBP=A9
 0002:00006E0C 00000004 C=BSS      S=.bss     G=DGROUP   M=ToolWin  ACBP=A9
 0002:00006E10 00000004 C=BSS      S=.bss     G=DGROUP   M=ComStrs  ACBP=A9
 0002:00006E14 00000030 C=BSS      S=.bss     G=DGROUP   M=Buttons  ACBP=A9
 0002:00006E44 00000004 C=BSS      S=.bss     G=DGROUP   M=ExtDlgs  ACBP=A9
 0002:00006E48 00000004 C=BSS      S=.bss     G=DGROUP   M=IniFiles ACBP=A9
 0002:00006E4C 00000004 C=BSS      S=.bss     G=DGROUP   M=Registry ACBP=A9
 0002:00006E50 00000004 C=BSS      S=.bss     G=DGROUP   M=Mapi     ACBP=A9
 0002:00006E54 00000009 C=BSS      S=.bss     G=DGROUP   M=ExtActns ACBP=A9
 0002:00006E60 00000004 C=BSS      S=.bss     G=DGROUP   M=ListActns ACBP=A9
 0002:00006E64 00000010 C=BSS      S=.bss     G=DGROUP   M=ComCtrls ACBP=A9
 0002:00006E74 00000008 C=BSS      S=.bss     G=DGROUP   M=CoolTrayIcon ACBP=A9
 0002:00006E7C 00000004 C=BSS      S=.bss     G=DGROUP   M=WinSock  ACBP=A9
 0002:00006E80 00000194 C=BSS      S=.bss     G=DGROUP   M=ScktComp ACBP=A9
 0002:00007014 00000004 C=BSS      S=.bss     G=DGROUP   M=DataRec_Unit ACBP=A9
 0002:00007018 00000004 C=BSS      S=.bss     G=DGROUP   M=MMSystem ACBP=A9
 0002:0000701C 00000004 C=BSS      S=.bss     G=DGROUP   M=ACS_Types ACBP=A9
 0002:00007020 00000008 C=BSS      S=.bss     G=DGROUP   M=ACS_Procs ACBP=A9
 0002:00007028 00000004 C=BSS      S=.bss     G=DGROUP   M=ACS_Tags ACBP=A9
 0002:0000702C 00000010 C=BSS      S=.bss     G=DGROUP   M=ACS_Classes ACBP=A9
 0002:0000703C 00000004 C=BSS      S=.bss     G=DGROUP   M=_DXTypes ACBP=A9
 0002:00007040 00000004 C=BSS      S=.bss     G=DGROUP   M=_DirectSound ACBP=A9
 0002:00007044 0000001C C=BSS      S=.bss     G=DGROUP   M=wmfintf  ACBP=A9
 0002:00007060 00000004 C=BSS      S=.bss     G=DGROUP   M=libwma1  ACBP=A9
 0002:00007064 00000004 C=BSS      S=.bss     G=DGROUP   M=ACS_WinMedia ACBP=A9
 0002:00007068 00000004 C=BSS      S=.bss     G=DGROUP   M=ACS_smpeg ACBP=A9
 0002:0000706C 00000004 C=BSS      S=.bss     G=DGROUP   M=_MSAcm   ACBP=A9
 0002:00007070 00000004 C=BSS      S=.bss     G=DGROUP   M=WaveConverter ACBP=A9
 0002:00007074 00000004 C=BSS      S=.bss     G=DGROUP   M=ACS_Wave ACBP=A9
 0002:00007078 00000004 C=BSS      S=.bss     G=DGROUP   M=DSWrapper ACBP=A9
 0002:0000707C 00000004 C=BSS      S=.bss     G=DGROUP   M=ACS_DXAudio ACBP=A9
 0002:00007080 00000004 C=BSS      S=.bss     G=DGROUP   M=ComConst ACBP=A9
 0002:00007084 00000011 C=BSS      S=.bss     G=DGROUP   M=ComObj   ACBP=A9
 0002:00007098 00000004 C=BSS      S=.bss     G=DGROUP   M=StdVCL   ACBP=A9
 0002:0000709C 0000001C C=BSS      S=.bss     G=DGROUP   M=AxCtrls  ACBP=A9
 0002:000070B8 00000004 C=BSS      S=.bss     G=DGROUP   M=OleConst ACBP=A9
 0002:000070BC 00000014 C=BSS      S=.bss     G=DGROUP   M=OleCtrls ACBP=A9
 0002:000070D0 00000004 C=BSS      S=.bss     G=DGROUP   M=OleServer ACBP=A9
 0002:000070D4 00000004 C=BSS      S=.bss     G=DGROUP   M=AXVLC_TLB ACBP=A9
 0002:000070D8 00000004 C=BSS      S=.bss     G=DGROUP   M=synafpc  ACBP=A9
 0002:000070DC 0000002C C=BSS      S=.bss     G=DGROUP   M=synsock  ACBP=A9
 0002:00007108 00000038 C=BSS      S=.bss     G=DGROUP   M=synautil ACBP=A9
 0002:00007140 00000004 C=BSS      S=.bss     G=DGROUP   M=synacode ACBP=A9
 0002:00007144 00000004 C=BSS      S=.bss     G=DGROUP   M=synaip   ACBP=A9
 0002:00007148 00000192 C=BSS      S=.bss     G=DGROUP   M=blcksock ACBP=A9
 0002:000072DC 00000004 C=BSS      S=.bss     G=DGROUP   M=FileCtrl ACBP=A9
 0002:000072E0 0000000C C=BSS      S=.bss     G=DGROUP   M=PropertysForm_Unit ACBP=A9
 0002:000072EC 00000008 C=BSS      S=.bss     G=DGROUP   M=RegForm_Unit ACBP=A9
 0002:000072F4 00000004 C=BSS      S=.bss     G=DGROUP   M=DateUtils ACBP=A9
 0002:000072F8 00000008 C=BSS      S=.bss     G=DGROUP   M=SchedDialog_Unit ACBP=A9
 0002:00007300 0000000C C=BSS      S=.bss     G=DGROUP   M=CheckLst ACBP=A9
 0002:0000730C 00000008 C=BSS      S=.bss     G=DGROUP   M=MediaInfoDialog_Unit ACBP=A9
 0002:00007314 00000008 C=BSS      S=.bss     G=DGROUP   M=AlertForm_Unit ACBP=A9
 0002:0000731C 00000004 C=BSS      S=.bss     G=DGROUP   M=httpsend ACBP=A9
 0002:00007320 00000004 C=BSS      S=.bss     G=DGROUP   M=IdException ACBP=A9
 0002:00007324 00000004 C=BSS      S=.bss     G=DGROUP   M=IdResourceStrings ACBP=A9
 0002:00007328 000001E8 C=BSS      S=.bss     G=DGROUP   M=IdWinSock2 ACBP=A9
 0002:00007510 00000004 C=BSS      S=.bss     G=DGROUP   M=IdStackConsts ACBP=A9
 0002:00007514 00000008 C=BSS      S=.bss     G=DGROUP   M=IdStack  ACBP=A9
 0002:0000751C 00000004 C=BSS      S=.bss     G=DGROUP   M=IdStackWindows ACBP=A9
 0002:00007520 00000004 C=BSS      S=.bss     G=DGROUP   M=IdURI    ACBP=A9
 0002:00007524 00000014 C=BSS      S=.bss     G=DGROUP   M=IdGlobal ACBP=A9
 0002:00007538 00000004 C=BSS      S=.bss     G=DGROUP   M=IdBaseComponent ACBP=A9
 0002:0000753C 00000004 C=BSS      S=.bss     G=DGROUP   M=IdAntiFreezeBase ACBP=A9
 0002:00007540 00000008 C=BSS      S=.bss     G=DGROUP   M=IdComponent ACBP=A9
 0002:00007548 00000004 C=BSS      S=.bss     G=DGROUP   M=IdSocketHandle ACBP=A9
 0002:0000754C 00000004 C=BSS      S=.bss     G=DGROUP   M=IdIntercept ACBP=A9
 0002:00007550 00000004 C=BSS      S=.bss     G=DGROUP   M=IdIOHandler ACBP=A9
 0002:00007554 00000004 C=BSS      S=.bss     G=DGROUP   M=IdRFCReply ACBP=A9
 0002:00007558 00000004 C=BSS      S=.bss     G=DGROUP   M=IdAssignedNumbers ACBP=A9
 0002:0000755C 00000004 C=BSS      S=.bss     G=DGROUP   M=IdSocks  ACBP=A9
 0002:00007560 00000004 C=BSS      S=.bss     G=DGROUP   M=IdTCPStream ACBP=A9
 0002:00007564 00000004 C=BSS      S=.bss     G=DGROUP   M=IdStream ACBP=A9
 0002:00007568 00000004 C=BSS      S=.bss     G=DGROUP   M=IdIOHandlerSocket ACBP=A9
 0002:0000756C 00000004 C=BSS      S=.bss     G=DGROUP   M=IdTCPConnection ACBP=A9
 0002:00007570 00000004 C=BSS      S=.bss     G=DGROUP   M=IdTCPClient ACBP=A9
 0002:00007574 00000004 C=BSS      S=.bss     G=DGROUP   M=IdHeaderList ACBP=A9
 0002:00007578 00000004 C=BSS      S=.bss     G=DGROUP   M=IdCoder  ACBP=A9
 0002:0000757C 00000004 C=BSS      S=.bss     G=DGROUP   M=IdCoder3to4 ACBP=A9
 0002:00007580 00000084 C=BSS      S=.bss     G=DGROUP   M=IdCoderMIME ACBP=A9
 0002:00007604 00000004 C=BSS      S=.bss     G=DGROUP   M=IdAuthentication ACBP=A9
 0002:00007608 00000004 C=BSS      S=.bss     G=DGROUP   M=IdHTTPHeaderInfo ACBP=A9
 0002:0000760C 00000004 C=BSS      S=.bss     G=DGROUP   M=IdSSLOpenSSLHeaders ACBP=A9
 0002:00007610 0000000C C=BSS      S=.bss     G=DGROUP   M=IdThread ACBP=A9
 0002:0000761C 00000004 C=BSS      S=.bss     G=DGROUP   M=IdThreadMgrDefault ACBP=A9
 0002:00007620 00000004 C=BSS      S=.bss     G=DGROUP   M=IdServerIOHandler ACBP=A9
 0002:00007624 00000004 C=BSS      S=.bss     G=DGROUP   M=IdServerIOHandlerSocket ACBP=A9
 0002:00007628 00000004 C=BSS      S=.bss     G=DGROUP   M=IdStrings ACBP=A9
 0002:0000762C 00000004 C=BSS      S=.bss     G=DGROUP   M=IdThreadSafe ACBP=A9
 0002:00007630 00000004 C=BSS      S=.bss     G=DGROUP   M=IdThreadMgr ACBP=A9
 0002:00007634 00000004 C=BSS      S=.bss     G=DGROUP   M=IdTCPServer ACBP=A9
 0002:00007638 00000014 C=BSS      S=.bss     G=DGROUP   M=IdSSLOpenSSL ACBP=A9
 0002:0000764C 00000004 C=BSS      S=.bss     G=DGROUP   M=IdCookie ACBP=A9
 0002:00007650 00000004 C=BSS      S=.bss     G=DGROUP   M=IdCookieManager ACBP=A9
 0002:00007654 00000004 C=BSS      S=.bss     G=DGROUP   M=IdAuthenticationManager ACBP=A9
 0002:00007658 00000004 C=BSS      S=.bss     G=DGROUP   M=IdMultipartFormData ACBP=A9
 0002:0000765C 00000004 C=BSS      S=.bss     G=DGROUP   M=IdHTTP   ACBP=A9
 0002:00007660 00000008 C=BSS      S=.bss     G=DGROUP   M=Mp3Player_Unit ACBP=A9
 0002:00007668 00000290 C=BSS      S=.bss     G=DGROUP   M=libvlc   ACBP=A9
 0002:000078F8 00000004 C=BSS      S=.bss     G=DGROUP   M=CamPlayer_Unit ACBP=A9
 0002:000078FC 00000008 C=BSS      S=.bss     G=DGROUP   M=CamDisplay_Unit ACBP=A9
 0002:00007904 00000008 C=BSS      S=.bss     G=DGROUP   M=CamAlertDiaplay_Unit ACBP=A9
 0002:0000790C 00000004 C=BSS      S=.bss     G=DGROUP   M=http     ACBP=A9
 0002:00007910 00000020 C=BSS      S=.bss     G=DGROUP   M=MainForm_Unit ACBP=A9
 0002:00007930 00000004 C=BSS      S=.bss     G=DGROUP   M=lan_control ACBP=A9


  Address         Publics by Name

 0002:0000709C       .02
 0002:00006B24       .1
 0002:00006E08       .1
 0002:00006E10       .1
 0002:00006AB8       .1
 0002:00006E50       .1
 0002:00007628       .1
 0002:00006E7C       .1
 0002:00006A68       .1
 0002:0000760C       .1
 0002:0000701C       .1
 0002:00007558       .1
 0002:00006B50       .1
 0002:00006B64       .1
 0002:00007024       .1
 0002:0000703C       .1
 0002:00007040       .1
 0002:00006B98       .1
 0002:0000705C       .1
 0002:00006C6C       .1
 0002:0000706C       .1
 0002:0000466C       .1
 0002:00006CFC       .1
 0002:00006CEC       .1
 0002:00004674       .1
 0002:00007078       .1
 0002:00007080       .1
 0002:00007098       .1
 0002:0000467C       .1
 0002:00004684       .1
 0002:00007510       .1
 0002:00007324       .1
 0002:000070B8       .1
 0002:00006C88       .1
 0002:00006C8C       .1
 0002:00006C90       .1
 0002:00006C94       .1
 0002:000068A4       .1
 0002:000068A8       .1
 0002:000070D8       .1
 0002:00006C98       .1
 0002:00006C9C       .1
 0002:00007104       .1
 0002:00006CA4       .1
 0002:00007140       .1
 0002:00007144       .1
 0002:000072F4       .1
 0002:00006DC8       .1
 0002:00006CA8       .11
 0002:00007634       .11
 0002:0000752C       .11
 0002:00006CA0       .12
 0002:00006AC0       .12
 0002:00007310       .2
 0002:00007138       .2
 0002:00006E04       .2
 0002:0000731C       .2
 0002:000070D4       .2
 0002:00007570       .2
 0002:00007508       .2
 0002:00007574       .2
 0002:00007900       .2
 0002:00007624       .2
 0002:00006E74       .2
 0002:00007538       .2
 0002:000078F8       .2
 0002:00006CE4       .2
 0002:0000753C       .2
 0002:00007070       .2
 0002:00007668       .2
 0002:00007620       .2
 0002:00007664       .2
 0002:00007550       .2
 0002:00006C7C       .2
 0002:00007068       .2
 0002:0000761C       .2
 0002:00006B1C       .2
 0002:00007568       .2
 0002:00007560       .2
 0002:00006B68       .2
 0002:0000755C       .2
 0002:00007908       .2
 0002:000072E8       .2
 0002:00007650       .2
 0002:00007300       .2
 0002:000072FC       .2
 0002:00006B20       .21
 0002:00007638       .22
 0002:00007600       .3
 0002:00006B74       .3
 0002:0000757C       .3
 0002:00007554       .3
 0002:00006A70       .3
 0002:00007540       .3
 0002:00004678       .3
 0002:0000707C       .3
 0002:00007578       .3
 0002:00007520       .3
 0002:00006D8C       .3
 0002:00006E44       .3
 0002:0000751C       .3
 0002:0000790C       .3
 0002:000070D0       .3
 0002:00007564       .3
 0002:00007318       .3
 0002:000072F0       .3
 0002:00007014       .3
 0002:00006B70       .3
 0002:0000756C       .31
 0002:000069BC       .35
 0002:00006E64       .36
 0002:00007630       .4
 0002:0000754C       .4
 0002:00006E0C       .4
 0002:00007604       .4
 0002:00007654       .4
 0002:00006E14       .4
 0002:00007074       .4
 0002:00006E80       .41
 0002:00006DB0       .41
 0002:00007084       .41
 0002:00006C84       .42
 0002:00006A80       .45
 0002:00006A24       .5
 0002:00006E4C       .5
 0002:00007060       .5
 0002:00007658       .5
 0002:000070CC       .5
 0002:000072DC       .5
 0002:00007610       .5
 0002:00007608       .5
 0002:000045BC       .5
 0002:00007148       .51
 0002:00006BAC       .6
 0002:00006A6C       .6
 0002:00007320       .64
 0002:00007018       .7
 0002:00007064       .7
 0002:0000762C       .7
 0002:00007518       .7
 0002:00006E54       .72
 0002:00006D10       .72
 0002:00006CF0       .73
 0002:0000765C       .8
 0002:00006E48       .8
 0002:00006E60       .8
 0002:00007028       .8
 0002:00006D88       .8
 0002:00006A48       .81
 0002:00007034       .81
 0002:00007914       .9
 0002:0000764C       .9
 0002:00007548       .9
 0002:00006DA0       .9
 0001:00002354       @AbstractError
 0001:000045F8       @AddRefArray
 0001:000045B0       @AddRefRecord
 0001:00002F10       @AfterConstruction
 0001:00002D3C       @AsClass
 0001:000024F8       @AStrCmp
 0001:00002F20       @BeforeDestruction
 0001:00002ABC       @BoundErr
 0001:00002D88       @CallDynaInst
 0001:0000567C       @CheckAutoResult
 0001:00002EB8       @ClassCreate
 0001:00002F08       @ClassDestroy
 0001:000023C4       @Close
 0001:00002048       @Copy
 0001:000047EC       @CopyArray
 0001:000046D0       @CopyRecord
 0001:00004958       @DispCallByIDError
 0001:00011C7C       @DispInvokeError
 0001:000048F4       @Dispose
 0001:0000339C       @DoneExcept
 0001:00004E70       @DynArrayAddRef
 0001:00004E48       @DynArrayAsg
 0001:00004E0C       @DynArrayClear
 0001:00004C2C       @DynArrayHigh
 0001:00004C24       @DynArrayLength
 0001:00004E00       @DynArraySetLength
 0001:00003484       @ExceptionHandler
 0001:00002568       @FillChar
 0001:000045A4       @Finalize
 0001:000044B8       @FinalizeArray
 0001:0000446C       @FinalizeRecord
 0001:00002DA0       @FindDynaInst
 0001:00002AB0       @FpuInit
 0001:000029EC       @FpuMaskInit
 0001:00002300       @FRAC
 0001:00001E54       @FreeMem
 0001:00001E24       @GetMem
 0001:00005CD0       @GetTls
 0001:000038F4       @Halt
 0001:00003814       @Halt0
 0001:00003034       @HandleAnyException
 0001:000032E8       @HandleFinally
 0001:00003160       @HandleOnException
 0001:00005D1C       @InitExe
 0001:00004460       @Initialize
 0001:000043CC       @InitializeArray
 0001:0000439C       @InitializeRecord
 0001:000036D8       @InitImports
 0001:000036B0       @InitResStringImports
 0001:0000368C       @InitResStrings
 0001:000055E0       @IntfAddRef
 0001:000055B0       @IntfCast
 0001:0000556C       @IntfClear
 0001:00005584       @IntfCopy
 0001:00002D18       @IsClass
 0001:000029BC       @isNECWindows
 0001:00003E40       @LStrAddRef
 0001:000039B4       @LStrArrayClr
 0001:000039E4       @LStrAsg
 0001:00003C58       @LStrCat
 0001:00003C9C       @LStrCat3
 0001:00003D10       @LStrCatN
 0001:00003990       @LStrClr
 0001:00003D9C       @LStrCmp
 0001:00003EB0       @LStrCopy
 0001:00003EF0       @LStrDelete
 0001:00003C00       @LStrFromArray
 0001:00003B78       @LStrFromChar
 0001:00003B88       @LStrFromPChar
 0001:00003A80       @LStrFromPCharLen
 0001:00003BB8       @LStrFromPWChar
 0001:00003AEC       @LStrFromPWCharLen
 0001:00003BF4       @LStrFromString
 0001:00003C18       @LStrFromWStr
 0001:00003F38       @LStrInsert
 0001:00003A28       @LStrLAsg
 0001:00003C50       @LStrLen
 0001:00004040       @LStrOfChar
 0001:00003F94       @LStrPos
 0001:00003FDC       @LStrSetLength
 0001:00003E50       @LStrToPChar
 0001:00003C2C       @LStrToString
 0001:000048E0       @New
 0001:00003A54       @NewAnsiString
 0001:00004074       @NewWideString
 0001:000163C0       @OleVarFromLStr
 0001:0001647C       @OleVarFromVar
 0001:000026D0       @Pow10
 0001:00002474       @PStrCmp
 0001:0000244C       @PStrCpy
 0001:0000241C       @PStrNCat
 0001:00002458       @PStrNCpy
 0001:00003348       @RaiseAgain
 0001:00003320       @RaiseExcept
 0001:00002588       @RandInt
 0001:00001E74       @ReallocMem
 0001:00002324       @ROUND
 0001:00003900       @RunError
 0001:000026A8       @SetEq
 0001:000026BC       @SetUnion
 0001:0000364C       @StartExe
 0001:00000388       @strlen
 0001:00002330       @TRUNC
 0001:000033CC       @TryFinallyExit
 0001:00003EA8       @UniqueStringA
 0001:00004A00       @ValInt64
 0001:000025A4       @ValLong
 0001:000045E0       @VarAddRef
 0001:00016F28       @VarAddRef
 0001:00012570       @VarCast
 0001:00011F68       @VarClear
 0001:000044A0       @VarClr
 0001:00011F7C       @VarClr
 0001:00017798       @VarCmpEQ
 0001:000046B8       @VarCopy
 0001:000122A4       @VarCopy
 0001:000162A0       @VarFromBool
 0001:0001612C       @VarFromByte
 0001:000162F0       @VarFromCurr
 0001:00016248       @VarFromCurrency
 0001:00016274       @VarFromDate
 0001:00016394       @VarFromDisp
 0001:0001621C       @VarFromDouble
 0001:000160D0       @VarFromInt
 0001:000161CC       @VarFromInt64
 0001:0001610C       @VarFromInteger
 0001:00016368       @VarFromIntf
 0001:0001616C       @VarFromLongWord
 0001:00016304       @VarFromLStr
 0001:000162C8       @VarFromReal
 0001:0001618C       @VarFromShortInt
 0001:000161F8       @VarFromSingle
 0001:000161AC       @VarFromSmallInt
 0001:000162DC       @VarFromTDateTime
 0001:0001614C       @VarFromWord
 0001:00016330       @VarFromWStr
 0001:00011CD0       @VarNull
 0001:000139F4       @VarToBoolean
 0001:00012E34       @VarToByte
 0001:00014BB8       @VarToCurrency
 0001:00014650       @VarToDate
 0001:00016024       @VarToDisp
 0001:00013EFC       @VarToDouble
 0001:000133F8       @VarToInt64
 0001:00012934       @VarToInteger
 0001:00015F58       @VarToIntf
 0001:000130AC       @VarToLongWord
 0001:0001526C       @VarToLStr
 0001:00012D84       @VarToShortInt
 0001:00014278       @VarToSingle
 0001:00012EDC       @VarToSmallInt
 0001:00012FD4       @VarToWord
 0001:0001598C       @VarToWStr
 0001:0000437C       @WStrAddRef
 0001:000040B4       @WStrArrayClr
 0001:000040D8       @WStrAsg
 0001:0000409C       @WStrClr
 0001:00004214       @WStrCmp
 0001:00004298       @WStrCopy
 0001:000041E8       @WStrFromLStr
 0001:000040FC       @WStrFromPCharLen
 0001:000041AC       @WStrFromPWChar
 0001:00004188       @WStrFromPWCharLen
 0001:00004208       @WStrLen
 0001:000042E4       @WStrPos
 0001:00004334       @WStrSetLength
 0001:000041F8       @WStrToPWChar
 0001:00002684       @_CLenToPasStr
 0001:00002678       @_CToPasStr
 0001:00002018       @_IOTest
 0001:00004984       @_lldiv
 0001:00004960       @_llmul
 0001:0000E550       Abort
 0001:00045E1C       AbsMin
 0001:0000E928       AbstractErrorHandler
 0002:0000402C       AbstractErrorProc
 0002:0000732C       accept
 0001:0008BA60       Accept
 0002:000074DC       AcceptEx
 0002:00000858       AccessMode
 0002:00001B44       AccessMode
 0001:000809C4       acmFormatSuggest
 0001:000809BC       acmMetrics
 0001:000809D4       acmStreamClose
 0001:000809E4       acmStreamConvert
 0001:000809CC       acmStreamOpen
 0001:000809EC       acmStreamPrepareHeader
 0001:000809DC       acmStreamSize
 0001:000809F4       acmStreamUnprepareHeader
 0001:00001F78       AcquireExceptionObject
 0001:0007F01C       ACS_Classes
 0001:00083CD0       ACS_DXAudio
 0001:00077CF0       ACS_Procs
 0001:000809B4       ACS_smpeg
 0001:0007CE3C       ACS_Tags
 0001:000779BC       ACS_Types
 0001:00082C64       ACS_Wave
 0001:00080810       ACS_WinMedia
 0001:0001AD28       ActivateClassGroup
 0001:0000648C       ActivateKeyboardLayout
 0002:00006D44       ActiveDrag
 0001:0001864C       ActiveX
 0001:00055988       ActnList
 0002:00001D40       adaptive
 0001:000004F8       AddBlockAfter
 0001:000ABD48       AddCookieFlag
 0001:000ABC88       AddCookieProperty
 0002:00000B88       AddDataModule
 0001:0000A3C4       AddExitProc
 0001:0001EC74       AddFinished
 0001:00059278       AddIn
 0002:00006DD0       AddingsMethod
 0002:00006DCC       AddingsMethodButtonName
 0001:000053C4       AddModuleUnloadProc
 0001:000053D4       AddModuleUnloadProc
 0001:0001ECAC       AddNotFinished
 0001:0005D124       AddOle2
 0001:0001F6D0       AddSubComponentsToLoaded
 0001:00021AFC       AddThread
 0001:0006C184       AddTimer
 0001:00094C1C       addToMetaLog
 0001:000745C0       AddTrayIcon
 0001:00027524       AdjustColor
 0001:0003F1C8       AdjustColors
 0001:0000A874       AdjustLineBreaks
 0001:00060DA0       Adjustment
 0001:000A262C       AdjustStreamSize
 0001:00006494       AdjustWindowRectEx
 0002:00007314       AlertForm
 0001:00097F04       AlertForm_Unit
 0002:00000FC0       Alignments
 0002:0000158C       Alignments
 0002:000010C4       Alignments
 0002:00001058       Alignments
 0002:00000F80       Alignments
 0002:0000157C       Alignments
 0002:00001800       AlignStyles
 0001:0004B4B4       AlignWork
 0001:00068004       AlignWork
 0001:00023360       AllocateHWnd
 0001:00007514       AllocateLargeBlock
 0001:00040770       AllocFilterStr
 0001:0000A368       AllocMem
 0002:000045B4       AllocMemCount
 0002:000045B8       AllocMemSize
 0001:00007428       AllocNewSequentialFeedMediumPool
 0001:0002CC74       AllocPatternBitmap
 0002:00004688       AllocSize2SmallBlockTypeIndX4
 0001:00005C60       AllocTlsBuffer
 0002:00001368       AnchorAlign
 0002:0000135C       AnimateWindowProc
 0002:00001464       AnimationStyle
 0001:0000A5CC       AnsiCompareStr
 0001:0000A604       AnsiCompareText
 0001:0000A760       AnsiExtractQuotedStr
 0001:0000B138       AnsiLastChar
 0001:0000649C       AnsiLower
 0001:0000A598       AnsiLowerCase
 0001:0000F33C       AnsiLowerCaseFileName
 0001:0000F300       AnsiPos
 0001:0005DBD4       AnsiSameCaption
 0001:0000A63C       AnsiSameText
 0001:0000A654       AnsiStrLIComp
 0001:0000F3C8       AnsiStrPos
 0001:0000F488       AnsiStrRScan
 0001:0000F4D0       AnsiStrScan
 0001:000059FC       AnsiToUtf8
 0001:0000A564       AnsiUpperCase
 0001:00015EE0       AnyToIntf
 0001:0000C7F0       AppendChars
 0001:00007084       AppendClassNameToBuffer
 0001:0000CBBC       AppendFormat
 0001:00006D24       AppendModuleFileName
 0001:0000C854       AppendNumber
 0001:0000C834       AppendString
 0001:00007068       AppendStringToBuffer
 0001:00006D48       AppendStringToModuleName
 0002:00006DA8       Application
 0002:00000B98       ApplicationHandleException
 0002:00000BA0       ApplicationShowException
 0002:000016B8       AppVisible
 0001:0000E90C       AssertErrorHandler
 0002:00004024       AssertErrorProc
 0001:00017D60       AssignLongStr
 0001:0001811C       AssignVariant
 0002:00007534       ATempPath
 0002:000026A8       AuthList
 0002:0000460C       avail
 0001:00086798       AxCtrls
 0001:0008B800       AXVLC_TLB
 0001:0000B2D0       BackfillGetDiskFreeSpaceEx
 0001:000489C4       BackgroundClipped
 0001:00010B24       BackupVarBoolFromStr
 0001:00010C84       BackupVarBStrFromBool
 0001:00010BA4       BackupVarBStrFromCy
 0001:00010C14       BackupVarBStrFromDate
 0001:00010AB8       BackupVarCyFromStr
 0001:00010A4C       BackupVarDateFromStr
 0001:00010908       BackupVarI4FromStr
 0001:000108B4       BackupVariantChangeTypeEx
 0001:00010974       BackupVarR4FromStr
 0001:000109E0       BackupVarR8FromStr
 0002:00000A4C       BaseTypeMap
 0001:0000EF08       Beep
 0001:0001B080       BeginGlobalLoading
 0001:000064A4       BeginPaint
 0001:00003944       BeginThread
 0001:00027530       BetterSize
 0001:0003EAD4       BevelLine
 0001:0003E9E4       BevelRect
 0001:0005A10C       BiDiDraw
 0001:00075544       bind
 0002:00007330       bind
 0001:0008B8C4       Bind
 0001:000073BC       BinMediumSequentialFeedRemainder
 0001:00006244       BitBlt
 0002:00001770       BitBtnCaptions
 0002:00006E18       BitBtnGlyphs
 0002:00000EC0       BitmapCanvasList
 0002:00006AD8       BitmapImageLock
 0001:000108F0       BiUnimplemented
 0001:00094364       blcksock
 0002:00000BDC       BlockCode
 0002:000045E4       blockDescBlockList
 0002:000045E8       blockDescFreeList
 0001:00001B24       BlockSum
 0002:00000B6C       BooleanIdents
 0002:00000A44       BooleanToStringRule
 0001:0000AE38       BoolToStr
 0001:00014FF4       BoolToWStrViaOS
 0002:00000F78       BorderStyles
 0002:000010BC       BorderStyles
 0001:0001A040       Bounds
 0001:00005DD4       Bounds
 0002:00001524       Breaks
 0002:00006B10       BrushManager
 0001:0005C90C       BuildImage
 0002:00001304       ButtonCaptions
 0002:00001714       ButtonCaptions
 0002:000017A0       ButtonCount
 0002:00001DB4       ButtonMap
 0002:000016E8       ButtonNames
 0002:000012D8       ButtonNames
 0002:000015A0       Buttons
 0001:0006EC0C       Buttons
 0002:00001050       ButtonStyles
 0002:00006CB4       ButtonWidths
 0002:00006DD8       ButtonWidths
 0001:0009A9D0       ByteIsOk
 0001:0008D918       ByteIsOk
 0001:00026CFC       BytesPerScanline
 0001:00027060       ByteSwapColors
 0001:0000EFEC       ByteToCharIndex
 0001:0000EFC4       ByteToCharLen
 0001:0000EF88       ByteType
 0001:0000EF10       ByteTypeTest
 0002:00006D90       CachedComCtrlVer
 0001:00023264       CalcJmpOffset
 0001:00053248       CalcSplitterPos
 0002:00007648       CallbackLockList
 0001:0008814C       CallEventMethod
 0001:000064AC       CallNextHookEx
 0001:0000FCDC       CallTerminateProcs
 0001:000064B4       CallWindowProc
 0001:000B3DCC       CamAlertDiaplay_Unit
 0002:00007904       camAlerts
 0002:000078FC       CamDisplay
 0001:000B3244       CamDisplay_Unit
 0001:000B2828       CamPlayer_Unit
 0001:00046E68       CancelDrag
 0002:00006D58       CanvasList
 0002:00006B14       CanvasList
 0002:000016C0       Captions
 0002:000012B0       Captions
 0002:00001420       CaptureControl
 0002:000014C4       cBooleanToItemAutoFlag
 0002:00000A7C       CBooleanToRelationship
 0002:00001E18       CControlData
 0001:00040080       CenterWindow
 0002:00001DBC       CEventDispIDs
 0002:00006CE2       CF_COMPONENT
 0002:00006CE0       CF_PICTURE
 0002:00006A40       ChangeAnyProc
 0001:00045378       ChangeBiDiModeAlignment
 0002:00000FA0       CharCases
 0002:00001004       CharCases
 0001:00003AB0       CharFromWChar
 0001:0000F1D0       CharLength
 0001:000064BC       CharLowerBuff
 0001:000002F8       CharNext
 0001:000064C4       CharNext
 0001:00025420       CharsetToIdent
 0001:0000F0D8       CharToByteIndex
 0001:0000F13C       CharToByteLen
 0001:000064CC       CharToOemA
 0001:000064D4       CharUpperBuff
 0001:000064DC       CharUpperBuffW
 0001:000084F8       CheckBlocksOnShutdown
 0001:00027B14       CheckBool
 0001:00008C90       CheckCanInstallMemoryManager
 0001:00076320       CheckError
 0001:000BE580       CheckExeCopy
 0001:0009F290       CheckIsReadable
 0001:00002FB0       CheckJmp
 0001:00096FCC       CheckLst
 0001:000B78D0       checkMediaInGroup
 0001:000064E4       CheckMenuItem
 0002:00001514       Checks
 0001:000083D4       CheckSmallBlockPoolForLeaks
 0001:00075D60       CheckSocketResult
 0001:0001F70C       CheckSubComponents
 0001:00021B14       CheckSynchronize
 0001:000607D4       CheckTaskWindow
 0001:000165E8       CheckType
 0001:00046B1C       CheckUndock
 0001:0000EDFC       CheckWin32Version
 0001:000AEAB0       ChunkSize
 0002:00000A64       CInvalidCustomVariantType
 0002:000014C8       cItemAutoFlagToBoolean
 0002:000014C0       cItemAutoFlagToMenu
 0001:000234F0       Classes
 0001:000840C4       ClassIDToProgID
 0001:0001AAEC       ClassNotFound
 0001:00075EC4       Cleanup
 0002:00006A3C       ClearAnyProc
 0001:00024CA0       ClearColor
 0001:00084CD0       ClearExcepInfo
 0001:0001734C       ClearVariantTypeList
 0001:000064EC       ClientToScreen
 0001:0005079C       ClientToWindow
 0002:00000EB8       ClipboardFormats
 0001:00041D38       Clipbrd
 0001:000064F4       CloseClipboard
 0001:0000624C       CloseEnhMetaFile
 0001:00005F24       CloseHandle
 0002:00001EDC       CloseSocket
 0001:0007554C       closesocket
 0002:00007334       closesocket
 0002:00006BB4       CloseThemeData
 0002:00004040       CmdLine
 0002:0000403C       CmdShow
 0002:000014BC       cMenuAutoFlagToItem
 0002:00000A88       CmpTypeMap
 0001:000108FC       CmpUnimplemented
 0002:00001D68       CoAddRefServerProcess
 0001:000185B8       CoCreateInstance
 0002:00001D60       CoCreateInstanceEx
 0001:0008D018       CodeInt
 0001:0008D098       CodeLongInt
 0001:000185B0       CoGetClassObject
 0002:00001D78       CoInitFlags
 0001:000185A0       CoInitialize
 0002:00001D64       CoInitializeEx
 0002:00000C38       Colors
 0001:00025218       ColorToIdent
 0002:000010D0       ColorToPretyName
 0001:00025208       ColorToRGB
 0002:00000FF0       ComboBoxStyles
 0002:0000708C       ComClassManagerVar
 0001:00083D30       ComConst
 0002:00006B28       ComCtl32DLL
 0002:00006E70       ComCtlVersion
 0001:00073960       ComCtrls
 0002:00006DA4       CommandPool
 0001:0002D368       CommCtrl
 0001:0003C754       CommDlg
 0001:00000878       Commit
 0002:00004628       committedRoot
 0001:00084F98       ComObj
 0001:00081A38       Compare4
 0001:0005885C       CompareFront
 0001:0000A4CC       CompareMem
 0001:0000A49C       CompareStr
 0001:00005F2C       CompareString
 0001:0000A4EC       CompareText
 0001:0000AD60       CompareWith
 0001:0001F7EC       ComponentCreated
 0001:000278D4       ComputeAldusChecksum
 0001:000B96C0       compVarGroup
 0001:0006C4F8       ComStrs
 0001:0008B8E0       Connect
 0002:00007338       connect
 0001:00075554       connect
 0001:000A0E98       ConnectTimeout
 0001:0002388C       Consts
 0001:0002D1C0       Contnrs
 0002:00006D16       ControlAtom
 0002:00006D1C       ControlAtomString
 0001:000658A8       ControlHasHelp
 0001:00053EE4       Controls
 0001:0000E2E0       ConvertAddr
 0001:0000C948       ConvertEraString
 0001:0000A32C       ConvertError
 0001:0000A344       ConvertErrorFmt
 0001:000779C4       ConvertIEEEFloatTo32
 0001:00077A74       ConvertShortIEEEFloatTo32
 0001:0000CAB4       ConvertYearString
 0001:0007550C       CoolTrayIcon
 0001:00004C34       CopyArray
 0001:0002A1FC       CopyBitmap
 0001:0002A8C4       CopyBitmapAsMask
 0001:00006254       CopyEnhMetaFile
 0001:0006EA0C       CopyImage
 0001:00006A00       CopyMemory
 0001:0002A860       CopyPalette
 0002:00000F14       Copyright
 0002:000000C0       Copyright
 0001:00077B94       CopySSE
 0001:0005B9B8       CopyToBest
 0002:00001D6C       CoReleaseServerProcess
 0002:00001D70       CoResumeClassObjects
 0002:00001D74       CoSuspendClassObjects
 0001:000185D0       CoTaskMemFree
 0001:000185A8       CoUninitialize
 0001:0000F048       CountChars
 0002:00006AF0       CounterLock
 0001:0008D534       CountOfChar
 0002:00000A68       CRangeToType
 0001:0000E850       CreateAssertException
 0001:0000E9D8       CreateAVObject
 0001:0000625C       CreateBitmap
 0001:00006264       CreateBrushIndirect
 0001:000840F0       CreateComObject
 0001:0000626C       CreateCompatibleBitmap
 0001:00006274       CreateCompatibleDC
 0001:0001F86C       CreateComponent
 0001:00006284       CreateDIBitmap
 0001:0000627C       CreateDIBSection
 0001:0000B350       CreateDir
 0001:00005F34       CreateDirectory
 0001:0000628C       CreateEnhMetaFile
 0001:00005F3C       CreateEvent
 0001:0007D650       CreateEventHandler
 0001:00005F44       CreateFile
 0001:00005F54       CreateFileMapping
 0001:00005F4C       CreateFileW
 0001:00006294       CreateFontIndirect
 0001:0000629C       CreateHalftonePalette
 0001:000064FC       CreateIcon
 0001:0000E77C       CreateInOutError
 0001:0006B378       CreateLongMessageDialog
 0001:00006504       CreateMenu
 0001:00041498       CreateMessageDialog
 0001:00005F64       CreateMutex
 0001:000062A4       CreatePalette
 0001:000062AC       CreatePenIndirect
 0001:0000650C       CreatePopupMenu
 0001:00084208       CreateRemoteComObject
 0001:000062B4       CreateSolidBrush
 0001:000185F0       CreateStreamOnHGlobal
 0001:000270B8       CreateSystemPalette
 0001:00005F84       CreateThread
 0001:00000300       CreateThread
 0001:00006B08       CreateWindow
 0001:00006AB0       CreateWindowEx
 0002:0000124C       CreationControl
 0002:00001360       CreationControl
 0002:00000B58       CRelationshipToBoolean
 0002:00000A28       CResult
 0002:000010AC       CSHREDRAW
 0002:00000850       cSimpleBoolStrs
 0002:00000B04       CText
 0002:0000145C       Ctl3DStyles
 0002:00001048       Ctl3DStyles
 0002:00004620       curAlloc
 0001:0001687C       CurrCompare
 0002:000068B4       CurrencyDecimals
 0002:000068B0       CurrencyFormat
 0002:000068AC       CurrencyString
 0001:0000C7DC       CurrentYear
 0001:0000C1F0       CurrToStr
 0001:00014F84       CurrToWStrViaOS
 0002:0000163C       CursorMap
 0002:00001370       Cursors
 0001:00045698       CursorToIdent
 0002:0000162C       cUseAlpha
 0002:00001634       cUseColorKey
 0002:00007108       CustomMonthNames
 0001:0000AA80       CvtInt
 0001:0000AAEC       CvtInt64
 0002:00000890       CWNear
 0002:000010B4       Data
 0001:00077944       DataRec_Unit
 0001:0006EE0C       DataTypeToRegData
 0001:00016854       DateCompare
 0002:000068B5       DateSeparator
 0001:0009CE2C       DateTimeGMTToHttpStr
 0001:0009D87C       DateTimeToGmtOffSetStr
 0001:0009CF44       DateTimeToInternetStr
 0001:0000D420       DateTimeToStr
 0001:0000D394       DateTimeToString
 0001:0000C2EC       DateTimeToTimeStamp
 0001:000961AC       DateTimeToUnix
 0001:0000D3F0       DateToStr
 0001:00014FBC       DateToWStrViaOS
 0001:00096424       DateUtils
 0001:0000C764       DayOfWeek
 0002:0000088C       DCon10
 0002:00000C34       DDBsOnly
 0001:00023414       DeallocateHWnd
 0002:0000002C       DebugHook
 0002:000068B3       DecimalSeparator
 0001:0000C744       DecodeDate
 0001:0000C5F4       DecodeDateFully
 0001:000BCC88       decodeHex
 0001:0008D054       DecodeInt
 0001:0000C45C       DecodeTime
 0001:00000938       Decommit
 0001:00001064       DecommitFree
 0002:000045FC       decommittedRoot
 0001:00063528       Default
 0001:00068C40       Default
 0002:00000024       Default8087CW
 0002:00001364       DefaultDockTreeClass
 0002:000045C0       DefaultUserCodePage
 0002:00000E88       DefBrushData
 0002:00000C08       DefFontData
 0001:00006514       DefFrameProc
 0002:0000091C       DefLongDayNames
 0002:000008D0       DefLongMonthNames
 0001:0000651C       DefMDIChildProc
 0002:00000E68       DefPenData
 0002:00000900       DefShortDayNames
 0002:000008A0       DefShortMonthNames
 0001:00006524       DefWindowProc
 0001:00004EAC       DelayLoadResourceModule
 0001:00000554       DeleteBlock
 0001:00005F8C       DeleteCriticalSection
 0001:00000464       DeleteCriticalSection
 0001:000062BC       DeleteDC
 0001:000062C4       DeleteEnhMetaFile
 0001:00000E4C       DeleteFree
 0001:0000652C       DeleteMenu
 0001:000062CC       DeleteObject
 0001:00039488       DeleteSelectedText
 0001:00029DB8       DeselectBitmap
 0001:00006534       DestroyCursor
 0001:0000653C       DestroyIcon
 0001:0006EB3C       DestroyLocals
 0001:00006544       DestroyMenu
 0001:0008CA2C       DestroySocketInterface
 0001:0000654C       DestroyWindow
 0001:00007208       DetectClassInstance
 0001:0000829C       DetectStringData
 0001:00042904       DialogEnumerationTester
 0001:00040134       DialogHook
 0001:00041CBC       Dialogs
 0002:00000EC4       DIBPalSizes
 0002:00000090       dig
 0001:0009461C       DirectoryExists
 0001:0000B018       DirectoryExists
 0001:0007F17C       DirectSoundCreate
 0001:0007F184       DirectSoundEnumerate
 0001:00060610       DisableTaskWindows
 0001:000846CC       DispatchInvoke
 0001:00084CC4       DispatchInvokeError
 0001:00006554       DispatchMessage
 0001:00066B88       DispatchShortCut
 0001:00084CE0       DispCall
 0001:00084DC4       DispCallByID
 0002:00004000       DispCallByIDProc
 0001:00084BF0       DispCallError
 0002:00001DA0       DispIDArgs
 0002:00001D90       DispParams
 0001:0000A310       DivMod
 0001:0006BFB8       DlgMessagesRU
 0001:0003F9AC       Dlgs
 0002:000027F8       DLLLoadCount
 0001:0004B344       DoAlign
 0001:00067EB8       DoAlign
 0001:0004F47C       DoCalcConstraints
 0002:00006D4C       DockSiteList
 0001:0005C5D8       DoClick
 0001:0004CA90       DoControlMsg
 0001:0008B598       DoCreate
 0001:000605C0       DoDisableWindow
 0001:0004643C       DoDragOver
 0001:0000A388       DoExitProc
 0001:000514F8       DoFindControlZone
 0001:00060714       DoFindWindow
 0001:00051A84       DoFindZone
 0001:0005157C       DoForEach
 0001:00052EAC       DoGetNextLimit
 0001:0009DCB8       DomainName
 0001:00074C44       DoMinimizeEvents
 0001:00060588       DoneApplication
 0001:00053C0C       DoneControls
 0001:0000ED0C       DoneExceptions
 0001:00064F04       DoNestedActivation
 0001:00021AB0       DoneThreadSynchronization
 0001:00069F74       DoOnHelp
 0001:0004AF04       DoPosition
 0001:00067D08       DoPosition
 0001:000524D4       DoPrune
 0001:0003E008       DoRect
 0001:000529AC       DoSaveZone
 0001:00052BB0       DoSetNewBounds
 0002:00000B74       DotSep
 0002:000017A4       DownStyles
 0001:0001C7F0       DoWrite
 0001:00027D6C       DoWrite
 0001:000289C4       DoWrite
 0001:00056E94       DoWrite
 0001:0004C078       DoWriteDesignSize
 0001:00049AD8       DoWriteIsControl
 0002:00006D30       DragCapture
 0002:00006D24       DragControl
 0001:00046B90       DragDone
 0001:000463E4       DragFindTarget
 0001:000463B8       DragFindWindow
 0002:00006D48       DragImageList
 0001:000467E8       DragInit
 0001:00046958       DragInitControl
 0002:00006D2C       DragInternalObject
 0001:00046300       DragMessage
 0002:00006D28       DragObject
 0002:00006D54       DragSave
 0002:00006D3C       DragSaveCursor
 0002:00006D34       DragStartPos
 0002:00006D40       DragThreshold
 0001:00046518       DragTo
 0001:00068C7C       DrawAppIcon
 0001:00052040       DrawCloseButton
 0001:0000655C       DrawEdge
 0001:00006564       DrawFocusRect
 0001:0000656C       DrawFrameControl
 0001:00052098       DrawGrabberLine
 0001:00006574       DrawIcon
 0001:0000657C       DrawIconEx
 0002:00001498       DrawingStyles
 0001:00097988       drawLine
 0001:00006584       DrawMenuBar
 0001:0005D9F0       DrawMenuItem
 0001:0000658C       DrawText
 0002:00006BB8       DrawThemeBackground
 0002:00006BDC       DrawThemeEdge
 0002:00006BE0       DrawThemeIcon
 0002:00006C64       DrawThemeParentBackground
 0002:00006BBC       DrawThemeText
 0001:00076998       DropStream
 0001:00083278       DSEnumOutputCallback
 0001:000833BC       DSWrapper
 0001:00083320       DSW_EnumerateOutputDevices
 0001:000830FC       DSW_FillEmptySpace
 0001:00082D0C       DSW_Init
 0001:00082D40       DSW_InitOutputBufferEx
 0001:00082D20       DSW_InitOutputDevice
 0001:00082FAC       DSW_QueryOutputSpace
 0001:00082F78       DSW_RestartOutput
 0001:00083334       DSW_SetVolume
 0001:00082F08       DSW_StartOutput
 0001:00082F58       DSW_StopOutput
 0001:00082CB0       DSW_Term
 0001:000831C0       DSW_WriteBlock
 0001:00026B7C       DupBits
 0001:00004C4C       DynArrayClear
 0001:00004C54       DynArraySetLength
 0002:00001584       EdgeStyle
 0002:0000144C       EdgeStyles
 0002:00001038       EdgeStyles
 0001:0000E750       EHeapException.FreeInstance
 0001:000AE590       EIdHTTPProtocolException.CreateError
 0001:00098B24       EIdProtocolReplyError.CreateError
 0001:00098B6C       EIdSocketError.CreateError
 0001:00098FCC       EIdWS2StubError.Build
 0001:000062D4       Ellipse
 0002:00000FBC       Empty
 0001:00006594       EmptyClipboard
 0001:000166E0       EmptyCompare
 0002:00006A28       EmptyParam
 0002:000070BC       EmptyParam
 0002:000007D4       EmptyStr
 0002:000007D8       EmptyWideStr
 0001:0000659C       EnableMenuItem
 0002:0000151C       Enables
 0001:000065A4       EnableScrollBar
 0001:000606C4       EnableTaskWindows
 0002:00006C4C       EnableThemeDialogTexture
 0002:00006C68       EnableTheming
 0001:000065AC       EnableWindow
 0001:0008D72C       Encode3to4
 0001:0008D87C       EncodeBase64
 0001:0000C5C4       EncodeDate
 0001:000960F8       EncodeDateTime
 0001:0000C41C       EncodeTime
 0002:00001B40       encoding_flags
 0001:0001B108       EndGlobalLoading
 0001:000065B4       EndPaint
 0001:00003988       EndThread
 0001:00005F94       EnterCriticalSection
 0001:00000454       EnterCriticalSection
 0001:00005F9C       EnumCalendarInfoA
 0002:00006B4C       EnumDisplayMonitors
 0001:0000DF54       EnumEraNames
 0001:0000DF90       EnumEraYearOffsets
 0001:00063AEC       EnumMonitorsProc
 0001:000065BC       EnumThreadWindows
 0001:0001F020       EnumValue
 0001:000065C4       EnumWindows
 0001:00083FCC       EOleException.Create
 0001:00083EFC       EOleSysError.Create
 0001:000065CC       EqualRect
 0002:0000697C       EraNames
 0001:0000D6AC       EraToYear
 0002:00006998       EraYearOffsets
 0002:00000068       errCaption
 0001:0001E7D8       Error
 0001:0000200C       Error
 0001:0001A690       Error
 0001:000585AC       Error
 0002:00000004       ErrorAddr
 0001:00001FC0       ErrorAt
 0001:0000E7FC       ErrorHandler
 0002:00000938       ErrorMap
 0002:00004008       ErrorProc
 0002:000043E8       ErrOutput
 0002:0000702C       EventHandler
 0001:00001F4C       ExceptAddr
 0002:0000400C       ExceptClsProc
 0001:0000EC78       ExceptHandler
 0001:0000E57C       Exception.Create
 0001:0000E5B8       Exception.CreateFmt
 0001:0000E708       Exception.CreateHelp
 0001:0000E638       Exception.CreateRes
 0001:0000E674       Exception.CreateResFmt
 0002:0000401C       ExceptionClass
 0001:0000E2EC       ExceptionErrorMessage
 0002:00000970       ExceptMap
 0001:00001F2C       ExceptObject
 0002:00004010       ExceptObjProc
 0002:00004004       ExceptProc
 0001:000062DC       ExcludeClipRect
 0002:00000000       ExitCode
 0001:00003758       ExitDll
 0002:00004048       ExitProc
 0001:00000310       ExitProcess
 0002:00004028       ExitProcessProc
 0002:0000084C       ExitProcList
 0001:00000308       ExitThread
 0001:0000B294       ExpandFileName
 0001:0008DC60       ExpandIP6
 0002:00006884       ExpectedMemoryLeaks
 0001:0004040C       ExplorerHook
 0001:0006F3B4       ExtActns
 0001:0003F94C       ExtCtrls
 0001:0006EC64       ExtDlgs
 0002:0000108C       ExtendSelects
 0001:0000B1C0       ExtractFileDir
 0001:0000B24C       ExtractFileExt
 0001:0000B214       ExtractFileName
 0001:00040A9C       ExtractFileName
 0001:00040AEC       ExtractFileNames
 0001:000062E4       ExtTextOut
 0002:000069B8       FalseBoolStrs
 0002:00007020       FastCopyMem
 0001:00007AC0       FastFreeMem
 0001:000077B0       FastGetMem
 0001:00009344       FastMM4
 0001:00006CC0       FastMM4Messages
 0002:000068A0       FastMMIsInstalled
 0001:00007C74       FastReallocMem
 0002:00007308       FCheckHeight
 0002:00007304       FCheckWidth
 0002:00006CE8       FClipboard
 0002:00000880       FCon1E18
 0001:0008B870       FD_SET
 0001:0008B880       FD_ZERO
 0001:0008D3FC       Fetch
 0001:0009D4BC       Fetch
 0001:0008D384       FetchBin
 0001:0009D3D4       FetchCaseInsensitive
 0002:00007530       FIdPorts
 0001:0000AFA0       FileAge
 0001:0000AF98       FileClose
 0001:0000AEDC       FileCreate
 0001:0000AF00       FileCreate
 0001:00094654       FileCtrl
 0001:0000B008       FileExists
 0002:00000EBC       FileFormats
 0002:0000000C       FileMode
 0001:0000AE84       FileOpen
 0001:0000AF08       FileRead
 0002:00000BB0       FilerSignature
 0001:0000AF60       FileSeek
 0001:000BCD74       FileSizeByName
 0001:00005FA4       FileTimeToDosDateTime
 0001:00005FAC       FileTimeToLocalFileTime
 0001:0000AF34       FileWrite
 0001:00000F84       FillAfterGap
 0001:00000F24       FillBeforeGap
 0001:00001024       FillerSizeAfterGap
 0001:00000FAC       FillerSizeBeforeGap
 0001:00006A08       FillMemory
 0001:000065D4       FillRect
 0002:000017AC       FillStyles
 0001:0001105C       Finalization
 0001:00083D00       Finalization
 0001:00084F18       Finalization
 0001:00084FF0       Finalization
 0001:00083CA0       Finalization
 0001:0008338C       Finalization
 0001:00086738       Finalization
 0001:00010694       Finalization
 0001:000867E4       Finalization
 0001:00005DF0       Finalization
 0001:00089D30       Finalization
 0001:00082C34       Finalization
 0001:0008A67C       Finalization
 0001:00005D60       Finalization
 0001:00081110       Finalization
 0001:0008B7D0       Finalization
 0001:000809FC       Finalization
 0001:00005B18       Finalization
 0001:00080984       Finalization
 0001:000807E0       Finalization
 0001:0007FFD0       Finalization
 0001:0007F3CC       Finalization
 0001:0008B810       Finalization
 0001:0007F18C       Finalization
 0001:0007F044       Finalization
 0001:0007EFE0       Finalization
 0001:0007CD64       Finalization
 0001:00077CC0       Finalization
 0001:0007798C       Finalization
 0001:0002CCAC       Finalization
 0001:00077954       Finalization
 0001:00077914       Finalization
 0001:0007755C       Finalization
 0001:000177A8       Finalization
 0001:00017A24       Finalization
 0001:000A8B68       Finalization
 0001:000755E4       Finalization
 0001:000A8BEC       Finalization
 0001:000754C0       Finalization
 0001:0001825C       Finalization
 0001:000A8C2C       Finalization
 0001:000A8D48       Finalization
 0001:000738E8       Finalization
 0001:0002CEBC       Finalization
 0001:0001861C       Finalization
 0001:000A8D80       Finalization
 0001:000A8DB8       Finalization
 0001:000A8DF0       Finalization
 0001:0006F3BC       Finalization
 0001:0002D190       Finalization
 0001:0006F364       Finalization
 0001:0006F30C       Finalization
 0001:0006F2A8       Finalization
 0001:0008CAC0       Finalization
 0001:000A8E28       Finalization
 0001:0006EC84       Finalization
 0001:0006EC34       Finalization
 0001:000A8E60       Finalization
 0001:0006EBD4       Finalization
 0001:0008D648       Finalization
 0001:0008D8E0       Finalization
 0001:0006C4C8       Finalization
 0001:0008E120       Finalization
 0001:0006C450       Finalization
 0001:00094324       Finalization
 0001:0006C418       Finalization
 0001:0006C3C4       Finalization
 0001:000AB7AC       Finalization
 0001:000ACEF4       Finalization
 0001:0006BF68       Finalization
 0001:00094624       Finalization
 0001:00095AA0       Finalization
 0001:0006AF78       Finalization
 0001:00096068       Finalization
 0001:000A7760       Finalization
 0001:000963F4       Finalization
 0001:00096EE0       Finalization
 0001:000A5968       Finalization
 0001:000AD7AC       Finalization
 0001:00096F9C       Finalization
 0001:0005DCD0       Finalization
 0001:000972A8       Finalization
 0001:00097ED4       Finalization
 0001:00097F0C       Finalization
 0001:000AD9B0       Finalization
 0001:00009694       Finalization
 0001:00098BB4       Finalization
 0001:00009354       Finalization
 0001:00009304       Finalization
 0001:00098F1C       Finalization
 0001:000AD9E8       Finalization
 0001:0005760C       Finalization
 0001:00055958       Finalization
 0001:00053E7C       Finalization
 0001:0009A060       Finalization
 0001:0009A0DC       Finalization
 0001:00006C90       Finalization
 0001:00006C58       Finalization
 0001:000B0BF8       Finalization
 0001:0009AE08       Finalization
 0001:0009BF00       Finalization
 0001:0009C740       Finalization
 0001:00042B7C       Finalization
 0001:0009DFF8       Finalization
 0001:000B161C       Finalization
 0001:00041EF8       Finalization
 0001:0009E298       Finalization
 0001:00041D90       Finalization
 0001:00041CFC       Finalization
 0001:0009E584       Finalization
 0001:000B2290       Finalization
 0001:000B27F8       Finalization
 0001:0009EB94       Finalization
 0001:00041C60       Finalization
 0001:0009F530       Finalization
 0001:0009FA30       Finalization
 0001:0009FB98       Finalization
 0001:000A0090       Finalization
 0001:0003F97C       Finalization
 0001:000A00C8       Finalization
 0001:0003F904       Finalization
 0001:000A0C20       Finalization
 0001:000B3214       Finalization
 0001:000A0C58       Finalization
 0001:0003C724       Finalization
 0001:0003C6E4       Finalization
 0001:000B3D8C       Finalization
 0001:000A5078       Finalization
 0001:0003C658       Finalization
 0001:0003C620       Finalization
 0001:0003C5E8       Finalization
 0001:0003C5B0       Finalization
 0001:0003C570       Finalization
 0001:000B48B8       Finalization
 0001:000308F4       Finalization
 0001:0002FB68       Finalization
 0001:0002F1E4       Finalization
 0001:0002EE90       Finalization
 0001:0002EB6C       Finalization
 0001:0002EB34       Finalization
 0001:0002EAEC       Finalization
 0001:0002DB04       Finalization
 0001:0002DAC4       Finalization
 0001:0002D338       Finalization
 0001:000BE534       Finalization
 0001:00023440       Finalization
 0001:000BE5C8       Finalization
 0001:0002385C       Finalization
 0001:000A4EF0       Finalization
 0001:000A485C       Finalization
 0001:000A45FC       Finalization
 0001:000A3B6C       Finalization
 0001:000A36CC       Finalization
 0001:000A0C90       Finalization
 0001:000A156C       Finalization
 0001:00004C44       FinalizeArray
 0001:00009290       FinalizeMemoryManager
 0001:0000356C       FinalizeUnits
 0001:0005C398       Find
 0001:000A5464       FindAuthClass
 0001:00004F3C       FindBS
 0001:00094DA4       FindChild
 0001:0001ABAC       FindClass
 0001:00004EA4       FindClassHInstance
 0001:00000320       FindClose
 0001:00005FB4       FindClose
 0001:0000B11C       FindClose
 0001:00000EE0       FindCommitted
 0001:00045478       FindControl
 0001:00051CB0       FindControlAtPos
 0001:000175F0       FindCustomVariantType
 0001:000176A8       FindCustomVariantType
 0001:00046EB4       FindDragTarget
 0001:0001FA1C       FindExistingComponent
 0001:0000B0A8       FindFirst
 0001:00005FBC       FindFirstFile
 0001:00000328       FindFirstFile
 0001:00060820       FindGlobalComponent
 0001:0001AF98       FindGlobalComponent
 0002:00006A8C       FindGlobalComponentProcs
 0001:00004E7C       FindHInstance
 0001:0001AE40       FindIdentToInt
 0001:0000B03C       FindMatchingFile
 0002:00006CB0       FindMsg
 0001:0001EB98       FindNestedComponent
 0001:0000B0F8       FindNext
 0001:00005FC4       FindNextFile
 0001:00058574       FindPopupControl
 0001:00010D18       FindProc
 0001:00005FCC       FindResource
 0001:00004EF4       FindResourceHInstance
 0001:0006A7A8       FindScanline
 0001:0003C124       FindString
 0001:00060778       FindTopMostWindow
 0001:00020914       FindUniqueName
 0001:00017220       FindVarData
 0001:00046E80       FindVCLWindow
 0001:000065DC       FindWindow
 0001:0004295C       FindWinHelp
 0001:0002A1B0       FixupBitFields
 0002:00001594       Flags
 0002:000069C8       FLanguages
 0001:0002EEC0       FlatSB
 0002:00006B78       FlatSB_EnableScrollBar
 0002:00006B84       FlatSB_GetScrollInfo
 0002:00006B88       FlatSB_GetScrollPos
 0002:00006B80       FlatSB_GetScrollRange
 0002:00006B90       FlatSB_SetScrollInfo
 0002:00006B8C       FlatSB_SetScrollPos
 0001:0002EBB0       FlatSB_SetScrollProp
 0002:00006B94       FlatSB_SetScrollRange
 0002:00006B7C       FlatSB_ShowScrollBar
 0001:0000BE80       FloatToDecimal
 0001:0000C1C0       FloatToStr
 0001:0000BBAC       FloatToText
 0001:0002CE7C       Floor
 0001:000023B8       Flush
 0001:00005FD4       FlushViewOfFile
 0002:00000894       FMSecsPerDay
 0001:0000BAA0       FmtStr
 0002:000015B0       FocusCount
 0002:000015AC       FocusMessages
 0001:000A3CD4       FoldWrapText
 0002:00000DD8       FontCharsets
 0002:00006B08       FontManager
 0001:00087070       FontToOleFont
 0002:00001248       ForceCurrentDirectory
 0001:000607F4       ForegroundTask
 0001:0000BA8C       Format
 0002:0000089C       Format
 0001:0000B67C       FormatBuf
 0001:0000B670       FormatClearStr
 0001:0000D434       FormatDateTime
 0001:0000B5F4       FormatError
 0002:00000878       FormatErrorStrs
 0001:00005FDC       FormatMessage
 0001:0000B64C       FormatVarToStr
 0001:0006AFD4       Forms
 0001:000026C8       FPower10
 0002:00000F0C       FPrinter
 0001:0003E0CC       Frame3D
 0001:000065E4       FrameRect
 0002:00001EF4       FreeAddrInfo
 0001:00008BA0       FreeAllMemory
 0001:00010208       FreeAndNil
 0001:00000BE0       FreeCommitted
 0001:00001218       FreeCurAlloc
 0001:00046F74       FreeDeviceContext
 0001:00047030       FreeDeviceContexts
 0001:000231D0       FreeIntConstList
 0001:00007594       FreeLargeBlock
 0001:00000330       FreeLibrary
 0001:00005FE4       FreeLibrary
 0001:000874B8       FreeList
 0001:00029D0C       FreeMemoryContexts
 0001:0002333C       FreeObjectInstance
 0001:000608A0       FreeObjectInstance
 0001:00006004       FreeResource
 0001:000007B0       FreeSpace
 0001:0000FD08       FreeTerminateProcs
 0001:0002F21C       FreeThemeLibrary
 0002:00006E6C       FRichEditModule
 0002:00002670       GAntiFreeze
 0002:000026A4       GBase64CodeTable
 0002:00007580       GBase64DecodeTable
 0001:00026B6C       GDICheck
 0001:00026AC4       GDIError
 0001:000022F8       Get8087CW
 0002:000074E0       GetAcceptExSockaddrs
 0001:0000600C       GetACP
 0001:00018600       GetActiveObject
 0001:000065EC       GetActiveWindow
 0001:0008BA90       GetAddr
 0002:00001EF0       GetAddrInfo
 0001:00068394       GetAnimation
 0001:000B1878       GetAProcAddress
 0001:000065F4       GetAsyncKeyState
 0001:00040DF0       GetAveCharSize
 0001:0006B200       GetAveCharSize
 0001:000062EC       GetBitmapBits
 0001:0000046C       GetBlockDesc
 0001:000062F4       GetBrushOrgEx
 0001:000065FC       GetCapture
 0001:00045794       GetCaptureControl
 0001:00096F18       GetCheckSize
 0001:0001AB58       GetClass
 0001:00006604       GetClassInfo
 0001:0000660C       GetClassName
 0001:00006614       GetClientRect
 0001:0000661C       GetClipboardData
 0001:00028534       GetClipboardFormats
 0001:000062FC       GetClipBox
 0001:00000408       GetCmdShow
 0001:00055BB0       GetColor
 0001:00070D00       GetComCtlVersion
 0001:00000338       GetCommandLine
 0001:000009F4       GetCommitted
 0001:00000A9C       GetCommittedAt
 0001:0000601C       GetComputerName
 0001:0004C644       GetControlAtPos
 0001:0000C8A0       GetCount
 0001:00006014       GetCPInfo
 0001:00006304       GetCurrentPositionEx
 0001:00006024       GetCurrentProcessId
 0002:00006C5C       GetCurrentThemeName
 0001:0009DB1C       GetCurrentThreadHandle
 0001:000003E8       GetCurrentThreadId
 0001:0000602C       GetCurrentThreadId
 0001:000069F8       GetCurrentTime
 0001:00006624       GetCursor
 0001:0006A7B8       GetCursorHeightMargin
 0001:0000662C       GetCursorPos
 0001:0000C8D0       GetDate
 0001:00006034       GetDateFormat
 0001:0000D5C4       GetDateOrder
 0001:00006634       GetDC
 0001:0000663C       GetDCEx
 0001:0000630C       GetDCOrgEx
 0001:0002C8B4       GetDefFontCharSet
 0001:0001BDDC       GetDesigner
 0001:00006644       GetDesktopWindow
 0001:00006324       GetDeviceCaps
 0001:00027AFC       GetDIB
 0001:00006314       GetDIBColorTable
 0001:0000631C       GetDIBits
 0001:00027A44       GetDIBSizes
 0001:00026CDC       GetDInColors
 0001:0000603C       GetDiskFreeSpaceA
 0002:00000848       GetDiskFreeSpaceEx
 0001:0000664C       GetDlgItem
 0001:00052F8C       GetDockAlign
 0001:00046144       GetDockSiteAtPos
 0001:00006654       GetDoubleClickTime
 0001:00046478       GetDropCtl
 0001:00002D58       GetDynaMethod
 0001:0000632C       GetEnhMetaFileBits
 0001:00006334       GetEnhMetaFileDescription
 0001:0000633C       GetEnhMetaFileHeader
 0001:00006344       GetEnhMetaFilePaletteEntries
 0001:00017A94       GetEnumNameValue
 0001:00017AE0       GetEnumValue
 0001:00006044       GetEnvironmentVariable
 0001:00010358       GetEnvironmentVariable
 0001:0000E008       GetEraNamesAndYearOffsets
 0001:0000D658       GetEraYearOffset
 0001:00018608       GetErrorInfo
 0001:0000E9C0       GetExceptionClass
 0001:0000EBAC       GetExceptionObject
 0001:0000604C       GetExitCodeThread
 0001:0009B460       GetFDSet
 0001:0001AAE0       GetFieldClassTable
 0001:00006054       GetFileAttributes
 0001:00028514       GetFileFormats
 0001:0000605C       GetFileSize
 0001:0000EE1C       GetFileVersion
 0001:0000622C       GetFileVersionInfo
 0001:00006234       GetFileVersionInfoSize
 0001:00007230       GetFirstAndLastSmallBlockInPool
 0001:00007298       GetFirstMediumBlockInPool
 0001:0000665C       GetFocus
 0001:000854D8       GetFontAccess
 0001:00025440       GetFontData
 0001:00006664       GetForegroundWindow
 0001:0000F77C       GetFormatSettings
 0001:00006064       GetFullPathName
 0001:00024988       GetHashCode
 0001:00001B48       GetHeapStatus
 0001:000658E0       GetHelpInfo
 0001:0002DF84       GetHelpSystem
 0001:00068178       GetHint
 0001:000681B0       GetHintControl
 0002:00001E8C       GetHostByAddr
 0002:00007388       gethostbyaddr
 0001:0007559C       gethostbyname
 0002:00001E88       GetHostByName
 0002:0000738C       gethostbyname
 0001:0008B94C       GetHostName
 0002:00007390       gethostname
 0001:0005DB70       GetHotkey
 0001:0000666C       GetIconInfo
 0001:00084A54       GetIDsOfNames
 0001:00006684       GetKeyboardLayout
 0001:0000668C       GetKeyboardLayoutList
 0001:00006694       GetKeyboardState
 0001:000029B4       GetKeyboardType
 0001:00006674       GetKeyNameText
 0001:0000667C       GetKeyState
 0001:0000669C       GetLastActivePopup
 0001:0005122C       GetLastChildZone
 0001:0000606C       GetLastError
 0001:0000DDCC       GetLocaleChar
 0001:00000340       GetLocaleInfo
 0001:0000607C       GetLocaleInfo
 0001:0000DD80       GetLocaleStr
 0001:00006074       GetLocalTime
 0001:000456FC       GetLongHint
 0001:00008340       GetMemoryLeakType
 0001:00001EC4       GetMemoryManager
 0001:000066A4       GetMenu
 0001:00065868       GetMenuHelpContext
 0001:000066AC       GetMenuItemCount
 0001:000066B4       GetMenuItemID
 0001:000066BC       GetMenuItemInfo
 0001:0005ABB8       GetMenuSize
 0001:000066C4       GetMenuState
 0001:000066CC       GetMenuString
 0001:000066D4       GetMessageTime
 0001:00000348       GetModuleFileName
 0001:00006084       GetModuleFileName
 0001:0000608C       GetModuleFileNameA
 0001:00000350       GetModuleHandle
 0001:00006094       GetModuleHandle
 0001:00005C40       GetModuleHandle
 0002:00006B40       GetMonitorInfo
 0002:00006B44       GetMonitorInfoA
 0002:00006B48       GetMonitorInfoW
 0001:0000DE30       GetMonthDayNames
 0002:00001EF8       GetNameInfo
 0001:000B9638       getNameVarGroup
 0001:000066DC       GetNextWindow
 0001:0000634C       GetObject
 0001:00085578       GetOleFont
 0001:00085630       GetOlePicture
 0001:0003C71C       GetOpenFileName
 0001:00017C08       GetOrdProp
 0001:00006354       GetPaletteEntries
 0001:000020EC       GetParamStr
 0001:000066E4       GetParent
 0001:000609F4       GetParentForm
 0001:000B95D0       getParentVarGroup
 0001:0008B924       GetPeerName
 0002:00007340       getpeername
 0001:00085528       GetPictureAccess
 0001:0000635C       GetPixel
 0001:00000358       GetProcAddress
 0001:0000609C       GetProcAddress
 0001:000066EC       GetProp
 0001:00017B44       GetPropInfo
 0001:00017BB4       GetPropInfos
 0002:00001E80       GetProtoByName
 0002:000073A0       getprotobyname
 0002:00001E84       GetProtoByNumber
 0002:0000739C       getprotobynumber
 0001:00060EB4       GetRealScrollPosition
 0001:00055B90       GetRGBColor
 0001:000066F4       GetScrollInfo
 0001:000066FC       GetScrollPos
 0001:00006704       GetScrollRange
 0002:00001E78       GetServByName
 0001:000755A4       getservbyname
 0002:00007398       getservbyname
 0002:00007394       getservbyport
 0002:00001E7C       GetServByPort
 0001:000456B8       GetShortHint
 0001:0008BE7C       GetSinIP
 0001:0008BF60       GetSinPort
 0002:00007344       getsockname
 0001:0008B8FC       GetSockName
 0002:00001E9C       GetSockOpt
 0002:00007348       getsockopt
 0001:000006D4       GetSpace
 0001:00000738       GetSpaceAt
 0001:00058604       GetSpecialName
 0001:00000360       GetStartupInfo
 0001:000060A4       GetStdHandle
 0001:000002D0       GetStdHandle
 0001:00006364       GetStockObject
 0001:000060AC       GetStringTypeEx
 0001:0000670C       GetSubMenu
 0001:00006714       GetSysColor
 0001:0000671C       GetSysColorBrush
 0001:000060B4       GetSystemInfo
 0001:00006724       GetSystemMenu
 0002:00006B30       GetSystemMetrics
 0001:0000672C       GetSystemMetrics
 0001:0000636C       GetSystemPaletteEntries
 0001:000060BC       GetTempPath
 0001:0000637C       GetTextExtentPoint
 0001:00006374       GetTextExtentPoint32
[...]
  1831 0001:000B94FB  1833 0001:000B94FE  1836 0001:000B950A  1840 0001:000B9518
  1844 0001:000B9529  1847 0001:000B9538  1848 0001:000B953F  1851 0001:000B957C
  1852 0001:000B9582  1853 0001:000B958E  1854 0001:000B9595  1855 0001:000B959E
  1858 0001:000B95A4  1859 0001:000B95A7  1860 0001:000B95B3  1861 0001:000B95B8
  1865 0001:000B95BC  1866 0001:000B95BF  1867 0001:000B95C5  1868 0001:000B95CC
  1875 0001:000B95D0  1876 0001:000B95D9  1877 0001:000B95E0  1879 0001:000B95F7
  1881 0001:000B960F  1882 0001:000B9628  1884 0001:000B962A  1877 0001:000B962B
  1885 0001:000B9631  1890 0001:000B9638  1891 0001:000B9644  1892 0001:000B9651
  1894 0001:000B9668  1896 0001:000B9680  1897 0001:000B969E  1899 0001:000B96A0
  1892 0001:000B96A1  1900 0001:000B96A4  1906 0001:000B96C0  1907 0001:000B96DF
  1908 0001:000B96E2  1909 0001:000B96E8  1910 0001:000B96F3  1911 0001:000B9701
  1912 0001:000B9703  1913 0001:000B9707  1915 0001:000B970E  1916 0001:000B9712
  1918 0001:000B9717  1919 0001:000B9724  1921 0001:000B972B  1922 0001:000B9738
  1923 0001:000B975F  1933 0001:000B9768  1934 0001:000B978B  1936 0001:000B9795
  1937 0001:000B97A6  1938 0001:000B97BA  1939 0001:000B97C8  1941 0001:000B97E4
  1942 0001:000B97F3  1943 0001:000B9801  1944 0001:000B9820  1945 0001:000B9842
  1946 0001:000B9865  1948 0001:000B9871  1949 0001:000B9893  1951 0001:000B98B3
  1953 0001:000B98C0  1939 0001:000B98C3  1955 0001:000B98D9  1958 0001:000B98E9
  1959 0001:000B98FA  1960 0001:000B9920  1961 0001:000B992E  1963 0001:000B994A
  1964 0001:000B9959  1965 0001:000B9967  1966 0001:000B9986  1967 0001:000B99A8
  1968 0001:000B99CA  1969 0001:000B99EC  1970 0001:000B9A15  1971 0001:000B9A29
  1972 0001:000B9A38  1973 0001:000B9A45  1974 0001:000B9A70  1975 0001:000B9A79
  1976 0001:000B9A8D  1978 0001:000B9AAD  1980 0001:000B9ABA  1961 0001:000B9ABD
  1982 0001:000B9AD3  1987 0001:000B9AE3  1989 0001:000B9AFC  1990 0001:000B9B10
  1992 0001:000B9B1D  1994 0001:000B9B3D  1995 0001:000B9B51  1997 0001:000B9B7B
  1998 0001:000B9B87  1999 0001:000B9B99  2000 0001:000B9BA1  2001 0001:000B9BB2
  2003 0001:000B9BB4  1992 0001:000B9BB7  2005 0001:000B9BBC  1987 0001:000B9BBF
  2009 0001:000B9BC9  2013 0001:000B9BDC  2014 0001:000B9BE3  2016 0001:000B9BFC
  2017 0001:000B9C10  2019 0001:000B9C24  2020 0001:000B9C33  2021 0001:000B9C41
  2022 0001:000B9C4B  2023 0001:000B9C66  2025 0001:000B9C8A  2028 0001:000B9C97
  2029 0001:000B9CA0  2014 0001:000B9CA3  2033 0001:000B9CAD  2034 0001:000B9CB5
  2038 0001:000B9CBF  2039 0001:000B9CD3  2040 0001:000B9CE1  2042 0001:000B9D0B
  2048 0001:000B9D1B  2049 0001:000B9D2F  2050 0001:000B9D3D  2051 0001:000B9D49
  2053 0001:000B9D81  2055 0001:000B9D91  2059 0001:000B9D9E  2060 0001:000B9DA8
  2062 0001:000B9DB9  2063 0001:000B9DCD  2064 0001:000B9DDB  2066 0001:000B9DF7
  2067 0001:000B9E06  2068 0001:000B9E14  2069 0001:000B9E33  2070 0001:000B9E55
  2071 0001:000B9E77  2072 0001:000B9E99  2073 0001:000B9EBB  2075 0001:000B9EDB
  2077 0001:000B9EE8  2064 0001:000B9EEB  2079 0001:000B9F01  2081 0001:000B9F11
  2082 0001:000B9F19  2083 0001:000B9F23  2084 0001:000B9F30  2085 0001:000B9F3C
  2086 0001:000B9F46  2090 0001:000B9F50  2092 0001:000B9F5B  2093 0001:000B9F60
  2094 0001:000B9F6E  2096 0001:000B9F95  2097 0001:000B9F9A  2099 0001:000B9FA4
  2100 0001:000B9FAA  2103 0001:000B9FC2  2105 0001:000B9FE6  2107 0001:000BA020
  2108 0001:000BA034  2110 0001:000BA036  2103 0001:000BA039  2112 0001:000BA03E
  2117 0001:000BA048  2118 0001:000BA050  2119 0001:000BA060  2122 0001:000BA094
  2263 0001:000BA234  2264 0001:000BA259  2265 0001:000BA267  2267 0001:000BA283
  2268 0001:000BA2A1  2269 0001:000BA2A6  2271 0001:000BA2E9  2274 0001:000BA2F5
  2275 0001:000BA334  2279 0001:000BA349  2281 0001:000BA361  2283 0001:000BA373
  2284 0001:000BA387  2285 0001:000BA396  2286 0001:000BA3A3  2289 0001:000BA3DC
  2291 0001:000BA3EE  2292 0001:000BA402  2293 0001:000BA411  2294 0001:000BA41E
  2296 0001:000BA457  2279 0001:000BA458  2297 0001:000BA461  2265 0001:000BA464
  2298 0001:000BA46D  2299 0001:000BA479  2301 0001:000BA48D  2303 0001:000BA4C7
  2309 0001:000BA540  2310 0001:000BA55F  2313 0001:000BA568  2314 0001:000BA576
  2315 0001:000BA584  2316 0001:000BA59A  2318 0001:000BA5AD  2319 0001:000BA5B5
  2321 0001:000BA5CB  2322 0001:000BA5D7  2324 0001:000BA5DE  2311 0001:000BA5F4
  2328 0001:000BA5FE  2329 0001:000BA623  2335 0001:000BA654  2336 0001:000BA679
  2338 0001:000BA68E  2340 0001:000BA6AD  2341 0001:000BA6FE  2344 0001:000BA714
  2346 0001:000BA72E  2347 0001:000BA734  2349 0001:000BA7AD  2350 0001:000BA7CD
  2355 0001:000BA7D9  2357 0001:000BA7F3  2359 0001:000BA7FD  2360 0001:000BA80B
  2361 0001:000BA81C  2364 0001:000BA895  2365 0001:000BA8B5  2368 0001:000BA8C1
  2371 0001:000BA8D4  2373 0001:000BA8EE  2375 0001:000BA8F4  2378 0001:000BA96D
  2379 0001:000BA98D  2384 0001:000BA999  2386 0001:000BA9B3  2388 0001:000BA9BD
  2389 0001:000BA9CB  2390 0001:000BA9D9  2393 0001:000BAA52  2394 0001:000BAA72
  2400 0001:000BAA7B  2401 0001:000BAA9B  2404 0001:000BAAC4  2411 0001:000BABE0
  2412 0001:000BAC16  2414 0001:000BAC25  2415 0001:000BAC2D  2418 0001:000BAC32
  2419 0001:000BAC52  2420 0001:000BAC72  2421 0001:000BAC92  2422 0001:000BACB3
  2423 0001:000BACD4  2425 0001:000BACF2  2426 0001:000BAD3B  2433 0001:000BAD54
  2434 0001:000BAD77  2435 0001:000BAD88  2436 0001:000BAD9C  2438 0001:000BADCD
  2440 0001:000BADDD  2441 0001:000BADF1  2442 0001:000BAE08  2443 0001:000BAE1C
  2444 0001:000BAE2A  2446 0001:000BAE46  2447 0001:000BAE55  2448 0001:000BAE63
  2449 0001:000BAE82  2450 0001:000BAEA4  2451 0001:000BAEC6  2452 0001:000BAEE9
  2453 0001:000BAF0B  2454 0001:000BAF2D  2455 0001:000BAF4F  2456 0001:000BAF71
  2457 0001:000BAF8B  2458 0001:000BAF9F  2460 0001:000BAFC5  2462 0001:000BAFD2
  2444 0001:000BAFD5  2464 0001:000BAFEB  2467 0001:000BAFFB  2468 0001:000BB00C
  2469 0001:000BB020  2470 0001:000BB053  2475 0001:000BB078  2476 0001:000BB080
  2478 0001:000BB08B  2479 0001:000BB099  2480 0001:000BB0A4  2476 0001:000BB0A5
  2481 0001:000BB0A8  2482 0001:000BB0AF  2487 0001:000BB0B4  2488 0001:000BB0BD
  2490 0001:000BB0CF  2492 0001:000BB0DC  2493 0001:000BB0EA  2495 0001:000BB0F5
  2488 0001:000BB0F6  2496 0001:000BB0FB  2497 0001:000BB102  2507 0001:000BB108
  2508 0001:000BB13E  2510 0001:000BB154  2511 0001:000BB163  2512 0001:000BB171
  2513 0001:000BB17F  2514 0001:000BB18D  2516 0001:000BB197  2518 0001:000BB1A2
  2519 0001:000BB1AF  2523 0001:000BB1BE  2524 0001:000BB1CB  2526 0001:000BB1D5
  2527 0001:000BB1DF  2528 0001:000BB1F1  2530 0001:000BB20E  2531 0001:000BB215
  2533 0001:000BB21A  2534 0001:000BB227  2536 0001:000BB234  2538 0001:000BB245
  2539 0001:000BB256  2542 0001:000BB267  2543 0001:000BB274  2545 0001:000BB281
  2547 0001:000BB284  2548 0001:000BB2A0  2550 0001:000BB2CB  2551 0001:000BB309
  2553 0001:000BB347  2554 0001:000BB354  2556 0001:000BB361  2558 0001:000BB364
  2559 0001:000BB392  2562 0001:000BB3D0  2563 0001:000BB3EB  2564 0001:000BB3F1
  2566 0001:000BB412  2568 0001:000BB451  2574 0001:000BB488  2575 0001:000BB4AF
  2576 0001:000BB4B9  2578 0001:000BB4C8  2579 0001:000BB4D7  2581 0001:000BB4E6
  2583 0001:000BB4F7  2584 0001:000BB503  2586 0001:000BB505  2587 0001:000BB513
  2579 0001:000BB514  2588 0001:000BB535  2594 0001:000BB54C  2595 0001:000BB55C
  2596 0001:000BB55F  2598 0001:000BB565  2599 0001:000BB56A  2600 0001:000BB570
  2603 0001:000BB573  2604 0001:000BB582  2605 0001:000BB590  2606 0001:000BB59A
  2607 0001:000BB5A8  2608 0001:000BB5AD  2609 0001:000BB5B9  2611 0001:000BB5D7
  2613 0001:000BB5E7  2618 0001:000BB5F0  2619 0001:000BB5FE  2620 0001:000BB615
  2621 0001:000BB626  2622 0001:000BB63B  2620 0001:000BB651  2622 0001:000BB654
  2619 0001:000BB657  2623 0001:000BB65C  2626 0001:000BB664  2627 0001:000BB66A
  2628 0001:000BB67C  2629 0001:000BB683  2632 0001:000BB688  2633 0001:000BB68F
  2635 0001:000BB6A0  2636 0001:000BB6CF  2637 0001:000BB6D6  2640 0001:000BB6DC
  2641 0001:000BB6E3  2643 0001:000BB6F4  2644 0001:000BB71F  2645 0001:000BB72D
  2648 0001:000BB734  2649 0001:000BB737  2650 0001:000BB73C  2653 0001:000BB740
  2654 0001:000BB747  2656 0001:000BB758  2657 0001:000BB78A  2658 0001:000BB798
  2663 0001:000BB79C  2664 0001:000BB7A3  2666 0001:000BB7B4  2667 0001:000BB7C1
  2668 0001:000BB7CE  2670 0001:000BB7DB  2671 0001:000BB7E8  2672 0001:000BB7F5
  2673 0001:000BB802  2675 0001:000BB807  2677 0001:000BB826  2678 0001:000BB840
  2679 0001:000BB85A  2681 0001:000BB874  2682 0001:000BB88E  2683 0001:000BB8A8
  2684 0001:000BB8C2  2690 0001:000BB8D0  2691 0001:000BB8D9  2692 0001:000BB8F7
  2693 0001:000BB8FC  2694 0001:000BB90C  2700 0001:000BB914  2701 0001:000BB91D
  2703 0001:000BB922  2704 0001:000BB940  2705 0001:000BB945  2707 0001:000BB955
  2710 0001:000BB95C  2711 0001:000BB95F  2712 0001:000BB96D  2715 0001:000BB970
  2716 0001:000BB973  2717 0001:000BB97A  2720 0001:000BB97C  2721 0001:000BB97F
  2722 0001:000BB98B  2724 0001:000BB998  2726 0001:000BB9A3  2727 0001:000BB9A8
  2734 0001:000BB9AC  2735 0001:000BB9D0  2736 0001:000BB9DE  2738 0001:000BBA00
  2741 0001:000BBA68  2742 0001:000BBA79  2743 0001:000BBA87  2744 0001:000BBAAC
  2745 0001:000BBAD1  2746 0001:000BBAE7  2748 0001:000BBB07  2751 0001:000BBB14
  2736 0001:000BBB17  2753 0001:000BBB20  2755 0001:000BBB32  2756 0001:000BBB43
  2757 0001:000BBB51  2758 0001:000BBB5E  2759 0001:000BBB68  2761 0001:000BBB88
  2765 0001:000BBB95  2766 0001:000BBBA3  2768 0001:000BBBCB  2770 0001:000BBBEA
  2771 0001:000BBC03  2773 0001:000BBC09  2774 0001:000BBC1A  2775 0001:000BBC28
  2776 0001:000BBC33  2777 0001:000BBC3C  2778 0001:000BBC52  2780 0001:000BBC72
  2784 0001:000BBC7F  2766 0001:000BBC82  2787 0001:000BBCAD  2794 0001:000BBCD4
  2795 0001:000BBCEE  2797 0001:000BBD04  2798 0001:000BBD28  2799 0001:000BBD36
  2801 0001:000BBD5B  2805 0001:000BBD95  2811 0001:000BBDFC  2812 0001:000BBE17
  2813 0001:000BBE2C  2814 0001:000BBE51  2815 0001:000BBE70  2816 0001:000BBE76
  2817 0001:000BBE84  2819 0001:000BBE9A  2822 0001:000BBEF5  2827 0001:000BBF64
  2828 0001:000BBF7F  2829 0001:000BBF94  2830 0001:000BBFB9  2831 0001:000BBFD8
  2832 0001:000BBFDE  2834 0001:000BC01E  2837 0001:000BC06C  2843 0001:000BC0B8
  2844 0001:000BC0D4  2845 0001:000BC0E9  2847 0001:000BC10E  2848 0001:000BC14A
  2849 0001:000BC158  2850 0001:000BC17A  2851 0001:000BC18C  2850 0001:000BC1AE
  2853 0001:000BC1BE  2855 0001:000BC1F0  2861 0001:000BC214  2862 0001:000BC234
  2864 0001:000BC24C  2866 0001:000BC25D  2867 0001:000BC273  2869 0001:000BC2BD
  2862 0001:000BC2BE  2871 0001:000BC2C1  2872 0001:000BC305  2873 0001:000BC330
  2880 0001:000BC360  2881 0001:000BC37D  2883 0001:000BC39E  2884 0001:000BC3B3
  2886 0001:000BC3B8  2887 0001:000BC3D8  2889 0001:000BC3F0  2891 0001:000BC401
  2892 0001:000BC417  2894 0001:000BC461  2887 0001:000BC462  2895 0001:000BC487
  2902 0001:000BC4F8  2903 0001:000BC51D  2904 0001:000BC531  2905 0001:000BC552
  2907 0001:000BC56F  2908 0001:000BC575  2910 0001:000BC57B  2911 0001:000BC58F
  2912 0001:000BC5A6  2913 0001:000BC5BE  2914 0001:000BC5D6  2915 0001:000BC5EE
  2917 0001:000BC606  2918 0001:000BC615  2919 0001:000BC61F  2920 0001:000BC627
  2922 0001:000BC640  2923 0001:000BC654  2924 0001:000BC662  2926 0001:000BC67E
  2927 0001:000BC68D  2928 0001:000BC69B  2929 0001:000BC6BA  2930 0001:000BC6C4
  2931 0001:000BC6E6  2932 0001:000BC700  2933 0001:000BC70B  2935 0001:000BC732
  2937 0001:000BC73F  2924 0001:000BC742  2939 0001:000BC758  2942 0001:000BC768
  2943 0001:000BC76E  2945 0001:000BC784  2946 0001:000BC797  2948 0001:000BC7AB
  2949 0001:000BC7B3  2950 0001:000BC7DF  2956 0001:000BC884  2957 0001:000BC8B2
  2958 0001:000BC8C1  2959 0001:000BC8CF  2960 0001:000BC8DD  2961 0001:000BC8EB
  2963 0001:000BC8F5  2965 0001:000BC8FB  2966 0001:000BC908  2970 0001:000BC917
  2971 0001:000BC924  2973 0001:000BC92E  2974 0001:000BC938  2975 0001:000BC94A
  2977 0001:000BC967  2979 0001:000BC97F  2981 0001:000BC999  2982 0001:000BC9A3
  2983 0001:000BC9B7  2987 0001:000BC9D3  2988 0001:000BC9DA  2990 0001:000BC9E1
  2991 0001:000BC9EF  2994 0001:000BCA42  2995 0001:000BCA5D  2996 0001:000BCA63
  2998 0001:000BCA84  3000 0001:000BCAB6  3005 0001:000BCAC4  3006 0001:000BCACB
  3007 0001:000BCADC  3008 0001:000BCAFB  3009 0001:000BCB08  3010 0001:000BCB1D
  3011 0001:000BCB32  3012 0001:000BCB41  3015 0001:000BCB48  3016 0001:000BCB4E
  3019 0001:000BCB5A  3020 0001:000BCB6B  3021 0001:000BCB79  3024 0001:000BCB8A
  3027 0001:000BCB90  3028 0001:000BCB97  3030 0001:000BCB9D  3031 0001:000BCBB6
  3032 0001:000BCBCF  3035 0001:000BCBFE  3036 0001:000BCC10  3037 0001:000BCC2B
  3039 0001:000BCC44  3040 0001:000BCC52  3041 0001:000BCC64  3047 0001:000BCC68
  3069 0001:000BCC6B  3072 0001:000BCC70  3073 0001:000BCC76  3074 0001:000BCC7D
  3075 0001:000BCC84  3081 0001:000BCC88  3082 0001:000BCD21  3083 0001:000BCD26
  3084 0001:000BCD2B  3085 0001:000BCD30  3086 0001:000BCD35  3087 0001:000BCD3A
  3088 0001:000BCD3F  3089 0001:000BCD44  3090 0001:000BCD49  3091 0001:000BCD4E
  3092 0001:000BCD53  3093 0001:000BCD58  3094 0001:000BCD5D  3095 0001:000BCD62
  3096 0001:000BCD67  3097 0001:000BCD6C  3099 0001:000BCD70  3104 0001:000BCD74
  3105 0001:000BCD93  3106 0001:000BCDA1  3108 0001:000BCDAD  3109 0001:000BCDC1
  3110 0001:000BCDCF  3112 0001:000BCDE9  3115 0001:000BCE1C  3125 0001:000BCE20
  3126 0001:000BCE4E  3127 0001:000BCE52  3128 0001:000BCE6F  3129 0001:000BCE7B
  3131 0001:000BCE83  3132 0001:000BCEBE  3134 0001:000BCED8  3136 0001:000BCEF5
  3138 0001:000BCF1B  3139 0001:000BCF2F  3140 0001:000BCF3D  3142 0001:000BCF4D
  3143 0001:000BCF64  3144 0001:000BCF72  3145 0001:000BCF82  3146 0001:000BCF87
  3148 0001:000BCF9C  3149 0001:000BCFBD  3150 0001:000BCFC0  3146 0001:000BCFD0
  3153 0001:000BCFE0  3157 0001:000BCFFD  3160 0001:000BD05C  3184 0001:000BD0C4
  3185 0001:000BD0E2  3186 0001:000BD0F3  3187 0001:000BD105  3189 0001:000BD11A
  3190 0001:000BD134  3192 0001:000BD160  3193 0001:000BD173  3195 0001:000BD181
  3197 0001:000BD19F  3198 0001:000BD1C4  3202 0001:000BD1D3  3203 0001:000BD1F8
  3206 0001:000BD205  3208 0001:000BD209  3209 0001:000BD244  3212 0001:000BD261
  3213 0001:000BD266  3215 0001:000BD298  3220 0001:000BD2E4  3221 0001:000BD2FC
  3222 0001:000BD310  3224 0001:000BD31C  3225 0001:000BD33A  3227 0001:000BD356
  3228 0001:000BD394  3231 0001:000BD3B0  3232 0001:000BD3B3  3233 0001:000BD3B8
  3236 0001:000BD3BC  3237 0001:000BD3BF  3238 0001:000BD3C4  3241 0001:000BD3C8
  3242 0001:000BD3CB  3243 0001:000BD3D4  3245 0001:000BD3E1  3246 0001:000BD3E6
  3249 0001:000BD3E8  3251 0001:000BD3F0  3250 0001:000BD3F7  3252 0001:000BD406
  3253 0001:000BD413  3258 0001:000BD418  3259 0001:000BD420  3260 0001:000BD422
  3262 0001:000BD42B  3263 0001:000BD446  3264 0001:000BD44F  3265 0001:000BD451
  3266 0001:000BD45E  3267 0001:000BD46B  3268 0001:000BD483  3271 0001:000BD490
  3272 0001:000BD49E  3273 0001:000BD4AC  3274 0001:000BD4BC  3275 0001:000BD4C9
  3276 0001:000BD4D6  3277 0001:000BD4E3  3278 0001:000BD4F0  3279 0001:000BD515
  3280 0001:000BD536  3282 0001:000BD53D  3283 0001:000BD554  3286 0001:000BD55C
  3287 0001:000BD591  3289 0001:000BD598  3290 0001:000BD5AE  3291 0001:000BD5B7
  3292 0001:000BD5ED  3293 0001:000BD603  3294 0001:000BD613  3296 0001:000BD623
  3297 0001:000BD633  3299 0001:000BD643  3300 0001:000BD65D  3301 0001:000BD679
  3302 0001:000BD6E6  3303 0001:000BD6F7  3304 0001:000BD713  3306 0001:000BD71A
  3307 0001:000BD720  3309 0001:000BD73C  3310 0001:000BD740  3312 0001:000BD76F
  3313 0001:000BD7F0  3316 0001:000BD7FC  3317 0001:000BD813  3318 0001:000BD81D
  3319 0001:000BD852  3324 0001:000BD858  3325 0001:000BD873  3327 0001:000BD881
  3328 0001:000BD89B  3329 0001:000BD8A7  3330 0001:000BD8C3  3332 0001:000BD8C8
  3333 0001:000BD8D4  3334 0001:000BD8FB  3330 0001:000BD902  3336 0001:000BD905
  3337 0001:000BD916  3338 0001:000BD921  3339 0001:000BD929  3340 0001:000BD931
  3341 0001:000BD93A  3342 0001:000BD944  3344 0001:000BD97A  3348 0001:000BD980
  3349 0001:000BD987  3351 0001:000BD990  3352 0001:000BD9A2  3354 0001:000BD9B2
  3357 0001:000BD9B8  3358 0001:000BD9BB  3359 0001:000BD9C5  3360 0001:000BD9CC
  3363 0001:000BD9D0  3364 0001:000BD9D3  3365 0001:000BD9DD  3366 0001:000BD9E4
  3369 0001:000BD9E8  3370 0001:000BD9FE  3371 0001:000BDA1C  3372 0001:000BDA25
  3373 0001:000BDA2F  3374 0001:000BDA37  3375 0001:000BDA3F  3376 0001:000BDA48
  3377 0001:000BDA5E  3378 0001:000BDA91  3382 0001:000BDA98  3383 0001:000BDAB5
  3384 0001:000BDAC7  3385 0001:000BDAD9  3386 0001:000BDAE2  3387 0001:000BDB10
  3388 0001:000BDB4D  3389 0001:000BDB74  3390 0001:000BDBA9  3393 0001:000BDBB0
  3394 0001:000BDBB3  3395 0001:000BDBBA  3398 0001:000BDBBC  3399 0001:000BDBC2
  3400 0001:000BDBDB  3401 0001:000BDBF4  3402 0001:000BDC0D  3403 0001:000BDC26
  3409 0001:000BDC78  3410 0001:000BDC9D  3411 0001:000BDCAB  3413 0001:000BDCBB
  3415 0001:000BDCD2  3417 0001:000BDCF8  3418 0001:000BDD0B  3419 0001:000BDD1E
  3420 0001:000BDD29  3421 0001:000BDD33  3422 0001:000BDD50  3424 0001:000BDD7B
  3425 0001:000BDD89  3429 0001:000BDDAF  3431 0001:000BDDD5  3432 0001:000BDDE8
  3433 0001:000BDE0D  3434 0001:000BDE17  3436 0001:000BDE6D  3437 0001:000BDE7B
  3440 0001:000BDE86  3413 0001:000BDE87  3443 0001:000BDE9D  3445 0001:000BDEE9
  3448 0001:000BDF50  3449 0001:000BDF5A  3450 0001:000BDF68  3451 0001:000BDF71
  3452 0001:000BDF7C  3453 0001:000BDF82  3455 0001:000BDF9F  3456 0001:000BDFA4
  3462 0001:000BDFAC  3463 0001:000BDFD3  3464 0001:000BDFE1  3466 0001:000BDFF1
  3468 0001:000BE00D  3471 0001:000BE071  3472 0001:000BE080  3473 0001:000BE08E
  3474 0001:000BE0B0  3475 0001:000BE0D2  3476 0001:000BE0F4  3477 0001:000BE116
  3478 0001:000BE138  3480 0001:000BE15B  3485 0001:000BE16D  3487 0001:000BE185
  3488 0001:000BE198  3490 0001:000BE1C0  3491 0001:000BE1E2  3492 0001:000BE204
  3493 0001:000BE226  3494 0001:000BE248  3495 0001:000BE26A  3497 0001:000BE26F
  3485 0001:000BE270  3501 0001:000BE27C  3503 0001:000BE294  3504 0001:000BE2A7
  3506 0001:000BE2CB  3507 0001:000BE2DB  3509 0001:000BE2E0  3501 0001:000BE2E1
  3514 0001:000BE2E9  3515 0001:000BE2F9  3520 0001:000BE345  3525 0001:000BE355
  3526 0001:000BE38D  3527 0001:000BE3D0  3530 0001:000BE3DA  3466 0001:000BE3DD
  3531 0001:000BE3E6  3534 0001:000BE3FB  3536 0001:000BE42D  3539 0001:000BE434
  3540 0001:000BE437  3541 0001:000BE446  3543 0001:000BE457  3544 0001:000BE466
  3547 0001:000BE4A0  3548 0001:000BE4A3  3549 0001:000BE4AB  3552 0001:000BE4B0
  3553 0001:000BE4B6  3554 0001:000BE4C4  3555 0001:000BE4CA  3557 0001:000BE4D1
  3559 0001:000BE4E8  3560 0001:000BE4ED  3563 0001:000BE4F4  3564 0001:000BE4F7
  3565 0001:000BE4FC  3568 0001:000BE500  3569 0001:000BE504  3570 0001:000BE523
  3573 0001:000BE528  3574 0001:000BE52B  3575 0001:000BE530  3577 0001:000BE578
  3577 0001:000BE57F

Line numbers for lan_control(D:\work\wisehouse\server\lan_control\win\lan_control.dpr) segment .text

    27 0001:000BE580    28 0001:000BE583    29 0001:000BE596    30 0001:000BE5AB
    32 0001:000BEAD0    33 0001:000BEAE7    34 0001:000BEAEE    36 0001:000BEAF7
    38 0001:000BEB04    40 0001:000BEB0E    41 0001:000BEB15    42 0001:000BEB28
    43 0001:000BEB3B    44 0001:000BEB4E    45 0001:000BEB61    46 0001:000BEB74
    47 0001:000BEB87    49 0001:000BEB8E    50 0001:000BEB99

Bound resource files

c:\program files (x86)\borland\delphi7\Lib\Controls.res
c:\program files (x86)\borland\delphi7\Lib\Buttons.res
c:\program files (x86)\borland\delphi7\Lib\ExtDlgs.res
c:\program files (x86)\borland\delphi7\Lib\FileCtrl.res
PropertysForm_Unit.dfm
RegForm_Unit.dfm
SchedDialog_Unit.dfm
MediaInfoDialog_Unit.dfm
AlertForm_Unit.dfm
Mp3Player_Unit.dfm
CamPlayer_Unit.dfm
CamDisplay_Unit.dfm
CamAlertDiaplay_Unit.dfm
MainForm_Unit.dfm
lan_control.res
lan_control.drf


Program entry point at 0001:000BEAD0
